Component: ARM Compiler 5.06 update 7 (build 960) Tool: armlink [4d3601]

==============================================================================

Section Cross References

    startup_stm32f427xx.o(RESET) refers to startup_stm32f427xx.o(STACK) for __initial_sp
    startup_stm32f427xx.o(RESET) refers to startup_stm32f427xx.o(.text) for Reset_Handler
    startup_stm32f427xx.o(RESET) refers to stm32f4xx_it.o(i.NMI_Handler) for NMI_Handler
    startup_stm32f427xx.o(RESET) refers to stm32f4xx_it.o(i.HardFault_Handler) for HardFault_Handler
    startup_stm32f427xx.o(RESET) refers to stm32f4xx_it.o(i.MemManage_Handler) for MemManage_Handler
    startup_stm32f427xx.o(RESET) refers to stm32f4xx_it.o(i.BusFault_Handler) for BusFault_Handler
    startup_stm32f427xx.o(RESET) refers to stm32f4xx_it.o(i.UsageFault_Handler) for UsageFault_Handler
    startup_stm32f427xx.o(RESET) refers to port.o(.emb_text) for SVC_Handler
    startup_stm32f427xx.o(RESET) refers to stm32f4xx_it.o(i.DebugMon_Handler) for DebugMon_Handler
    startup_stm32f427xx.o(RESET) refers to freertos_middleware.o(i.SysTick_Handler) for SysTick_Handler
    startup_stm32f427xx.o(RESET) refers to can_receive.o(i.CAN1_RX0_IRQHandler) for CAN1_RX0_IRQHandler
    startup_stm32f427xx.o(RESET) refers to ins_task.o(i.EXTI9_5_IRQHandler) for EXTI9_5_IRQHandler
    startup_stm32f427xx.o(RESET) refers to freertos_middleware.o(i.TIM3_IRQHandler) for TIM3_IRQHandler
    startup_stm32f427xx.o(RESET) refers to rc_dt7.o(i.USART1_IRQHandler) for USART1_IRQHandler
    startup_stm32f427xx.o(RESET) refers to can_receive.o(i.TIM6_DAC_IRQHandler) for TIM6_DAC_IRQHandler
    startup_stm32f427xx.o(RESET) refers to can_receive.o(i.CAN2_RX0_IRQHandler) for CAN2_RX0_IRQHandler
    startup_stm32f427xx.o(RESET) refers to ins_task.o(i.DMA2_Stream5_IRQHandler) for DMA2_Stream5_IRQHandler
    startup_stm32f427xx.o(RESET) refers to usart.o(i.UART7_IRQHandler) for UART7_IRQHandler
    startup_stm32f427xx.o(RESET) refers to usart.o(i.UART8_IRQHandler) for UART8_IRQHandler
    startup_stm32f427xx.o(.text) refers to system_stm32f4xx.o(i.SystemInit) for SystemInit
    startup_stm32f427xx.o(.text) refers to entry.o(.ARM.Collect$$$$00000000) for __main
    system_stm32f4xx.o(i.SystemCoreClockUpdate) refers to system_stm32f4xx.o(.data) for SystemCoreClock
    system_stm32f4xx.o(i.SystemInit) refers to system_stm32f4xx.o(i.SetSysClock) for SetSysClock
    stm32f4xx_adc.o(i.ADC_DeInit) refers to stm32f4xx_rcc.o(i.RCC_APB2PeriphResetCmd) for RCC_APB2PeriphResetCmd
    stm32f4xx_can.o(i.CAN_DeInit) refers to stm32f4xx_rcc.o(i.RCC_APB1PeriphResetCmd) for RCC_APB1PeriphResetCmd
    stm32f4xx_can.o(i.CAN_GetITStatus) refers to stm32f4xx_can.o(i.CheckITStatus) for CheckITStatus
    stm32f4xx_cryp.o(i.CRYP_DeInit) refers to stm32f4xx_rcc.o(i.RCC_AHB2PeriphResetCmd) for RCC_AHB2PeriphResetCmd
    stm32f4xx_cryp_aes.o(i.CRYP_AES_CBC) refers to stm32f4xx_cryp.o(i.CRYP_KeyStructInit) for CRYP_KeyStructInit
    stm32f4xx_cryp_aes.o(i.CRYP_AES_CBC) refers to stm32f4xx_cryp.o(i.CRYP_FIFOFlush) for CRYP_FIFOFlush
    stm32f4xx_cryp_aes.o(i.CRYP_AES_CBC) refers to stm32f4xx_cryp.o(i.CRYP_Init) for CRYP_Init
    stm32f4xx_cryp_aes.o(i.CRYP_AES_CBC) refers to stm32f4xx_cryp.o(i.CRYP_KeyInit) for CRYP_KeyInit
    stm32f4xx_cryp_aes.o(i.CRYP_AES_CBC) refers to stm32f4xx_cryp.o(i.CRYP_Cmd) for CRYP_Cmd
    stm32f4xx_cryp_aes.o(i.CRYP_AES_CBC) refers to stm32f4xx_cryp.o(i.CRYP_GetFlagStatus) for CRYP_GetFlagStatus
    stm32f4xx_cryp_aes.o(i.CRYP_AES_CBC) refers to stm32f4xx_cryp.o(i.CRYP_IVInit) for CRYP_IVInit
    stm32f4xx_cryp_aes.o(i.CRYP_AES_CBC) refers to stm32f4xx_cryp.o(i.CRYP_GetCmdStatus) for CRYP_GetCmdStatus
    stm32f4xx_cryp_aes.o(i.CRYP_AES_CBC) refers to stm32f4xx_cryp.o(i.CRYP_DataIn) for CRYP_DataIn
    stm32f4xx_cryp_aes.o(i.CRYP_AES_CBC) refers to stm32f4xx_cryp.o(i.CRYP_DataOut) for CRYP_DataOut
    stm32f4xx_cryp_aes.o(i.CRYP_AES_CCM) refers to stm32f4xx_cryp.o(i.CRYP_KeyStructInit) for CRYP_KeyStructInit
    stm32f4xx_cryp_aes.o(i.CRYP_AES_CCM) refers to stm32f4xx_cryp.o(i.CRYP_FIFOFlush) for CRYP_FIFOFlush
    stm32f4xx_cryp_aes.o(i.CRYP_AES_CCM) refers to stm32f4xx_cryp.o(i.CRYP_KeyInit) for CRYP_KeyInit
    stm32f4xx_cryp_aes.o(i.CRYP_AES_CCM) refers to stm32f4xx_cryp.o(i.CRYP_IVInit) for CRYP_IVInit
    stm32f4xx_cryp_aes.o(i.CRYP_AES_CCM) refers to stm32f4xx_cryp.o(i.CRYP_Init) for CRYP_Init
    stm32f4xx_cryp_aes.o(i.CRYP_AES_CCM) refers to stm32f4xx_cryp.o(i.CRYP_PhaseConfig) for CRYP_PhaseConfig
    stm32f4xx_cryp_aes.o(i.CRYP_AES_CCM) refers to stm32f4xx_cryp.o(i.CRYP_DataIn) for CRYP_DataIn
    stm32f4xx_cryp_aes.o(i.CRYP_AES_CCM) refers to stm32f4xx_cryp.o(i.CRYP_Cmd) for CRYP_Cmd
    stm32f4xx_cryp_aes.o(i.CRYP_AES_CCM) refers to stm32f4xx_cryp.o(i.CRYP_GetCmdStatus) for CRYP_GetCmdStatus
    stm32f4xx_cryp_aes.o(i.CRYP_AES_CCM) refers to stm32f4xx_cryp.o(i.CRYP_GetFlagStatus) for CRYP_GetFlagStatus
[...]
    CAN_ITConfig                             0x08001779   Thumb Code    18  stm32f4xx_can.o(i.CAN_ITConfig)
    CAN_Init                                 0x0800178b   Thumb Code   276  stm32f4xx_can.o(i.CAN_Init)
    CAN_Receive                              0x0800189f   Thumb Code   240  stm32f4xx_can.o(i.CAN_Receive)
    CAN_Transmit                             0x0800198f   Thumb Code   294  stm32f4xx_can.o(i.CAN_Transmit)
    DMA2_Stream5_IRQHandler                  0x08002371   Thumb Code    66  ins_task.o(i.DMA2_Stream5_IRQHandler)
    DMA_ClearFlag                            0x080023c9   Thumb Code    38  stm32f4xx_dma.o(i.DMA_ClearFlag)
    DMA_Cmd                                  0x080023fd   Thumb Code    22  stm32f4xx_dma.o(i.DMA_Cmd)
    DMA_DeInit                               0x08002415   Thumb Code   324  stm32f4xx_dma.o(i.DMA_DeInit)
    DMA_DoubleBufferModeCmd                  0x0800256d   Thumb Code    22  stm32f4xx_dma.o(i.DMA_DoubleBufferModeCmd)
    DMA_DoubleBufferModeConfig               0x08002583   Thumb Code    24  stm32f4xx_dma.o(i.DMA_DoubleBufferModeConfig)
    DMA_GetCmdStatus                         0x0800259b   Thumb Code    20  stm32f4xx_dma.o(i.DMA_GetCmdStatus)
    DMA_GetCurrDataCounter                   0x080025af   Thumb Code     8  stm32f4xx_dma.o(i.DMA_GetCurrDataCounter)
    DMA_GetCurrentMemoryTarget               0x080025b7   Thumb Code    20  stm32f4xx_dma.o(i.DMA_GetCurrentMemoryTarget)
    DMA_GetFlagStatus                        0x080025cd   Thumb Code    54  stm32f4xx_dma.o(i.DMA_GetFlagStatus)
    DMA_ITConfig                             0x08002611   Thumb Code    58  stm32f4xx_dma.o(i.DMA_ITConfig)
    DMA_Init                                 0x0800264d   Thumb Code    82  stm32f4xx_dma.o(i.DMA_Init)
    DMA_SetCurrDataCounter                   0x080026a5   Thumb Code     4  stm32f4xx_dma.o(i.DMA_SetCurrDataCounter)
    DebugMon_Handler                         0x080026a9   Thumb Code     2  stm32f4xx_it.o(i.DebugMon_Handler)
    DetectHook                               0x080026ad   Thumb Code   288  detect_task.o(i.DetectHook)
    EXTI9_5_IRQHandler                       0x080027d1   Thumb Code    32  ins_task.o(i.EXTI9_5_IRQHandler)
    EXTI_ClearITPendingBit                   0x080027f1   Thumb Code     6  stm32f4xx_exti.o(i.EXTI_ClearITPendingBit)
    EXTI_GetITStatus                         0x080027fd   Thumb Code    20  stm32f4xx_exti.o(i.EXTI_GetITStatus)
    EXTI_Init                                0x08002815   Thumb Code   142  stm32f4xx_exti.o(i.EXTI_Init)
    FLASH_ClearFlag                          0x080028a9   Thumb Code     6  stm32f4xx_flash.o(i.FLASH_ClearFlag)
    FLASH_EraseSector                        0x080028b5   Thumb Code   130  stm32f4xx_flash.o(i.FLASH_EraseSector)
    FLASH_GetStatus                          0x0800293d   Thumb Code    80  stm32f4xx_flash.o(i.FLASH_GetStatus)
    FLASH_Lock                               0x08002991   Thumb Code    14  stm32f4xx_flash.o(i.FLASH_Lock)
    FLASH_ProgramWord                        0x080029a5   Thumb Code    74  stm32f4xx_flash.o(i.FLASH_ProgramWord)
    FLASH_Unlock                             0x080029f5   Thumb Code    24  stm32f4xx_flash.o(i.FLASH_Unlock)
    FLASH_WaitForLastOperation               0x08002a19   Thumb Code    34  stm32f4xx_flash.o(i.FLASH_WaitForLastOperation)
    GIMBAL_task                              0x08002a3d   Thumb Code    90  gimbal_task.o(i.GIMBAL_task)
    GPIOB_Exti8_GPIO_Init                    0x08002a9d   Thumb Code   130  exit_init.o(i.GPIOB_Exti8_GPIO_Init)
    GPIO_Init                                0x08002b25   Thumb Code   144  stm32f4xx_gpio.o(i.GPIO_Init)
    GPIO_PinAFConfig                         0x08002bb5   Thumb Code    70  stm32f4xx_gpio.o(i.GPIO_PinAFConfig)
    GPIO_ResetBits                           0x08002bfb   Thumb Code     4  stm32f4xx_gpio.o(i.GPIO_ResetBits)
    GPIO_SetBits                             0x08002bff   Thumb Code     4  stm32f4xx_gpio.o(i.GPIO_SetBits)
    Get_CRC16_Check_Sum                      0x08002dd5   Thumb Code    46  crc.o(i.Get_CRC16_Check_Sum)
    Get_CRC8_Check_Sum                       0x08002e09   Thumb Code    32  crc.o(i.Get_CRC8_Check_Sum)
    HardFault_Handler                        0x08003b59   Thumb Code     4  stm32f4xx_it.o(i.HardFault_Handler)
    INSTask                                  0x08003d49   Thumb Code   700  ins_task.o(i.INSTask)
    INS_cali_gyro                            0x080040e9   Thumb Code    96  ins_task.o(i.INS_cali_gyro)
    INS_set_cali_gyro                        0x0800415d   Thumb Code    28  ins_task.o(i.INS_set_cali_gyro)
    Judge_Read_Data                          0x0800417d   Thumb Code   258  judge_system.o(i.Judge_Read_Data)
    Judge_Usart_DMA_Init                     0x08004289   Thumb Code   106  usart.o(i.Judge_Usart_DMA_Init)
    Judge_Usart_Init                         0x08004301   Thumb Code   192  usart.o(i.Judge_Usart_Init)
    MemManage_Handler                        0x080043c9   Thumb Code     4  stm32f4xx_it.o(i.MemManage_Handler)
    NMI_Handler                              0x080043cd   Thumb Code     2  stm32f4xx_it.o(i.NMI_Handler)
    NVIC_Init                                0x080043d1   Thumb Code   106  misc.o(i.NVIC_Init)
    NVIC_PriorityGroupConfig                 0x08004449   Thumb Code    10  misc.o(i.NVIC_PriorityGroupConfig)
    OLED_init                                0x0800445d   Thumb Code    60  led.o(i.OLED_init)
    PID_Calc                                 0x080044a1   Thumb Code   492  pid.o(i.PID_Calc)
    PID_Init                                 0x08004691   Thumb Code    92  pid.o(i.PID_Init)
    RCC_AHB1PeriphClockCmd                   0x080046f1   Thumb Code    26  stm32f4xx_rcc.o(i.RCC_AHB1PeriphClockCmd)
    RCC_APB1PeriphClockCmd                   0x08004711   Thumb Code    26  stm32f4xx_rcc.o(i.RCC_APB1PeriphClockCmd)
    RCC_APB1PeriphResetCmd                   0x08004731   Thumb Code    26  stm32f4xx_rcc.o(i.RCC_APB1PeriphResetCmd)
    RCC_APB2PeriphClockCmd                   0x08004751   Thumb Code    26  stm32f4xx_rcc.o(i.RCC_APB2PeriphClockCmd)
    RCC_APB2PeriphResetCmd                   0x08004771   Thumb Code    26  stm32f4xx_rcc.o(i.RCC_APB2PeriphResetCmd)
    RCC_GetClocksFreq                        0x08004791   Thumb Code   214  stm32f4xx_rcc.o(i.RCC_GetClocksFreq)
    RC_Init                                  0x08004879   Thumb Code   312  rc.o(i.RC_Init)
    RC_unable                                0x08004ca9   Thumb Code    12  rc.o(i.RC_unable)
    SPI5Init                                 0x08004d99   Thumb Code   182  spi.o(i.SPI5Init)
    SPI5SetSpeedAndDataSize                  0x08004e59   Thumb Code    42  spi.o(i.SPI5SetSpeedAndDataSize)
    SPI5_DMA_Enable                          0x08004e89   Thumb Code   104  spi.o(i.SPI5_DMA_Enable)
    SPI5_DMA_Init                            0x08004efd   Thumb Code   240  spi.o(i.SPI5_DMA_Init)
    SPI_Cmd                                  0x08004ff5   Thumb Code    24  stm32f4xx_spi.o(i.SPI_Cmd)
    SPI_I2S_DMACmd                           0x0800500d   Thumb Code    18  stm32f4xx_spi.o(i.SPI_I2S_DMACmd)
    SPI_I2S_GetFlagStatus                    0x0800501f   Thumb Code    18  stm32f4xx_spi.o(i.SPI_I2S_GetFlagStatus)
    SPI_I2S_ReceiveData                      0x08005031   Thumb Code     6  stm32f4xx_spi.o(i.SPI_I2S_ReceiveData)
    SPI_I2S_SendData                         0x08005037   Thumb Code     4  stm32f4xx_spi.o(i.SPI_I2S_SendData)
    SPI_Init                                 0x0800503b   Thumb Code    60  stm32f4xx_spi.o(i.SPI_Init)
    SYSCFG_EXTILineConfig                    0x08005079   Thumb Code    60  stm32f4xx_syscfg.o(i.SYSCFG_EXTILineConfig)
    SysTick_CLKSourceConfig                  0x080054fd   Thumb Code    40  misc.o(i.SysTick_CLKSourceConfig)
    SysTick_Handler                          0x08005525   Thumb Code    16  freertos_middleware.o(i.SysTick_Handler)
    SystemInit                               0x08005535   Thumb Code    88  system_stm32f4xx.o(i.SystemInit)
    TIM3_IRQHandler                          0x0800559d   Thumb Code    40  freertos_middleware.o(i.TIM3_IRQHandler)
    TIM3_Init                                0x080055cd   Thumb Code   210  timer.o(i.TIM3_Init)
    TIM6_DAC_IRQHandler                      0x080056a9   Thumb Code    30  can_receive.o(i.TIM6_DAC_IRQHandler)
    TIM6_Init                                0x080056cd   Thumb Code   116  timer.o(i.TIM6_Init)
    TIM_ARRPreloadConfig                     0x08005745   Thumb Code    24  stm32f4xx_tim.o(i.TIM_ARRPreloadConfig)
    TIM_ClearFlag                            0x0800575d   Thumb Code     6  stm32f4xx_tim.o(i.TIM_ClearFlag)
    TIM_Cmd                                  0x08005763   Thumb Code    24  stm32f4xx_tim.o(i.TIM_Cmd)
    TIM_CtrlPWMOutputs                       0x0800577b   Thumb Code    30  stm32f4xx_tim.o(i.TIM_CtrlPWMOutputs)
    TIM_DeInit                               0x08005799   Thumb Code   346  stm32f4xx_tim.o(i.TIM_DeInit)
    TIM_GetITStatus                          0x08005929   Thumb Code    34  stm32f4xx_tim.o(i.TIM_GetITStatus)
    TIM_ITConfig                             0x0800594b   Thumb Code    18  stm32f4xx_tim.o(i.TIM_ITConfig)
    TIM_OC1Init                              0x0800595d   Thumb Code   114  stm32f4xx_tim.o(i.TIM_OC1Init)
    TIM_OC1PreloadConfig                     0x080059d9   Thumb Code    18  stm32f4xx_tim.o(i.TIM_OC1PreloadConfig)
    TIM_OC2Init                              0x080059ed   Thumb Code   154  stm32f4xx_tim.o(i.TIM_OC2Init)
    TIM_OC2PreloadConfig                     0x08005a91   Thumb Code    26  stm32f4xx_tim.o(i.TIM_OC2PreloadConfig)
    TIM_OC4Init                              0x08005aad   Thumb Code   112  stm32f4xx_tim.o(i.TIM_OC4Init)
    TIM_OC4PreloadConfig                     0x08005b25   Thumb Code    26  stm32f4xx_tim.o(i.TIM_OC4PreloadConfig)
    TIM_SetCompare1                          0x08005b3f   Thumb Code     4  stm32f4xx_tim.o(i.TIM_SetCompare1)
    TIM_SetCompare2                          0x08005b43   Thumb Code     4  stm32f4xx_tim.o(i.TIM_SetCompare2)
    TIM_SetCompare4                          0x08005b47   Thumb Code     4  stm32f4xx_tim.o(i.TIM_SetCompare4)
    TIM_TimeBaseInit                         0x08005b4d   Thumb Code   104  stm32f4xx_tim.o(i.TIM_TimeBaseInit)
    UART7_IRQHandler                         0x08005bd1   Thumb Code    76  usart.o(i.UART7_IRQHandler)
    UART8_IRQHandler                         0x08005c2d   Thumb Code    76  usart.o(i.UART8_IRQHandler)
    USART1_IRQHandler                        0x08005c89   Thumb Code   216  rc_dt7.o(i.USART1_IRQHandler)
    USART_ClearFlag                          0x08005d79   Thumb Code    18  stm32f4xx_usart.o(i.USART_ClearFlag)
    USART_Cmd                                0x08005d8b   Thumb Code    24  stm32f4xx_usart.o(i.USART_Cmd)
    USART_DMACmd                             0x08005da3   Thumb Code    18  stm32f4xx_usart.o(i.USART_DMACmd)
    USART_DeInit                             0x08005db5   Thumb Code   206  stm32f4xx_usart.o(i.USART_DeInit)
    USART_GetFlagStatus                      0x08005ea5   Thumb Code    26  stm32f4xx_usart.o(i.USART_GetFlagStatus)
    USART_GetITStatus                        0x08005ebf   Thumb Code    84  stm32f4xx_usart.o(i.USART_GetITStatus)
    USART_ITConfig                           0x08005f13   Thumb Code    74  stm32f4xx_usart.o(i.USART_ITConfig)
    USART_Init                               0x08005f5d   Thumb Code   204  stm32f4xx_usart.o(i.USART_Init)
    USART_ReceiveData                        0x08006031   Thumb Code    10  stm32f4xx_usart.o(i.USART_ReceiveData)
    UsageFault_Handler                       0x0800603b   Thumb Code     4  stm32f4xx_it.o(i.UsageFault_Handler)
    UserTask                                 0x08006041   Thumb Code   202  user_task.o(i.UserTask)
    Verify_CRC16_Check_Sum                   0x08006135   Thumb Code    60  crc.o(i.Verify_CRC16_Check_Sum)
    Verify_CRC8_Check_Sum                    0x08006175   Thumb Code    48  crc.o(i.Verify_CRC8_Check_Sum)
    Vision_Init                              0x080061a5   Thumb Code    12  minipc.o(i.Vision_Init)
    Vision_Read_Data                         0x080061b5   Thumb Code   106  minipc.o(i.Vision_Read_Data)
    Vision_Usart_DMA_Init                    0x08006229   Thumb Code   106  usart.o(i.Vision_Usart_DMA_Init)
    Vision_Usart_Init                        0x080062a1   Thumb Code   194  usart.o(i.Vision_Usart_Init)
    __0printf                                0x0800636d   Thumb Code    22  printfa.o(i.__0printf)
    __1printf                                0x0800636d   Thumb Code     0  printfa.o(i.__0printf)
    __2printf                                0x0800636d   Thumb Code     0  printfa.o(i.__0printf)
    __c89printf                              0x0800636d   Thumb Code     0  printfa.o(i.__0printf)
    printf                                   0x0800636d   Thumb Code     0  printfa.o(i.__0printf)
    __ARM_fpclassifyf                        0x0800638d   Thumb Code    38  fpclassifyf.o(i.__ARM_fpclassifyf)
    __hardfp_asinf                           0x080063b5   Thumb Code   258  asinf.o(i.__hardfp_asinf)
    __hardfp_atan2f                          0x080064e1   Thumb Code   594  atan2f.o(i.__hardfp_atan2f)
    __hardfp_fabs                            0x0800678d   Thumb Code    20  fabs.o(i.__hardfp_fabs)
    __mathlib_flt_infnan                     0x080067a1   Thumb Code     6  funder.o(i.__mathlib_flt_infnan)
    __mathlib_flt_infnan2                    0x080067a7   Thumb Code     6  funder.o(i.__mathlib_flt_infnan2)
    __mathlib_flt_invalid                    0x080067ad   Thumb Code    10  funder.o(i.__mathlib_flt_invalid)
    __mathlib_flt_underflow                  0x080067bd   Thumb Code    10  funder.o(i.__mathlib_flt_underflow)
    __scatterload_copy                       0x080067cd   Thumb Code    14  handlers.o(i.__scatterload_copy)
    __scatterload_null                       0x080067db   Thumb Code     2  handlers.o(i.__scatterload_null)
    __scatterload_zeroinit                   0x080067dd   Thumb Code    14  handlers.o(i.__scatterload_zeroinit)
    __set_errno                              0x080067ed   Thumb Code     6  errno.o(i.__set_errno)
    buzzer_init                              0x0800754d   Thumb Code   174  buzzer.o(i.buzzer_init)
    buzzer_off                               0x08007605   Thumb Code    12  buzzer.o(i.buzzer_off)
    buzzer_on                                0x08007615   Thumb Code    22  buzzer.o(i.buzzer_on)
    calc_turn_angle                          0x08007631   Thumb Code    92  motor_control.o(i.calc_turn_angle)
    cali_param_init                          0x080078d5   Thumb Code   168  calibrate_task.o(i.cali_param_init)
    calibrate_task                           0x0800798d   Thumb Code   304  calibrate_task.o(i.calibrate_task)
    chassis_task                             0x08007be9   Thumb Code    92  chassis_task.o(i.chassis_task)
    delay_init                               0x08007c45   Thumb Code    90  delay.o(i.delay_init)
    delay_ms                                 0x08007cb1   Thumb Code    76  delay.o(i.delay_ms)
    delay_us                                 0x08007d01   Thumb Code    76  delay.o(i.delay_us)
    ecd_angle_format                         0x08007d51   Thumb Code   106  motor_control.o(i.ecd_angle_format)
    first_order_filter_cali                  0x08007dc5   Thumb Code    84  user_lib.o(i.first_order_filter_cali)
    first_order_filter_init                  0x08007e19   Thumb Code    32  user_lib.o(i.first_order_filter_init)
    flash_read                               0x08007e3d   Thumb Code    32  flash.o(i.flash_read)
    flash_write_single_address               0x08007e5d   Thumb Code   184  flash.o(i.flash_write_single_address)
    flow_led_off                             0x08007f15   Thumb Code    20  led.o(i.flow_led_off)
    fp32_constrain                           0x08007f2d   Thumb Code    42  user_lib.o(i.fp32_constrain)
    fputc                                    0x08007f59   Thumb Code    32  user_task.o(i.fputc)
    fric1_on                                 0x08007f7d   Thumb Code    14  fric.o(i.fric1_on)
    fric2_on                                 0x08007f91   Thumb Code    14  fric.o(i.fric2_on)
    fric_PWM_configuration                   0x08007fa5   Thumb Code   306  fric.o(i.fric_PWM_configuration)
    fric_off                                 0x080080e9   Thumb Code    24  fric.o(i.fric_off)
    get_AUTO_control_point                   0x0800813d   Thumb Code     4  minipc.o(i.get_AUTO_control_point)
    get_Chassis_Motor_Measure_Point          0x08008145   Thumb Code    18  can_receive.o(i.get_Chassis_Motor_Measure_Point)
    get_INS_Data_point                       0x0800815d   Thumb Code     4  ins_task.o(i.get_INS_Data_point)
    get_INS_angle_point                      0x08008165   Thumb Code     4  ins_task.o(i.get_INS_angle_point)
    get_MPU6500_Gyro_Data_Point              0x0800816d   Thumb Code     4  ins_task.o(i.get_MPU6500_Gyro_Data_Point)
    get_Pitch_Gimbal_Motor_Measure_Point     0x08008175   Thumb Code     4  can_receive.o(i.get_Pitch_Gimbal_Motor_Measure_Point)
    get_Trigger_Motor_Measure_Point          0x0800817d   Thumb Code     4  can_receive.o(i.get_Trigger_Motor_Measure_Point)
    get_Yaw_Gimbal_Motor_Measure_Point       0x08008185   Thumb Code     4  can_receive.o(i.get_Yaw_Gimbal_Motor_Measure_Point)
    get_angle                                0x0800818d   Thumb Code   232  ahrs.o(i.get_angle)
    get_classis_info_point                   0x08008275   Thumb Code     4  chassis_task.o(i.get_classis_info_point)
    get_control_temperate                    0x0800827d   Thumb Code     8  calibrate_task.o(i.get_control_temperate)
    get_gimbal_relative_angle                0x08008289   Thumb Code    28  gimbal_task.o(i.get_gimbal_relative_angle)
    get_remote_control_point                 0x080082ad   Thumb Code     4  rc_dt7.o(i.get_remote_control_point)
    get_temprate                             0x080082b5   Thumb Code    80  adc.o(i.get_temprate)
    gyro_angle_format                        0x0800844d   Thumb Code   166  motor_control.o(i.gyro_angle_format)
    gyro_offset                              0x080084f9   Thumb Code    98  mpu6500driver.o(i.gyro_offset)
    ist8310_GPIO_init                        0x08008599   Thumb Code    84  ist8310driver_middleware.o(i.ist8310_GPIO_init)
    ist8310_IIC_read_single_reg              0x080085f1   Thumb Code    40  ist8310driver_middleware.o(i.ist8310_IIC_read_single_reg)
    ist8310_IIC_write_single_reg             0x0800861d   Thumb Code    32  ist8310driver_middleware.o(i.ist8310_IIC_write_single_reg)
    ist8310_RST_H                            0x08008641   Thumb Code    12  ist8310driver_middleware.o(i.ist8310_RST_H)
    ist8310_RST_L                            0x08008651   Thumb Code    12  ist8310driver_middleware.o(i.ist8310_RST_L)
    ist8310_auto_com_by_mpu6500              0x08008661   Thumb Code    20  ist8310driver_middleware.o(i.ist8310_auto_com_by_mpu6500)
    ist8310_com_init                         0x08008679   Thumb Code     2  ist8310driver_middleware.o(i.ist8310_com_init)
    ist8310_delay_ms                         0x0800867b   Thumb Code    12  ist8310driver_middleware.o(i.ist8310_delay_ms)
    ist8310_delay_us                         0x08008687   Thumb Code    12  ist8310driver_middleware.o(i.ist8310_delay_us)
    ist8310_init                             0x08008695   Thumb Code   140  ist8310driver.o(i.ist8310_init)
    ist8310_read_over                        0x08008725   Thumb Code   126  ist8310driver.o(i.ist8310_read_over)
    key_scan                                 0x080087dd   Thumb Code   108  rc_dt7.o(i.key_scan)
    laser_configuration                      0x08008849   Thumb Code    54  laser.o(i.laser_configuration)
    laser_off                                0x08008885   Thumb Code    14  laser.o(i.laser_off)
    laser_on                                 0x08008899   Thumb Code    14  laser.o(i.laser_on)
    led_configuration                        0x080088ad   Thumb Code    98  led.o(i.led_configuration)
    led_green_off                            0x0800891d   Thumb Code    14  led.o(i.led_green_off)
    led_green_on                             0x08008931   Thumb Code    14  led.o(i.led_green_on)
    led_red_off                              0x08008945   Thumb Code    14  led.o(i.led_red_off)
    loop_fp32_constrain                      0x08008959   Thumb Code    96  user_lib.o(i.loop_fp32_constrain)
    main                                     0x080089b9   Thumb Code    30  main.o(i.main)
    mpu6500_GPIO_init                        0x080089d9   Thumb Code    48  mpu6500driver_middleware.o(i.mpu6500_GPIO_init)
    mpu6500_SPI_NS_H                         0x08008a0d   Thumb Code    12  mpu6500driver_middleware.o(i.mpu6500_SPI_NS_H)
    mpu6500_SPI_NS_L                         0x08008a1d   Thumb Code    12  mpu6500driver_middleware.o(i.mpu6500_SPI_NS_L)
    mpu6500_com_init                         0x08008a81   Thumb Code     8  mpu6500driver_middleware.o(i.mpu6500_com_init)
    mpu6500_init                             0x08008a89   Thumb Code   192  mpu6500driver.o(i.mpu6500_init)
    mpu6500_middleware_delay_ms              0x08008b4d   Thumb Code    12  mpu6500driver_middleware.o(i.mpu6500_middleware_delay_ms)
    mpu6500_middleware_delay_us              0x08008b59   Thumb Code    12  mpu6500driver_middleware.o(i.mpu6500_middleware_delay_us)
    mpu6500_read_over                        0x08008b65   Thumb Code   304  mpu6500driver.o(i.mpu6500_read_over)
    mpu6500_read_single_reg                  0x08008ca5   Thumb Code    32  mpu6500driver_middleware.o(i.mpu6500_read_single_reg)
    mpu6500_write_muli_reg                   0x08008cc5   Thumb Code    52  mpu6500driver_middleware.o(i.mpu6500_write_muli_reg)
    mpu6500_write_single_reg                 0x08008cf9   Thumb Code    28  mpu6500driver_middleware.o(i.mpu6500_write_single_reg)
    pcTaskGetName                            0x08008d15   Thumb Code    44  tasks.o(i.pcTaskGetName)
    power_ctrl_configuration                 0x08008d45   Thumb Code    66  power_ctrl.o(i.power_ctrl_configuration)
    power_ctrl_off                           0x08008d8d   Thumb Code    26  power_ctrl.o(i.power_ctrl_off)
    power_ctrl_on                            0x08008dad   Thumb Code    26  power_ctrl.o(i.power_ctrl_on)
    pvPortMalloc                             0x080098b1   Thumb Code   296  heap_4.o(i.pvPortMalloc)
    pvTaskIncrementMutexHeldCount            0x080099ed   Thumb Code    26  tasks.o(i.pvTaskIncrementMutexHeldCount)
    pxPortInitialiseStack                    0x08009a0d   Thumb Code    38  port.o(i.pxPortInitialiseStack)
    ramp_calc                                0x08009abd   Thumb Code    90  user_lib.o(i.ramp_calc)
    ramp_init                                0x08009b19   Thumb Code    40  user_lib.o(i.ramp_init)
    remote_control_init                      0x08009b45   Thumb Code    16  rc_dt7.o(i.remote_control_init)
    shoot_control_loop                       0x08009ce9   Thumb Code   372  shoot.o(i.shoot_control_loop)
    shoot_init                               0x08009ef5   Thumb Code   160  shoot.o(i.shoot_init)
    sqrtf                                    0x0800a1b1   Thumb Code    62  sqrtf_full.o(i.sqrtf)
    startTast                                0x0800a1f1   Thumb Code    24  start_task.o(i.startTast)
    start_task                               0x0800a21d   Thumb Code   132  start_task.o(i.start_task)
    super_cap_configuration                  0x0800a305   Thumb Code    54  super_cap.o(i.super_cap_configuration)
    super_cap_none                           0x0800a341   Thumb Code    24  super_cap.o(i.super_cap_none)
    temperature_ADC_init                     0x0800a3e9   Thumb Code    80  adc.o(i.temperature_ADC_init)
    toe_is_error                             0x0800a43d   Thumb Code    20  detect_task.o(i.toe_is_error)
    ulTaskNotifyTake                         0x0800a455   Thumb Code   108  tasks.o(i.ulTaskNotifyTake)
    uxListRemove                             0x0800a543   Thumb Code    40  list.o(i.uxListRemove)
    uxTaskGetStackHighWaterMark              0x0800a56d   Thumb Code    34  tasks.o(i.uxTaskGetStackHighWaterMark)
    vListInitialise                          0x0800a595   Thumb Code    26  list.o(i.vListInitialise)
    vListInitialiseItem                      0x0800a5af   Thumb Code     6  list.o(i.vListInitialiseItem)
    vListInsert                              0x0800a5b5   Thumb Code    52  list.o(i.vListInsert)
    vListInsertEnd                           0x0800a5e9   Thumb Code    24  list.o(i.vListInsertEnd)
    vPortEnterCritical                       0x0800a601   Thumb Code    76  port.o(i.vPortEnterCritical)
    vPortExitCritical                        0x0800a655   Thumb Code    56  port.o(i.vPortExitCritical)
    vPortFree                                0x0800a691   Thumb Code   140  heap_4.o(i.vPortFree)
    vPortSetupTimerInterrupt                 0x0800a725   Thumb Code     2  freertos_middleware.o(i.vPortSetupTimerInterrupt)
    vPortValidateInterruptPriority           0x0800a729   Thumb Code   106  port.o(i.vPortValidateInterruptPriority)
    vQueueAddToRegistry                      0x0800a7a1   Thumb Code    38  queue.o(i.vQueueAddToRegistry)
    vQueueWaitForMessageRestricted           0x0800a7cd   Thumb Code    74  queue.o(i.vQueueWaitForMessageRestricted)
    vTaskDelay                               0x0800a819   Thumb Code    82  tasks.o(i.vTaskDelay)
    vTaskDelete                              0x0800a875   Thumb Code   202  tasks.o(i.vTaskDelete)
    vTaskMissedYield                         0x0800a969   Thumb Code     8  tasks.o(i.vTaskMissedYield)
    vTaskNotifyGiveFromISR                   0x0800a975   Thumb Code   216  tasks.o(i.vTaskNotifyGiveFromISR)
    vTaskPlaceOnEventList                    0x0800aa65   Thumb Code    52  tasks.o(i.vTaskPlaceOnEventList)
    vTaskPlaceOnEventListRestricted          0x0800aa9d   Thumb Code    60  tasks.o(i.vTaskPlaceOnEventListRestricted)
    vTaskPriorityInherit                     0x0800aadd   Thumb Code   164  tasks.o(i.vTaskPriorityInherit)
    vTaskSetTimeOutState                     0x0800ab8d   Thumb Code    38  tasks.o(i.vTaskSetTimeOutState)
    vTaskStartScheduler                      0x0800abbd   Thumb Code   118  tasks.o(i.vTaskStartScheduler)
    vTaskSuspendAll                          0x0800ac51   Thumb Code    12  tasks.o(i.vTaskSuspendAll)
    vTaskSwitchContext                       0x0800ac61   Thumb Code   118  tasks.o(i.vTaskSwitchContext)
    xPortStartScheduler                      0x0800aced   Thumb Code   288  port.o(i.xPortStartScheduler)
    xPortSysTickHandler                      0x0800ae29   Thumb Code    46  port.o(i.xPortSysTickHandler)
    xQueueGenericCreate                      0x0800ae5d   Thumb Code    88  queue.o(i.xQueueGenericCreate)
    xQueueGenericReceive                     0x0800aeb5   Thumb Code   446  queue.o(i.xQueueGenericReceive)
    xQueueGenericReset                       0x0800b079   Thumb Code   146  queue.o(i.xQueueGenericReset)
    xQueueGenericSend                        0x0800b111   Thumb Code   452  queue.o(i.xQueueGenericSend)
    xQueueGenericSendFromISR                 0x0800b2d9   Thumb Code   264  queue.o(i.xQueueGenericSendFromISR)
    xTaskCheckForTimeOut                     0x0800b3e1   Thumb Code   132  tasks.o(i.xTaskCheckForTimeOut)
    xTaskCreate                              0x0800b46d   Thumb Code    96  tasks.o(i.xTaskCreate)
    xTaskGetHandle                           0x0800b4cd   Thumb Code   142  tasks.o(i.xTaskGetHandle)
    xTaskGetSchedulerState                   0x0800b571   Thumb Code    24  tasks.o(i.xTaskGetSchedulerState)
    xTaskGetTickCount                        0x0800b591   Thumb Code     6  tasks.o(i.xTaskGetTickCount)
    xTaskIncrementTick                       0x0800b59d   Thumb Code   282  tasks.o(i.xTaskIncrementTick)
    xTaskPriorityDisinherit                  0x0800b6e5   Thumb Code   188  tasks.o(i.xTaskPriorityDisinherit)
    xTaskRemoveFromEventList                 0x0800b7ad   Thumb Code   128  tasks.o(i.xTaskRemoveFromEventList)
    xTaskResumeAll                           0x0800b845   Thumb Code   224  tasks.o(i.xTaskResumeAll)
    xTimerCreateTimerTask                    0x0800b949   Thumb Code    64  timers.o(i.xTimerCreateTimerTask)
    xTimerGenericCommand                     0x0800b99d   Thumb Code   126  timers.o(i.xTimerGenericCommand)
    CRC8_INIT                                0x0800ba56   Data           1  crc.o(.constdata)
    CRC8_TAB                                 0x0800ba57   Data         256  crc.o(.constdata)
    wCRC_Table                               0x0800bb58   Data         512  crc.o(.constdata)
    sinTable_f32                             0x0800bde4   Data        2052  arm_common_tables.o(.constdata)
    Region$$Table$$Base                      0x0800c5e8   Number         0  anon$$obj.o(Region$$Table)
    Region$$Table$$Limit                     0x0800c608   Number         0  anon$$obj.o(Region$$Table)
    SystemCoreClock                          0x20000000   Data           4  system_stm32f4xx.o(.data)
    AHBPrescTable                            0x20000004   Data          16  system_stm32f4xx.o(.data)
    pxCurrentTCB                             0x20000024   Data           4  tasks.o(.data)
    CRC_INIT                                 0x200000ac   Data           2  crc.o(.data)
    calibrate_task_stack                     0x200000b0   Data           4  calibrate_task.o(.data)
    cali_hook_fun                            0x200000dc   Data          20  calibrate_task.o(.data)
    FreeRTOSRunTimeTicks                     0x20000110   Data           8  freertos_middleware.o(.data)
    INSTaskStack                             0x200005a4   Data           4  ins_task.o(.data)
    GIMBALTask_Handler                       0x20000640   Data           4  start_task.o(.data)
    ChassisTask_Handler                      0x20000644   Data           4  start_task.o(.data)
    UserTaskStack                            0x20000658   Data           4  user_task.o(.data)
    Robot_Type                               0x20000668   Data           1  judge_system.o(.data)
    USART2_RX_STA                            0x2000066c   Data           2  rc_dt7.o(.data)
    __stdout                                 0x20000688   Data           4  stdout.o(.data)
    xQueueRegistry                           0x20000690   Data          64  queue.o(.bss)
    angle_degree                             0x200211c8   Data          12  user_task.o(.bss)
    __initial_sp                             0x200216e8   Data           0  startup_stm32f427xx.o(STACK)



==============================================================================

Memory Map of the image

  Image Entry point : 0x080001ad

  Load Region LR_IROM1 (Base: 0x08000000, Size: 0x0000cc98, Max: 0x00200000, ABSOLUTE, COMPRESSED[0x0000c6bc])

    Execution Region ER_IROM1 (Exec base: 0x08000000, Load base: 0x08000000, Size: 0x0000c608, Max: 0x00200000, ABSOLUTE)

    Exec Addr    Load Addr    Size         Type   Attr      Idx    E Section Name        Object

    0x08000000   0x08000000   0x000001ac   Data   RO            3    RESET               startup_stm32f427xx.o
    0x080001ac   0x080001ac   0x00000000   Code   RO         9622  * .ARM.Collect$$$$00000000  mc_w.l(entry.o)
    0x080001ac   0x080001ac   0x00000004   Code   RO         9937    .ARM.Collect$$$$00000001  mc_w.l(entry2.o)
    0x080001b0   0x080001b0   0x00000004   Code   RO         9940    .ARM.Collect$$$$00000004  mc_w.l(entry5.o)
    0x080001b4   0x080001b4   0x00000000   Code   RO         9942    .ARM.Collect$$$$00000008  mc_w.l(entry7b.o)
    0x080001b4   0x080001b4   0x00000000   Code   RO         9944    .ARM.Collect$$$$0000000A  mc_w.l(entry8b.o)
    0x080001b4   0x080001b4   0x00000008   Code   RO         9945    .ARM.Collect$$$$0000000B  mc_w.l(entry9a.o)
    0x080001bc   0x080001bc   0x00000004   Code   RO         9952    .ARM.Collect$$$$0000000E  mc_w.l(entry12b.o)
    0x080001c0   0x080001c0   0x00000000   Code   RO         9947    .ARM.Collect$$$$0000000F  mc_w.l(entry10a.o)
    0x080001c0   0x080001c0   0x00000000   Code   RO         9949    .ARM.Collect$$$$00000011  mc_w.l(entry11a.o)
    0x080001c0   0x080001c0   0x00000004   Code   RO         9938    .ARM.Collect$$$$00002712  mc_w.l(entry2.o)
    0x080001c4   0x080001c4   0x000000b6   Code   RO         6328    .emb_text           port.o
    0x0800027a   0x0800027a   0x00000002   PAD
    0x0800027c   0x0800027c   0x00000034   Code   RO            4    .text               startup_stm32f427xx.o
    0x080002b0   0x080002b0   0x00000078   Code   RO         9412    .text               arm_cortexM4lf_math.lib(arm_cos_f32.o)
    0x08000328   0x08000328   0x00000074   Code   RO         9465    .text               arm_cortexM4lf_math.lib(arm_sin_f32.o)
    0x0800039c   0x0800039c   0x00000024   Code   RO         9625    .text               mc_w.l(memcpya.o)
    0x080003c0   0x080003c0   0x00000024   Code   RO         9627    .text               mc_w.l(memseta.o)
    0x080003e4   0x080003e4   0x0000000e   Code   RO         9629    .text               mc_w.l(strlen.o)
    0x080003f2   0x080003f2   0x000000e4   Code   RO         9896    .text               mf_w.l(dmul.o)
    0x080004d6   0x080004d6   0x00000026   Code   RO         9898    .text               mf_w.l(f2d.o)
    0x080004fc   0x080004fc   0x00000030   Code   RO         9900    .text               mf_w.l(cdcmple.o)
    0x0800052c   0x0800052c   0x00000030   Code   RO         9902    .text               mf_w.l(cdrcmple.o)
    0x0800055c   0x0800055c   0x00000038   Code   RO         9904    .text               mf_w.l(d2f.o)
    0x08000594   0x08000594   0x0000002c   Code   RO         9954    .text               mc_w.l(uidiv.o)
    0x080005c0   0x080005c0   0x00000062   Code   RO         9956    .text               mc_w.l(uldiv.o)
    0x08000622   0x08000622   0x00000000   Code   RO         9965    .text               mc_w.l(iusefp.o)
    0x08000622   0x08000622   0x0000006e   Code   RO         9966    .text               mf_w.l(fepilogue.o)
    0x08000690   0x08000690   0x000000ba   Code   RO         9968    .text               mf_w.l(depilogue.o)
    0x0800074a   0x0800074a   0x0000014e   Code   RO         9970    .text               mf_w.l(dadd.o)
    0x08000898   0x08000898   0x000000de   Code   RO         9972    .text               mf_w.l(ddiv.o)
    0x08000976   0x08000976   0x00000030   Code   RO         9974    .text               mf_w.l(dfixul.o)
    0x080009a6   0x080009a6   0x00000002   PAD
    0x080009a8   0x080009a8   0x00000024   Code   RO         9976    .text               mc_w.l(init.o)
    0x080009cc   0x080009cc   0x0000001e   Code   RO         9978    .text               mc_w.l(llshl.o)
    0x080009ea   0x080009ea   0x00000020   Code   RO         9980    .text               mc_w.l(llushr.o)
    0x08000a0a   0x08000a0a   0x00000024   Code   RO         9982    .text               mc_w.l(llsshr.o)
    0x08000a2e   0x08000a2e   0x00000056   Code   RO         9992    .text               mc_w.l(__dczerorl2.o)
    0x08000a84   0x08000a84   0x00000006   Code   RO          356    i.ADC_ClearFlag     stm32f4xx_adc.o
    0x08000a8a   0x08000a8a   0x00000016   Code   RO          358    i.ADC_Cmd           stm32f4xx_adc.o
    0x08000aa0   0x08000aa0   0x00000030   Code   RO          359    i.ADC_CommonInit    stm32f4xx_adc.o
    0x08000ad0   0x08000ad0   0x00000008   Code   RO          370    i.ADC_GetConversionValue  stm32f4xx_adc.o
    0x08000ad8   0x08000ad8   0x00000012   Code   RO          371    i.ADC_GetFlagStatus  stm32f4xx_adc.o
    0x08000aea   0x08000aea   0x00000002   PAD
    0x08000aec   0x08000aec   0x00000054   Code   RO          378    i.ADC_Init          stm32f4xx_adc.o
    0x08000b40   0x08000b40   0x000000b8   Code   RO          383    i.ADC_RegularChannelConfig  stm32f4xx_adc.o
    0x08000bf8   0x08000bf8   0x0000000a   Code   RO          385    i.ADC_SoftwareStartConv  stm32f4xx_adc.o
    0x08000c02   0x08000c02   0x00000002   PAD
    0x08000c04   0x08000c04   0x0000002c   Code   RO          388    i.ADC_TempSensorVrefintCmd  stm32f4xx_adc.o
    0x08000c30   0x08000c30   0x00000018   Code   RO         6403    i.AHRS_asinf        ahrs_middleware.o
    0x08000c48   0x08000c48   0x00000020   Code   RO         6404    i.AHRS_atan2f       ahrs_middleware.o
    0x08000c68   0x08000c68   0x00000018   Code   RO         6405    i.AHRS_cosf         ahrs_middleware.o
    0x08000c80   0x08000c80   0x0000001a   Code   RO         9322    i.AHRS_fabs         AHRS.lib(ahrs.o)
    0x08000c9a   0x08000c9a   0x00000002   PAD
    0x08000c9c   0x08000c9c   0x00000010   Code   RO         6406    i.AHRS_get_height   ahrs_middleware.o
    0x08000cac   0x08000cac   0x00000010   Code   RO         6407    i.AHRS_get_latitude  ahrs_middleware.o
    0x08000cbc   0x08000cbc   0x0000029c   Code   RO         9323    i.AHRS_init         AHRS.lib(ahrs.o)
    0x08000f58   0x08000f58   0x0000003c   Code   RO         6408    i.AHRS_invSqrt      ahrs_middleware.o
    0x08000f94   0x08000f94   0x00000018   Code   RO         6409    i.AHRS_sinf         ahrs_middleware.o
    0x08000fac   0x08000fac   0x0000013a   Code   RO         9324    i.AHRS_update       AHRS.lib(ahrs.o)
    0x080010e6   0x080010e6   0x0000008a   Code   RO         6873    i.BSP_init          main.o
    0x08001170   0x08001170   0x00000004   Code   RO           13    i.BusFault_Handler  stm32f4xx_it.o
    0x08001174   0x08001174   0x00000030   Code   RO         8314    i.CAN1_RX0_IRQHandler  can_receive.o
    0x080011a4   0x080011a4   0x00000110   Code   RO         7191    i.CAN1_mode_init    can.o
    0x080012b4   0x080012b4   0x00000030   Code   RO         8315    i.CAN2_RX0_IRQHandler  can_receive.o
    0x080012e4   0x080012e4   0x00000114   Code   RO         7192    i.CAN2_mode_init    can.o
    0x080013f8   0x080013f8   0x00000064   Code   RO         8316    i.CAN_CMD_CHASSIS   can_receive.o
    0x0800145c   0x0800145c   0x0000004c   Code   RO         8318    i.CAN_CMD_GIMBAL    can_receive.o
    0x080014a8   0x080014a8   0x000000a8   Code   RO          600    i.CAN_ClearITPendingBit  stm32f4xx_can.o
    0x08001550   0x08001550   0x00000108   Code   RO          604    i.CAN_FilterInit    stm32f4xx_can.o
    0x08001658   0x08001658   0x00000120   Code   RO          606    i.CAN_GetITStatus   stm32f4xx_can.o
    0x08001778   0x08001778   0x00000012   Code   RO          610    i.CAN_ITConfig      stm32f4xx_can.o
    0x0800178a   0x0800178a   0x00000114   Code   RO          611    i.CAN_Init          stm32f4xx_can.o
    0x0800189e   0x0800189e   0x000000f0   Code   RO          614    i.CAN_Receive       stm32f4xx_can.o
    0x0800198e   0x0800198e   0x00000126   Code   RO          619    i.CAN_Transmit      stm32f4xx_can.o
    0x08001ab4   0x08001ab4   0x00000184   Code   RO         8319    i.CAN_hook          can_receive.o
    0x08001c38   0x08001c38   0x000001ac   Code   RO         8409    i.Chassis_Calc_Current  chassis_task.o
    0x08001de4   0x08001de4   0x00000002   Code   RO         8410    i.Chassis_Cali_Mode  chassis_task.o
    0x08001de6   0x08001de6   0x00000002   PAD
    0x08001de8   0x08001de8   0x00000084   Code   RO         8411    i.Chassis_Control   chassis_task.o
    0x08001e6c   0x08001e6c   0x000000a4   Code   RO         8412    i.Chassis_Follow_Yaw_Mode  chassis_task.o
    0x08001f10   0x08001f10   0x000000dc   Code   RO         8414    i.Chassis_Init      chassis_task.o
    0x08001fec   0x08001fec   0x000000dc   Code   RO         8415    i.Chassis_Mode_Set  chassis_task.o
    0x080020c8   0x080020c8   0x00000090   Code   RO         8416    i.Chassis_No_Follow_Mode  chassis_task.o
    0x08002158   0x08002158   0x0000002c   Code   RO         8417    i.Chassis_Relax_Mode  chassis_task.o
    0x08002184   0x08002184   0x00000050   Code   RO         8418    i.Chassis_Send_Current  chassis_task.o
    0x080021d4   0x080021d4   0x00000002   Code   RO         8419    i.Chassis_Stop_Mode  chassis_task.o
    0x080021d6   0x080021d6   0x00000002   PAD
    0x080021d8   0x080021d8   0x00000184   Code   RO         8420    i.Chassis_Updata    chassis_task.o
    0x0800235c   0x0800235c   0x00000012   Code   RO          622    i.CheckITStatus     stm32f4xx_can.o
    0x0800236e   0x0800236e   0x00000002   PAD
    0x08002370   0x08002370   0x00000058   Code   RO         8807    i.DMA2_Stream5_IRQHandler  ins_task.o
    0x080023c8   0x080023c8   0x00000034   Code   RO         1377    i.DMA_ClearFlag     stm32f4xx_dma.o
    0x080023fc   0x080023fc   0x00000016   Code   RO         1379    i.DMA_Cmd           stm32f4xx_dma.o
    0x08002412   0x08002412   0x00000002   PAD
    0x08002414   0x08002414   0x00000158   Code   RO         1380    i.DMA_DeInit        stm32f4xx_dma.o
    0x0800256c   0x0800256c   0x00000016   Code   RO         1381    i.DMA_DoubleBufferModeCmd  stm32f4xx_dma.o
    0x08002582   0x08002582   0x00000018   Code   RO         1382    i.DMA_DoubleBufferModeConfig  stm32f4xx_dma.o
    0x0800259a   0x0800259a   0x00000014   Code   RO         1384    i.DMA_GetCmdStatus  stm32f4xx_dma.o
    0x080025ae   0x080025ae   0x00000008   Code   RO         1385    i.DMA_GetCurrDataCounter  stm32f4xx_dma.o
    0x080025b6   0x080025b6   0x00000014   Code   RO         1386    i.DMA_GetCurrentMemoryTarget  stm32f4xx_dma.o
    0x080025ca   0x080025ca   0x00000002   PAD
    0x080025cc   0x080025cc   0x00000044   Code   RO         1388    i.DMA_GetFlagStatus  stm32f4xx_dma.o
    0x08002610   0x08002610   0x0000003a   Code   RO         1390    i.DMA_ITConfig      stm32f4xx_dma.o
    0x0800264a   0x0800264a   0x00000002   PAD
    0x0800264c   0x0800264c   0x00000058   Code   RO         1391    i.DMA_Init          stm32f4xx_dma.o
    0x080026a4   0x080026a4   0x00000004   Code   RO         1394    i.DMA_SetCurrDataCounter  stm32f4xx_dma.o
    0x080026a8   0x080026a8   0x00000002   Code   RO           14    i.DebugMon_Handler  stm32f4xx_it.o
    0x080026aa   0x080026aa   0x00000002   PAD
    0x080026ac   0x080026ac   0x00000124   Code   RO         8557    i.DetectHook        detect_task.o
    0x080027d0   0x080027d0   0x00000020   Code   RO         8808    i.EXTI9_5_IRQHandler  ins_task.o
    0x080027f0   0x080027f0   0x0000000c   Code   RO         1663    i.EXTI_ClearITPendingBit  stm32f4xx_exti.o
    0x080027fc   0x080027fc   0x00000018   Code   RO         1667    i.EXTI_GetITStatus  stm32f4xx_exti.o
    0x08002814   0x08002814   0x00000094   Code   RO         1668    i.EXTI_Init         stm32f4xx_exti.o
    0x080028a8   0x080028a8   0x0000000c   Code   RO         1728    i.FLASH_ClearFlag   stm32f4xx_flash.o
    0x080028b4   0x080028b4   0x00000088   Code   RO         1734    i.FLASH_EraseSector  stm32f4xx_flash.o
    0x0800293c   0x0800293c   0x00000054   Code   RO         1736    i.FLASH_GetStatus   stm32f4xx_flash.o
    0x08002990   0x08002990   0x00000014   Code   RO         1740    i.FLASH_Lock        stm32f4xx_flash.o
    0x080029a4   0x080029a4   0x00000050   Code   RO         1764    i.FLASH_ProgramWord  stm32f4xx_flash.o
    0x080029f4   0x080029f4   0x00000024   Code   RO         1766    i.FLASH_Unlock      stm32f4xx_flash.o
    0x08002a18   0x08002a18   0x00000022   Code   RO         1767    i.FLASH_WaitForLastOperation  stm32f4xx_flash.o
    0x08002a3a   0x08002a3a   0x00000002   PAD
    0x08002a3c   0x08002a3c   0x00000060   Code   RO         8685    i.GIMBAL_task       gimbal_task.o
    0x08002a9c   0x08002a9c   0x00000088   Code   RO         7265    i.GPIOB_Exti8_GPIO_Init  exit_init.o
    0x08002b24   0x08002b24   0x00000090   Code   RO         2224    i.GPIO_Init         stm32f4xx_gpio.o
    0x08002bb4   0x08002bb4   0x00000046   Code   RO         2225    i.GPIO_PinAFConfig  stm32f4xx_gpio.o
    0x08002bfa   0x08002bfa   0x00000004   Code   RO         2231    i.GPIO_ResetBits    stm32f4xx_gpio.o
    0x08002bfe   0x08002bfe   0x00000004   Code   RO         2232    i.GPIO_SetBits      stm32f4xx_gpio.o
    0x08002c02   0x08002c02   0x00000002   PAD
    0x08002c04   0x08002c04   0x000001d0   Code   RO         7293    i.GetSector         flash.o
    0x08002dd4   0x08002dd4   0x00000034   Code   RO         8145    i.Get_CRC16_Check_Sum  crc.o
    0x08002e08   0x08002e08   0x00000024   Code   RO         8146    i.Get_CRC8_Check_Sum  crc.o
    0x08002e2c   0x08002e2c   0x000001d4   Code   RO         7294    i.Get_Next_Flash_Address  flash.o
    0x08003000   0x08003000   0x00000002   Code   RO         8686    i.Gimbal_Calibration_mode  gimbal_task.o
    0x08003002   0x08003002   0x00000002   PAD
    0x08003004   0x08003004   0x000001a8   Code   RO         8687    i.Gimbal_Control    gimbal_task.o
    0x080031ac   0x080031ac   0x000003dc   Code   RO         8688    i.Gimbal_Enconde_mode  gimbal_task.o
    0x08003588   0x08003588   0x000001f4   Code   RO         8689    i.Gimbal_Gyro_mode  gimbal_task.o
    0x0800377c   0x0800377c   0x000000e4   Code   RO         8690    i.Gimbal_Init       gimbal_task.o
    0x08003860   0x08003860   0x0000007c   Code   RO         8691    i.Gimbal_Relax_mode  gimbal_task.o
    0x080038dc   0x080038dc   0x0000005c   Code   RO         8692    i.Gimbal_Send_Voltage  gimbal_task.o
    0x08003938   0x08003938   0x0000015c   Code   RO         8693    i.Gimbal_Updata     gimbal_task.o
    0x08003a94   0x08003a94   0x000000c4   Code   RO         8694    i.Gimbal_mode_set   gimbal_task.o
    0x08003b58   0x08003b58   0x00000004   Code   RO           15    i.HardFault_Handler  stm32f4xx_it.o
    0x08003b5c   0x08003b5c   0x0000012c   Code   RO         8809    i.IMU_Cali_Slove    ins_task.o
    0x08003c88   0x08003c88   0x000000c0   Code   RO         8810    i.IMU_temp_Control  ins_task.o
    0x08003d48   0x08003d48   0x00000320   Code   RO         8811    i.INSTask           ins_task.o
    0x08004068   0x08004068   0x00000080   Code   RO         8812    i.INS_Data_updata   ins_task.o
    0x080040e8   0x080040e8   0x00000074   Code   RO         8813    i.INS_cali_gyro     ins_task.o
    0x0800415c   0x0800415c   0x00000020   Code   RO         8814    i.INS_set_cali_gyro  ins_task.o
    0x0800417c   0x0800417c   0x0000010c   Code   RO         9186    i.Judge_Read_Data   judge_system.o
    0x08004288   0x08004288   0x00000078   Code   RO         8054    i.Judge_Usart_DMA_Init  usart.o
    0x08004300   0x08004300   0x000000c8   Code   RO         8055    i.Judge_Usart_Init  usart.o
    0x080043c8   0x080043c8   0x00000004   Code   RO           16    i.MemManage_Handler  stm32f4xx_it.o
    0x080043cc   0x080043cc   0x00000002   Code   RO           17    i.NMI_Handler       stm32f4xx_it.o
    0x080043ce   0x080043ce   0x00000002   PAD
    0x080043d0   0x080043d0   0x00000078   Code   RO          304    i.NVIC_Init         misc.o
    0x08004448   0x08004448   0x00000014   Code   RO          305    i.NVIC_PriorityGroupConfig  misc.o
    0x0800445c   0x0800445c   0x00000044   Code   RO         7448    i.OLED_init         led.o
    0x080044a0   0x080044a0   0x000001f0   Code   RO         8926    i.PID_Calc          pid.o
    0x08004690   0x08004690   0x00000060   Code   RO         8927    i.PID_Init          pid.o
    0x080046f0   0x080046f0   0x00000020   Code   RO         3162    i.RCC_AHB1PeriphClockCmd  stm32f4xx_rcc.o
    0x08004710   0x08004710   0x00000020   Code   RO         3171    i.RCC_APB1PeriphClockCmd  stm32f4xx_rcc.o
    0x08004730   0x08004730   0x00000020   Code   RO         3173    i.RCC_APB1PeriphResetCmd  stm32f4xx_rcc.o
    0x08004750   0x08004750   0x00000020   Code   RO         3174    i.RCC_APB2PeriphClockCmd  stm32f4xx_rcc.o
    0x08004770   0x08004770   0x00000020   Code   RO         3176    i.RCC_APB2PeriphResetCmd  stm32f4xx_rcc.o
    0x08004790   0x08004790   0x000000e8   Code   RO         3183    i.RCC_GetClocksFreq  stm32f4xx_rcc.o
    0x08004878   0x08004878   0x0000014c   Code   RO         7580    i.RC_Init           rc.o
    0x080049c4   0x080049c4   0x000002e4   Code   RO         8189    i.RC_cmd_to_calibrate  calibrate_task.o
    0x08004ca8   0x08004ca8   0x00000010   Code   RO         7582    i.RC_unable         rc.o
    0x08004cb8   0x08004cb8   0x000000de   Code   RO         9248    i.SBUS_TO_RC        rc_dt7.o
    0x08004d96   0x08004d96   0x00000002   PAD
    0x08004d98   0x08004d98   0x000000c0   Code   RO         7664    i.SPI5Init          spi.o
    0x08004e58   0x08004e58   0x00000030   Code   RO         7665    i.SPI5SetSpeedAndDataSize  spi.o
    0x08004e88   0x08004e88   0x00000074   Code   RO         7666    i.SPI5_DMA_Enable   spi.o
    0x08004efc   0x08004efc   0x000000f8   Code   RO         7667    i.SPI5_DMA_Init     spi.o
    0x08004ff4   0x08004ff4   0x00000018   Code   RO         4323    i.SPI_Cmd           stm32f4xx_spi.o
    0x0800500c   0x0800500c   0x00000012   Code   RO         4329    i.SPI_I2S_DMACmd    stm32f4xx_spi.o
    0x0800501e   0x0800501e   0x00000012   Code   RO         4331    i.SPI_I2S_GetFlagStatus  stm32f4xx_spi.o
    0x08005030   0x08005030   0x00000006   Code   RO         4334    i.SPI_I2S_ReceiveData  stm32f4xx_spi.o
    0x08005036   0x08005036   0x00000004   Code   RO         4335    i.SPI_I2S_SendData  stm32f4xx_spi.o
    0x0800503a   0x0800503a   0x0000003c   Code   RO         4336    i.SPI_Init          stm32f4xx_spi.o
    0x08005076   0x08005076   0x00000002   PAD
    0x08005078   0x08005078   0x00000040   Code   RO         4488    i.SYSCFG_EXTILineConfig  stm32f4xx_syscfg.o
    0x080050b8   0x080050b8   0x00000120   Code   RO          187    i.SetSysClock       system_stm32f4xx.o
    0x080051d8   0x080051d8   0x000001f4   Code   RO         8962    i.Shoot_Feedback_Update  shoot.o
    0x080053cc   0x080053cc   0x00000130   Code   RO         8963    i.Shoot_Set_Mode    shoot.o
    0x080054fc   0x080054fc   0x00000028   Code   RO          308    i.SysTick_CLKSourceConfig  misc.o
    0x08005524   0x08005524   0x00000010   Code   RO         8611    i.SysTick_Handler   freertos_middleware.o
    0x08005534   0x08005534   0x00000068   Code   RO          189    i.SystemInit        system_stm32f4xx.o
    0x0800559c   0x0800559c   0x00000030   Code   RO         8612    i.TIM3_IRQHandler   freertos_middleware.o
    0x080055cc   0x080055cc   0x000000dc   Code   RO         7724    i.TIM3_Init         timer.o
    0x080056a8   0x080056a8   0x00000024   Code   RO         8320    i.TIM6_DAC_IRQHandler  can_receive.o
    0x080056cc   0x080056cc   0x00000078   Code   RO         7725    i.TIM6_Init         timer.o
    0x08005744   0x08005744   0x00000018   Code   RO         4549    i.TIM_ARRPreloadConfig  stm32f4xx_tim.o
    0x0800575c   0x0800575c   0x00000006   Code   RO         4555    i.TIM_ClearFlag     stm32f4xx_tim.o
    0x08005762   0x08005762   0x00000018   Code   RO         4561    i.TIM_Cmd           stm32f4xx_tim.o
    0x0800577a   0x0800577a   0x0000001e   Code   RO         4563    i.TIM_CtrlPWMOutputs  stm32f4xx_tim.o
    0x08005798   0x08005798   0x00000190   Code   RO         4566    i.TIM_DeInit        stm32f4xx_tim.o
    0x08005928   0x08005928   0x00000022   Code   RO         4582    i.TIM_GetITStatus   stm32f4xx_tim.o
    0x0800594a   0x0800594a   0x00000012   Code   RO         4586    i.TIM_ITConfig      stm32f4xx_tim.o
    0x0800595c   0x0800595c   0x0000007c   Code   RO         4590    i.TIM_OC1Init       stm32f4xx_tim.o
    0x080059d8   0x080059d8   0x00000012   Code   RO         4593    i.TIM_OC1PreloadConfig  stm32f4xx_tim.o
    0x080059ea   0x080059ea   0x00000002   PAD
    0x080059ec   0x080059ec   0x000000a4   Code   RO         4595    i.TIM_OC2Init       stm32f4xx_tim.o
    0x08005a90   0x08005a90   0x0000001a   Code   RO         4598    i.TIM_OC2PreloadConfig  stm32f4xx_tim.o
    0x08005aaa   0x08005aaa   0x00000002   PAD
    0x08005aac   0x08005aac   0x00000078   Code   RO         4605    i.TIM_OC4Init       stm32f4xx_tim.o
    0x08005b24   0x08005b24   0x0000001a   Code   RO         4607    i.TIM_OC4PreloadConfig  stm32f4xx_tim.o
    0x08005b3e   0x08005b3e   0x00000004   Code   RO         4623    i.TIM_SetCompare1   stm32f4xx_tim.o
    0x08005b42   0x08005b42   0x00000004   Code   RO         4624    i.TIM_SetCompare2   stm32f4xx_tim.o
    0x08005b46   0x08005b46   0x00000004   Code   RO         4626    i.TIM_SetCompare4   stm32f4xx_tim.o
    0x08005b4a   0x08005b4a   0x00000002   PAD
    0x08005b4c   0x08005b4c   0x00000084   Code   RO         4633    i.TIM_TimeBaseInit  stm32f4xx_tim.o
    0x08005bd0   0x08005bd0   0x0000005c   Code   RO         8056    i.UART7_IRQHandler  usart.o
    0x08005c2c   0x08005c2c   0x0000005c   Code   RO         8058    i.UART8_IRQHandler  usart.o
    0x08005c88   0x08005c88   0x000000f0   Code   RO         9249    i.USART1_IRQHandler  rc_dt7.o
    0x08005d78   0x08005d78   0x00000012   Code   RO         5111    i.USART_ClearFlag   stm32f4xx_usart.o
    0x08005d8a   0x08005d8a   0x00000018   Code   RO         5115    i.USART_Cmd         stm32f4xx_usart.o
    0x08005da2   0x08005da2   0x00000012   Code   RO         5116    i.USART_DMACmd      stm32f4xx_usart.o
    0x08005db4   0x08005db4   0x000000f0   Code   RO         5117    i.USART_DeInit      stm32f4xx_usart.o
    0x08005ea4   0x08005ea4   0x0000001a   Code   RO         5118    i.USART_GetFlagStatus  stm32f4xx_usart.o
    0x08005ebe   0x08005ebe   0x00000054   Code   RO         5119    i.USART_GetITStatus  stm32f4xx_usart.o
    0x08005f12   0x08005f12   0x0000004a   Code   RO         5121    i.USART_ITConfig    stm32f4xx_usart.o
    0x08005f5c   0x08005f5c   0x000000d4   Code   RO         5122    i.USART_Init        stm32f4xx_usart.o
    0x08006030   0x08006030   0x0000000a   Code   RO         5129    i.USART_ReceiveData  stm32f4xx_usart.o
    0x0800603a   0x0800603a   0x00000004   Code   RO           18    i.UsageFault_Handler  stm32f4xx_it.o
    0x0800603e   0x0800603e   0x00000002   PAD
    0x08006040   0x08006040   0x000000f4   Code   RO         9073    i.UserTask          user_task.o
    0x08006134   0x08006134   0x00000040   Code   RO         8147    i.Verify_CRC16_Check_Sum  crc.o
    0x08006174   0x08006174   0x00000030   Code   RO         8148    i.Verify_CRC8_Check_Sum  crc.o
    0x080061a4   0x080061a4   0x00000010   Code   RO         9121    i.Vision_Init       minipc.o
    0x080061b4   0x080061b4   0x00000074   Code   RO         9122    i.Vision_Read_Data  minipc.o
    0x08006228   0x08006228   0x00000078   Code   RO         8061    i.Vision_Usart_DMA_Init  usart.o
    0x080062a0   0x080062a0   0x000000cc   Code   RO         8062    i.Vision_Usart_Init  usart.o
    0x0800636c   0x0800636c   0x00000020   Code   RO         9868    i.__0printf         mc_w.l(printfa.o)
    0x0800638c   0x0800638c   0x00000026   Code   RO         9906    i.__ARM_fpclassifyf  m_wm.l(fpclassifyf.o)
    0x080063b2   0x080063b2   0x00000002   PAD
    0x080063b4   0x080063b4   0x0000012c   Code   RO         9580    i.__hardfp_asinf    m_wm.l(asinf.o)
    0x080064e0   0x080064e0   0x000002ac   Code   RO         9592    i.__hardfp_atan2f   m_wm.l(atan2f.o)
    0x0800678c   0x0800678c   0x00000014   Code   RO         9604    i.__hardfp_fabs     m_wm.l(fabs.o)
    0x080067a0   0x080067a0   0x00000006   Code   RO         9909    i.__mathlib_flt_infnan  m_wm.l(funder.o)
    0x080067a6   0x080067a6   0x00000006   Code   RO         9910    i.__mathlib_flt_infnan2  m_wm.l(funder.o)
    0x080067ac   0x080067ac   0x00000010   Code   RO         9911    i.__mathlib_flt_invalid  m_wm.l(funder.o)
    0x080067bc   0x080067bc   0x00000010   Code   RO         9914    i.__mathlib_flt_underflow  m_wm.l(funder.o)
    0x080067cc   0x080067cc   0x0000000e   Code   RO         9986    i.__scatterload_copy  mc_w.l(handlers.o)
    0x080067da   0x080067da   0x00000002   Code   RO         9987    i.__scatterload_null  mc_w.l(handlers.o)
    0x080067dc   0x080067dc   0x0000000e   Code   RO         9988    i.__scatterload_zeroinit  mc_w.l(handlers.o)
    0x080067ea   0x080067ea   0x00000002   PAD
    0x080067ec   0x080067ec   0x0000000c   Code   RO         9960    i.__set_errno       mc_w.l(errno.o)
    0x080067f8   0x080067f8   0x00000184   Code   RO         9875    i._fp_digits        mc_w.l(printfa.o)
    0x0800697c   0x0800697c   0x000006b4   Code   RO         9876    i._printf_core      mc_w.l(printfa.o)
    0x08007030   0x08007030   0x00000024   Code   RO         9877    i._printf_post_padding  mc_w.l(printfa.o)
    0x08007054   0x08007054   0x0000002e   Code   RO         9878    i._printf_pre_padding  mc_w.l(printfa.o)
    0x08007082   0x08007082   0x00000002   PAD
    0x08007084   0x08007084   0x000001d0   Code   RO         9325    i.accel_comple_filter  AHRS.lib(ahrs.o)
    0x08007254   0x08007254   0x0000018c   Code   RO         9326    i.accel_update_kp_ki  AHRS.lib(ahrs.o)
    0x080073e0   0x080073e0   0x0000016c   Code   RO         9327    i.angle_to_quat     AHRS.lib(ahrs.o)
    0x0800754c   0x0800754c   0x000000b8   Code   RO         7152    i.buzzer_init       buzzer.o
    0x08007604   0x08007604   0x00000010   Code   RO         7153    i.buzzer_off        buzzer.o
    0x08007614   0x08007614   0x0000001c   Code   RO         7154    i.buzzer_on         buzzer.o
    0x08007630   0x08007630   0x00000064   Code   RO         9214    i.calc_turn_angle   motor_control.o
    0x08007694   0x08007694   0x000000ec   Code   RO         8190    i.cali_data_read    calibrate_task.o
    0x08007780   0x08007780   0x00000084   Code   RO         8191    i.cali_data_write   calibrate_task.o
    0x08007804   0x08007804   0x0000001e   Code   RO         8192    i.cali_gimbal_hook  calibrate_task.o
    0x08007822   0x08007822   0x00000002   PAD
    0x08007824   0x08007824   0x0000005c   Code   RO         8193    i.cali_gyro_hook    calibrate_task.o
    0x08007880   0x08007880   0x00000054   Code   RO         8194    i.cali_head_hook    calibrate_task.o
    0x080078d4   0x080078d4   0x000000b8   Code   RO         8195    i.cali_param_init   calibrate_task.o
    0x0800798c   0x0800798c   0x00000148   Code   RO         8196    i.calibrate_task    calibrate_task.o
    0x08007ad4   0x08007ad4   0x00000002   Code   RO         8421    i.chassis_key_process  chassis_task.o
    0x08007ad6   0x08007ad6   0x00000002   PAD
    0x08007ad8   0x08007ad8   0x00000074   Code   RO         8422    i.chassis_mecanum_calc  chassis_task.o
    0x08007b4c   0x08007b4c   0x00000002   Code   RO         8423    i.chassis_mode_change_save  chassis_task.o
    0x08007b4e   0x08007b4e   0x00000002   PAD
    0x08007b50   0x08007b50   0x00000098   Code   RO         8424    i.chassis_rc_process  chassis_task.o
    0x08007be8   0x08007be8   0x0000005c   Code   RO         8425    i.chassis_task      chassis_task.o
    0x08007c44   0x08007c44   0x0000006c   Code   RO         7224    i.delay_init        delay.o
    0x08007cb0   0x08007cb0   0x00000050   Code   RO         7225    i.delay_ms          delay.o
    0x08007d00   0x08007d00   0x00000050   Code   RO         7226    i.delay_us          delay.o
    0x08007d50   0x08007d50   0x00000074   Code   RO         9215    i.ecd_angle_format  motor_control.o
    0x08007dc4   0x08007dc4   0x00000054   Code   RO         6772    i.first_order_filter_cali  user_lib.o
    0x08007e18   0x08007e18   0x00000024   Code   RO         6773    i.first_order_filter_init  user_lib.o
    0x08007e3c   0x08007e3c   0x00000020   Code   RO         7295    i.flash_read        flash.o
    0x08007e5c   0x08007e5c   0x000000b8   Code   RO         7297    i.flash_write_single_address  flash.o
    0x08007f14   0x08007f14   0x00000018   Code   RO         7449    i.flow_led_off      led.o
    0x08007f2c   0x08007f2c   0x0000002a   Code   RO         6774    i.fp32_constrain    user_lib.o
    0x08007f56   0x08007f56   0x00000002   PAD
    0x08007f58   0x08007f58   0x00000024   Code   RO         9074    i.fputc             user_task.o
    0x08007f7c   0x08007f7c   0x00000014   Code   RO         7364    i.fric1_on          fric.o
    0x08007f90   0x08007f90   0x00000014   Code   RO         7365    i.fric2_on          fric.o
    0x08007fa4   0x08007fa4   0x00000144   Code   RO         7366    i.fric_PWM_configuration  fric.o
    0x080080e8   0x080080e8   0x0000001c   Code   RO         7367    i.fric_off          fric.o
    0x08008104   0x08008104   0x00000038   Code   RO         7109    i.get_ADC           adc.o
    0x0800813c   0x0800813c   0x00000008   Code   RO         9125    i.get_AUTO_control_point  minipc.o
    0x08008144   0x08008144   0x00000018   Code   RO         8321    i.get_Chassis_Motor_Measure_Point  can_receive.o
    0x0800815c   0x0800815c   0x00000008   Code   RO         8815    i.get_INS_Data_point  ins_task.o
    0x08008164   0x08008164   0x00000008   Code   RO         8816    i.get_INS_angle_point  ins_task.o
    0x0800816c   0x0800816c   0x00000008   Code   RO         8818    i.get_MPU6500_Gyro_Data_Point  ins_task.o
    0x08008174   0x08008174   0x00000008   Code   RO         8322    i.get_Pitch_Gimbal_Motor_Measure_Point  can_receive.o
    0x0800817c   0x0800817c   0x00000008   Code   RO         8323    i.get_Trigger_Motor_Measure_Point  can_receive.o
    0x08008184   0x08008184   0x00000008   Code   RO         8324    i.get_Yaw_Gimbal_Motor_Measure_Point  can_receive.o
    0x0800818c   0x0800818c   0x000000e8   Code   RO         9328    i.get_angle         AHRS.lib(ahrs.o)
    0x08008274   0x08008274   0x00000008   Code   RO         8426    i.get_classis_info_point  chassis_task.o
    0x0800827c   0x0800827c   0x0000000c   Code   RO         8198    i.get_control_temperate  calibrate_task.o
    0x08008288   0x08008288   0x00000024   Code   RO         8696    i.get_gimbal_relative_angle  gimbal_task.o
    0x080082ac   0x080082ac   0x00000008   Code   RO         9250    i.get_remote_control_point  rc_dt7.o
    0x080082b4   0x080082b4   0x0000005c   Code   RO         7110    i.get_temprate      adc.o
    0x08008310   0x08008310   0x00000058   Code   RO         8698    i.gimbal_auto_process  gimbal_task.o
    0x08008368   0x08008368   0x00000002   Code   RO         8699    i.gimbal_mode_change_save  gimbal_task.o
    0x0800836a   0x0800836a   0x00000002   PAD
    0x0800836c   0x0800836c   0x000000e0   Code   RO         8700    i.gimbal_rc_process  gimbal_task.o
    0x0800844c   0x0800844c   0x000000ac   Code   RO         9216    i.gyro_angle_format  motor_control.o
    0x080084f8   0x080084f8   0x00000068   Code   RO         6631    i.gyro_offset       mpu6500driver.o
    0x08008560   0x08008560   0x00000020   Code   RO         8427    i.i_dead_zone_del   chassis_task.o
    0x08008580   0x08008580   0x00000016   Code   RO         9217    i.i_ecd_del         motor_control.o
    0x08008596   0x08008596   0x00000002   PAD
    0x08008598   0x08008598   0x00000058   Code   RO         6534    i.ist8310_GPIO_init  ist8310driver_middleware.o
    0x080085f0   0x080085f0   0x0000002c   Code   RO         6536    i.ist8310_IIC_read_single_reg  ist8310driver_middleware.o
    0x0800861c   0x0800861c   0x00000024   Code   RO         6538    i.ist8310_IIC_write_single_reg  ist8310driver_middleware.o
    0x08008640   0x08008640   0x00000010   Code   RO         6539    i.ist8310_RST_H     ist8310driver_middleware.o
    0x08008650   0x08008650   0x00000010   Code   RO         6540    i.ist8310_RST_L     ist8310driver_middleware.o
    0x08008660   0x08008660   0x00000018   Code   RO         6541    i.ist8310_auto_com_by_mpu6500  ist8310driver_middleware.o
    0x08008678   0x08008678   0x00000002   Code   RO         6542    i.ist8310_com_init  ist8310driver_middleware.o
    0x0800867a   0x0800867a   0x0000000c   Code   RO         6543    i.ist8310_delay_ms  ist8310driver_middleware.o
    0x08008686   0x08008686   0x0000000c   Code   RO         6544    i.ist8310_delay_us  ist8310driver_middleware.o
    0x08008692   0x08008692   0x00000002   PAD
    0x08008694   0x08008694   0x00000090   Code   RO         6499    i.ist8310_init      ist8310driver.o
    0x08008724   0x08008724   0x00000084   Code   RO         6501    i.ist8310_read_over  ist8310driver.o
    0x080087a8   0x080087a8   0x00000034   Code   RO         9251    i.key_dealwith      rc_dt7.o
    0x080087dc   0x080087dc   0x0000006c   Code   RO         9252    i.key_scan          rc_dt7.o
    0x08008848   0x08008848   0x0000003c   Code   RO         7409    i.laser_configuration  laser.o
    0x08008884   0x08008884   0x00000014   Code   RO         7410    i.laser_off         laser.o
    0x08008898   0x08008898   0x00000014   Code   RO         7411    i.laser_on          laser.o
    0x080088ac   0x080088ac   0x00000070   Code   RO         7452    i.led_configuration  led.o
    0x0800891c   0x0800891c   0x00000014   Code   RO         7453    i.led_green_off     led.o
    0x08008930   0x08008930   0x00000014   Code   RO         7454    i.led_green_on      led.o
    0x08008944   0x08008944   0x00000014   Code   RO         7456    i.led_red_off       led.o
    0x08008958   0x08008958   0x00000060   Code   RO         6779    i.loop_fp32_constrain  user_lib.o
    0x080089b8   0x080089b8   0x0000001e   Code   RO         6874    i.main              main.o
    0x080089d6   0x080089d6   0x00000002   PAD
    0x080089d8   0x080089d8   0x00000034   Code   RO         6685    i.mpu6500_GPIO_init  mpu6500driver_middleware.o
    0x08008a0c   0x08008a0c   0x00000010   Code   RO         6686    i.mpu6500_SPI_NS_H  mpu6500driver_middleware.o
    0x08008a1c   0x08008a1c   0x00000010   Code   RO         6687    i.mpu6500_SPI_NS_L  mpu6500driver_middleware.o
    0x08008a2c   0x08008a2c   0x00000054   Code   RO         6688    i.mpu6500_SPI_read_write_byte  mpu6500driver_middleware.o
    0x08008a80   0x08008a80   0x00000008   Code   RO         6689    i.mpu6500_com_init  mpu6500driver_middleware.o
    0x08008a88   0x08008a88   0x000000c4   Code   RO         6632    i.mpu6500_init      mpu6500driver.o
    0x08008b4c   0x08008b4c   0x0000000c   Code   RO         6690    i.mpu6500_middleware_delay_ms  mpu6500driver_middleware.o
    0x08008b58   0x08008b58   0x0000000c   Code   RO         6691    i.mpu6500_middleware_delay_us  mpu6500driver_middleware.o
    0x08008b64   0x08008b64   0x00000140   Code   RO         6635    i.mpu6500_read_over  mpu6500driver.o
    0x08008ca4   0x08008ca4   0x00000020   Code   RO         6693    i.mpu6500_read_single_reg  mpu6500driver_middleware.o
    0x08008cc4   0x08008cc4   0x00000034   Code   RO         6694    i.mpu6500_write_muli_reg  mpu6500driver_middleware.o
    0x08008cf8   0x08008cf8   0x0000001c   Code   RO         6695    i.mpu6500_write_single_reg  mpu6500driver_middleware.o
    0x08008d14   0x08008d14   0x00000030   Code   RO         5779    i.pcTaskGetName     tasks.o
    0x08008d44   0x08008d44   0x00000048   Code   RO         7535    i.power_ctrl_configuration  power_ctrl.o
    0x08008d8c   0x08008d8c   0x00000020   Code   RO         7536    i.power_ctrl_off    power_ctrl.o
    0x08008dac   0x08008dac   0x00000020   Code   RO         7537    i.power_ctrl_on     power_ctrl.o
    0x08008dcc   0x08008dcc   0x00000098   Code   RO         5780    i.prvAddCurrentTaskToDelayedList  tasks.o
    0x08008e64   0x08008e64   0x000000b8   Code   RO         5781    i.prvAddNewTaskToReadyList  tasks.o
    0x08008f1c   0x08008f1c   0x00000064   Code   RO         6149    i.prvCheckForValidListAndQueue  timers.o
    0x08008f80   0x08008f80   0x00000064   Code   RO         5782    i.prvCheckTasksWaitingTermination  tasks.o
    0x08008fe4   0x08008fe4   0x0000002a   Code   RO         5544    i.prvCopyDataFromQueue  queue.o
    0x0800900e   0x0800900e   0x0000007c   Code   RO         5545    i.prvCopyDataToQueue  queue.o
    0x0800908a   0x0800908a   0x00000012   Code   RO         5783    i.prvDeleteTCB      tasks.o
    0x0800909c   0x0800909c   0x00000028   Code   RO         6150    i.prvGetNextExpireTime  timers.o
    0x080090c4   0x080090c4   0x0000007c   Code   RO         6279    i.prvHeapInit       heap_4.o
    0x08009140   0x08009140   0x00000028   Code   RO         5784    i.prvIdleTask       tasks.o
    0x08009168   0x08009168   0x0000002e   Code   RO         5547    i.prvInitialiseNewQueue  queue.o
    0x08009196   0x08009196   0x000000b4   Code   RO         5785    i.prvInitialiseNewTask  tasks.o
    0x0800924a   0x0800924a   0x00000002   PAD
    0x0800924c   0x0800924c   0x00000068   Code   RO         5786    i.prvInitialiseTaskLists  tasks.o
    0x080092b4   0x080092b4   0x00000068   Code   RO         6280    i.prvInsertBlockIntoFreeList  heap_4.o
    0x0800931c   0x0800931c   0x00000058   Code   RO         6152    i.prvInsertTimerInActiveList  timers.o
    0x08009374   0x08009374   0x0000001a   Code   RO         5548    i.prvIsQueueEmpty   queue.o
    0x0800938e   0x0800938e   0x0000001e   Code   RO         5549    i.prvIsQueueFull    queue.o
    0x080093ac   0x080093ac   0x00000090   Code   RO         5550    i.prvNotifyQueueSetContainer  queue.o
    0x0800943c   0x0800943c   0x00000064   Code   RO         6153    i.prvProcessExpiredTimer  timers.o
    0x080094a0   0x080094a0   0x000000f8   Code   RO         6154    i.prvProcessReceivedCommands  timers.o
    0x08009598   0x08009598   0x00000074   Code   RO         6155    i.prvProcessTimerOrBlockTask  timers.o
    0x0800960c   0x0800960c   0x00000034   Code   RO         5788    i.prvResetNextTaskUnblockTime  tasks.o
    0x08009640   0x08009640   0x0000002c   Code   RO         6156    i.prvSampleTimeNow  timers.o
    0x0800966c   0x0800966c   0x0000009e   Code   RO         5789    i.prvSearchForNameWithinSingleList  tasks.o
    0x0800970a   0x0800970a   0x00000002   PAD
    0x0800970c   0x0800970c   0x000000a0   Code   RO         6157    i.prvSwitchTimerLists  timers.o
    0x080097ac   0x080097ac   0x00000016   Code   RO         5790    i.prvTaskCheckFreeStackSpace  tasks.o
    0x080097c2   0x080097c2   0x00000002   PAD
    0x080097c4   0x080097c4   0x00000040   Code   RO         6329    i.prvTaskExitError  port.o
    0x08009804   0x08009804   0x0000001a   Code   RO         6158    i.prvTimerTask      timers.o
    0x0800981e   0x0800981e   0x00000092   Code   RO         5551    i.prvUnlockQueue    queue.o
    0x080098b0   0x080098b0   0x0000013c   Code   RO         6281    i.pvPortMalloc      heap_4.o
    0x080099ec   0x080099ec   0x00000020   Code   RO         5793    i.pvTaskIncrementMutexHeldCount  tasks.o
    0x08009a0c   0x08009a0c   0x0000002c   Code   RO         6330    i.pxPortInitialiseStack  port.o
    0x08009a38   0x08009a38   0x00000084   Code   RO         9333    i.quat_normalization  AHRS.lib(ahrs.o)
    0x08009abc   0x08009abc   0x0000005a   Code   RO         6780    i.ramp_calc         user_lib.o
    0x08009b16   0x08009b16   0x00000002   PAD
    0x08009b18   0x08009b18   0x0000002c   Code   RO         6781    i.ramp_init         user_lib.o
    0x08009b44   0x08009b44   0x00000014   Code   RO         9253    i.remote_control_init  rc_dt7.o
    0x08009b58   0x08009b58   0x00000190   Code   RO         8964    i.shoot_bullet_control  shoot.o
    0x08009ce8   0x08009ce8   0x000001a8   Code   RO         8965    i.shoot_control_loop  shoot.o
    0x08009e90   0x08009e90   0x00000064   Code   RO         8966    i.shoot_done_control  shoot.o
    0x08009ef4   0x08009ef4   0x000000cc   Code   RO         8967    i.shoot_init        shoot.o
    0x08009fc0   0x08009fc0   0x000001f0   Code   RO         8968    i.shoot_ready_control  shoot.o
    0x0800a1b0   0x0800a1b0   0x0000003e   Code   RO         9927    i.sqrtf             m_wm.l(sqrtf_full.o)
    0x0800a1ee   0x0800a1ee   0x00000002   PAD
    0x0800a1f0   0x0800a1f0   0x0000002c   Code   RO         9034    i.startTast         start_task.o
    0x0800a21c   0x0800a21c   0x000000e8   Code   RO         9035    i.start_task        start_task.o
    0x0800a304   0x0800a304   0x0000003c   Code   RO         7934    i.super_cap_configuration  super_cap.o
    0x0800a340   0x0800a340   0x0000001c   Code   RO         7935    i.super_cap_none    super_cap.o
    0x0800a35c   0x0800a35c   0x0000000e   Code   RO         8199    i.switch_is_down    calibrate_task.o
    0x0800a36a   0x0800a36a   0x0000000e   Code   RO         8969    i.switch_is_down    shoot.o
    0x0800a378   0x0800a378   0x0000000e   Code   RO         8428    i.switch_is_mid     chassis_task.o
    0x0800a386   0x0800a386   0x0000000e   Code   RO         8701    i.switch_is_mid     gimbal_task.o
    0x0800a394   0x0800a394   0x0000000e   Code   RO         8970    i.switch_is_mid     shoot.o
    0x0800a3a2   0x0800a3a2   0x0000000c   Code   RO         8429    i.switch_is_up      chassis_task.o
    0x0800a3ae   0x0800a3ae   0x0000000c   Code   RO         8702    i.switch_is_up      gimbal_task.o
    0x0800a3ba   0x0800a3ba   0x00000002   PAD
    0x0800a3bc   0x0800a3bc   0x0000002c   Code   RO         7111    i.temperature_ADC_Reset  adc.o
    0x0800a3e8   0x0800a3e8   0x00000054   Code   RO         7112    i.temperature_ADC_init  adc.o
    0x0800a43c   0x0800a43c   0x00000018   Code   RO         8561    i.toe_is_error      detect_task.o
    0x0800a454   0x0800a454   0x00000074   Code   RO         5794    i.ulTaskNotifyTake  tasks.o
    0x0800a4c8   0x0800a4c8   0x0000007a   Code   RO         9334    i.update_w          AHRS.lib(ahrs.o)
    0x0800a542   0x0800a542   0x00000028   Code   RO         5507    i.uxListRemove      list.o
    0x0800a56a   0x0800a56a   0x00000002   PAD
    0x0800a56c   0x0800a56c   0x00000028   Code   RO         5796    i.uxTaskGetStackHighWaterMark  tasks.o
    0x0800a594   0x0800a594   0x0000001a   Code   RO         5508    i.vListInitialise   list.o
    0x0800a5ae   0x0800a5ae   0x00000006   Code   RO         5509    i.vListInitialiseItem  list.o
    0x0800a5b4   0x0800a5b4   0x00000034   Code   RO         5510    i.vListInsert       list.o
    0x0800a5e8   0x0800a5e8   0x00000018   Code   RO         5511    i.vListInsertEnd    list.o
    0x0800a600   0x0800a600   0x00000054   Code   RO         6332    i.vPortEnterCritical  port.o
    0x0800a654   0x0800a654   0x0000003c   Code   RO         6333    i.vPortExitCritical  port.o
    0x0800a690   0x0800a690   0x00000094   Code   RO         6282    i.vPortFree         heap_4.o
    0x0800a724   0x0800a724   0x00000002   Code   RO         8613    i.vPortSetupTimerInterrupt  freertos_middleware.o
    0x0800a726   0x0800a726   0x00000002   PAD
    0x0800a728   0x0800a728   0x00000078   Code   RO         6334    i.vPortValidateInterruptPriority  port.o
    0x0800a7a0   0x0800a7a0   0x0000002c   Code   RO         5557    i.vQueueAddToRegistry  queue.o
    0x0800a7cc   0x0800a7cc   0x0000004a   Code   RO         5561    i.vQueueWaitForMessageRestricted  queue.o
    0x0800a816   0x0800a816   0x00000002   PAD
    0x0800a818   0x0800a818   0x0000005c   Code   RO         5802    i.vTaskDelay        tasks.o
    0x0800a874   0x0800a874   0x000000f4   Code   RO         5804    i.vTaskDelete       tasks.o
    0x0800a968   0x0800a968   0x0000000c   Code   RO         5808    i.vTaskMissedYield  tasks.o
    0x0800a974   0x0800a974   0x000000f0   Code   RO         5809    i.vTaskNotifyGiveFromISR  tasks.o
    0x0800aa64   0x0800aa64   0x00000038   Code   RO         5810    i.vTaskPlaceOnEventList  tasks.o
    0x0800aa9c   0x0800aa9c   0x00000040   Code   RO         5811    i.vTaskPlaceOnEventListRestricted  tasks.o
    0x0800aadc   0x0800aadc   0x000000b0   Code   RO         5813    i.vTaskPriorityInherit  tasks.o
    0x0800ab8c   0x0800ab8c   0x00000030   Code   RO         5817    i.vTaskSetTimeOutState  tasks.o
    0x0800abbc   0x0800abbc   0x00000094   Code   RO         5818    i.vTaskStartScheduler  tasks.o
    0x0800ac50   0x0800ac50   0x00000010   Code   RO         5820    i.vTaskSuspendAll   tasks.o
    0x0800ac60   0x0800ac60   0x0000008c   Code   RO         5821    i.vTaskSwitchContext  tasks.o
    0x0800acec   0x0800acec   0x0000013c   Code   RO         6335    i.xPortStartScheduler  port.o
    0x0800ae28   0x0800ae28   0x00000034   Code   RO         6336    i.xPortSysTickHandler  port.o
    0x0800ae5c   0x0800ae5c   0x00000058   Code   RO         5566    i.xQueueGenericCreate  queue.o
    0x0800aeb4   0x0800aeb4   0x000001c4   Code   RO         5567    i.xQueueGenericReceive  queue.o
    0x0800b078   0x0800b078   0x00000098   Code   RO         5568    i.xQueueGenericReset  queue.o
    0x0800b110   0x0800b110   0x000001c8   Code   RO         5569    i.xQueueGenericSend  queue.o
    0x0800b2d8   0x0800b2d8   0x00000108   Code   RO         5570    i.xQueueGenericSendFromISR  queue.o
    0x0800b3e0   0x0800b3e0   0x0000008c   Code   RO         5822    i.xTaskCheckForTimeOut  tasks.o
    0x0800b46c   0x0800b46c   0x00000060   Code   RO         5823    i.xTaskCreate       tasks.o
    0x0800b4cc   0x0800b4cc   0x000000a4   Code   RO         5827    i.xTaskGetHandle    tasks.o
    0x0800b570   0x0800b570   0x00000020   Code   RO         5828    i.xTaskGetSchedulerState  tasks.o
    0x0800b590   0x0800b590   0x0000000c   Code   RO         5829    i.xTaskGetTickCount  tasks.o
    0x0800b59c   0x0800b59c   0x00000148   Code   RO         5831    i.xTaskIncrementTick  tasks.o
    0x0800b6e4   0x0800b6e4   0x000000c8   Code   RO         5834    i.xTaskPriorityDisinherit  tasks.o
    0x0800b7ac   0x0800b7ac   0x00000098   Code   RO         5835    i.xTaskRemoveFromEventList  tasks.o
    0x0800b844   0x0800b844   0x00000104   Code   RO         5837    i.xTaskResumeAll    tasks.o
    0x0800b948   0x0800b948   0x00000054   Code   RO         6162    i.xTimerCreateTimerTask  timers.o
    0x0800b99c   0x0800b99c   0x00000084   Code   RO         6163    i.xTimerGenericCommand  timers.o
    0x0800ba20   0x0800ba20   0x0000000c   Data   RO         6502    .constdata          ist8310driver.o
    0x0800ba2c   0x0800ba2c   0x0000002a   Data   RO         6637    .constdata          mpu6500driver.o
    0x0800ba56   0x0800ba56   0x00000302   Data   RO         8149    .constdata          crc.o
    0x0800bd58   0x0800bd58   0x0000000f   Data   RO         8201    .constdata          calibrate_task.o
    0x0800bd67   0x0800bd67   0x00000001   PAD
    0x0800bd68   0x0800bd68   0x00000020   Data   RO         8431    .constdata          chassis_task.o
    0x0800bd88   0x0800bd88   0x00000008   Data   RO         8704    .constdata          gimbal_task.o
    0x0800bd90   0x0800bd90   0x00000030   Data   RO         8820    .constdata          ins_task.o
    0x0800bdc0   0x0800bdc0   0x00000018   Data   RO         8972    .constdata          shoot.o
    0x0800bdd8   0x0800bdd8   0x0000000c   Data   RO         9335    .constdata          AHRS.lib(ahrs.o)
    0x0800bde4   0x0800bde4   0x00000804   Data   RO         9545    .constdata          arm_cortexM4lf_math.lib(arm_common_tables.o)
    0x0800c5e8   0x0800c5e8   0x00000020   Data   RO         9984    Region$$Table       anon$$obj.o


    Execution Region RW_IRAM1 (Exec base: 0x20000000, Load base: 0x0800c608, Size: 0x000216e8, Max: 0x00030000, ABSOLUTE, COMPRESSED[0x000000b4])

    Exec Addr    Load Addr    Size         Type   Attr      Idx    E Section Name        Object

    0x20000000   COMPRESSED   0x00000014   Data   RW          190    .data               system_stm32f4xx.o
    0x20000014   COMPRESSED   0x00000010   Data   RW         3215    .data               stm32f4xx_rcc.o
    0x20000024   COMPRESSED   0x0000003c   Data   RW         5840    .data               tasks.o
    0x20000060   COMPRESSED   0x00000014   Data   RW         6169    .data               timers.o
    0x20000074   COMPRESSED   0x00000018   Data   RW         6287    .data               heap_4.o
    0x2000008c   COMPRESSED   0x0000000c   Data   RW         6337    .data               port.o
    0x20000098   COMPRESSED   0x00000001   Data   RW         6638    .data               mpu6500driver.o
    0x20000099   COMPRESSED   0x00000003   PAD
    0x2000009c   COMPRESSED   0x00000008   Data   RW         7227    .data               delay.o
    0x200000a4   COMPRESSED   0x00000008   Data   RW         8064    .data               usart.o
    0x200000ac   COMPRESSED   0x00000002   Data   RW         8150    .data               crc.o
    0x200000ae   COMPRESSED   0x00000002   PAD
    0x200000b0   COMPRESSED   0x00000054   Data   RW         8202    .data               calibrate_task.o
    0x20000104   COMPRESSED   0x00000001   Data   RW         8326    .data               can_receive.o
    0x20000105   COMPRESSED   0x00000003   PAD
    0x20000108   COMPRESSED   0x00000008   Data   RW         8432    .data               chassis_task.o
    0x20000110   COMPRESSED   0x00000008   Data   RW         8614    .data               freertos_middleware.o
    0x20000118   COMPRESSED   0x00000488   Data   RW         8705    .data               gimbal_task.o
    0x200005a0   COMPRESSED   0x00000080   Data   RW         8821    .data               ins_task.o
    0x20000620   COMPRESSED   0x0000001c   Data   RW         8973    .data               shoot.o
    0x2000063c   COMPRESSED   0x0000001c   Data   RW         9036    .data               start_task.o
    0x20000658   COMPRESSED   0x00000004   Data   RW         9076    .data               user_task.o
    0x2000065c   COMPRESSED   0x00000005   Data   RW         9127    .data               minipc.o
    0x20000661   COMPRESSED   0x00000008   Data   RW         9190    .data               judge_system.o
    0x20000669   COMPRESSED   0x00000003   PAD
    0x2000066c   COMPRESSED   0x0000000c   Data   RW         9257    .data               rc_dt7.o
    0x20000678   COMPRESSED   0x00000010   Data   RW         9336    .data               AHRS.lib(ahrs.o)
    0x20000688   COMPRESSED   0x00000004   Data   RW         9953    .data               mc_w.l(stdout.o)
    0x2000068c   COMPRESSED   0x00000004   Data   RW         9961    .data               mc_w.l(errno.o)
    0x20000690        -       0x00000040   Zero   RW         5581    .bss                queue.o
    0x200006d0        -       0x000002e4   Zero   RW         5839    .bss                tasks.o
    0x200009b4        -       0x00000028   Zero   RW         6168    .bss                timers.o
    0x200009dc        -       0x00020000   Zero   RW         6286    .bss                heap_4.o
    0x200209dc        -       0x000000c8   Zero   RW         8063    .bss                usart.o
    0x20020aa4        -       0x0000009d   Zero   RW         8200    .bss                calibrate_task.o
    0x20020b41   COMPRESSED   0x00000003   PAD
    0x20020b44        -       0x00000084   Zero   RW         8325    .bss                can_receive.o
    0x20020bc8        -       0x00000218   Zero   RW         8430    .bss                chassis_task.o
    0x20020de0        -       0x00000144   Zero   RW         8562    .bss                detect_task.o
    0x20020f24        -       0x000000b4   Zero   RW         8703    .bss                gimbal_task.o
    0x20020fd8        -       0x00000148   Zero   RW         8819    .bss                ins_task.o
    0x20021120        -       0x000000a8   Zero   RW         8971    .bss                shoot.o
    0x200211c8        -       0x0000000c   Zero   RW         9075    .bss                user_task.o
    0x200211d4        -       0x0000001e   Zero   RW         9126    .bss                minipc.o
    0x200211f2        -       0x0000007f   Zero   RW         9189    .bss                judge_system.o
    0x20021271   COMPRESSED   0x00000001   PAD
    0x20021272        -       0x00000074   Zero   RW         9256    .bss                rc_dt7.o
    0x200212e6   COMPRESSED   0x00000002   PAD
    0x200212e8        -       0x00000400   Zero   RW            1    STACK               startup_stm32f427xx.o


==============================================================================

Image component sizes


      Code (inc. data)   RO Data    RW Data    ZI Data      Debug   Object Name

       276         26          0          0          0       2306   adc.o
       196         12          0          0          0       5360   ahrs_middleware.o
       228         20          0          0          0       1919   buzzer.o
      1852        110         15         84        157      22780   calibrate_task.o
       548         16          0          0          0       2118   can.o
       744         88          0          1        132       8333   can_receive.o
      2254        160         32          8        536      17804   chassis_task.o
       200         14        770          2          0       3597   crc.o
         0          0          0          0          0       7232   croutine.o
       268         26          0          8          0       2207   delay.o
       316          8          0          0        324       4350   detect_task.o
         0          0          0          0          0      11868   event_groups.o
       136          6          0          0          0        724   exit_init.o
      1148        178          0          0          0       4202   flash.o
        66          8          0          8          0       2434   freertos_middleware.o
       392         34          0          0          0       2398   fric.o
      3374        238          8       1160        180      15138   gimbal_task.o
       692         62          0         24     131072       4479   heap_4.o
      1712        226         48        128        328      12165   ins_task.o
       276         10         12          0          0       2583   ist8310driver.o
       250         24          0          0          0       5760   ist8310driver_middleware.o
       268         22          0          8        127       1515   judge_system.o
       100         18          0          0          0       1569   laser.o
       264         44          0          0          0       3184   led.o
       148          0          0          0          0       3302   list.o
       168          0          0          0          0       3990   main.o
       140         18          0          5         30       2630   minipc.o
       180         24          0          0          0       2081   misc.o
       410         24          0          0          0       3313   motor_control.o
       620         26         42          1          0       4325   mpu6500driver.o
       312         18          0          0          0       6611   mpu6500driver_middleware.o
       592          8          0          0          0       2414   pid.o
       922         86          0         12          0      11158   port.o
       136         18          0          0          0       1848   power_ctrl.o
      2088         22          0          0         64      17213   queue.o
       348         24          0          0          0       1802   rc.o
       650         42          0         12        116       4384   rc_dt7.o
      2456        234         24         28        168       8810   shoot.o
       604         36          0          0          0       2723   spi.o
       276        120          0         28          0       1554   start_task.o
        52         14        428          0       1024        860   startup_stm32f427xx.o
       424         34          0          0          0       6661   stm32f4xx_adc.o
      1566         16          0          0          0       6430   stm32f4xx_can.o
       730         54          0          0          0       8726   stm32f4xx_dma.o
       184         16          0          0          0       2088   stm32f4xx_exti.o
       402         40          0          0          0       4497   stm32f4xx_flash.o
       222          0          0          0          0       2875   stm32f4xx_gpio.o
        20          0          0          0          0     354697   stm32f4xx_it.o
       392         48          0         16          0       5853   stm32f4xx_rcc.o
       130          0          0          0          0       4107   stm32f4xx_spi.o
        64          4          0          0          0        656   stm32f4xx_syscfg.o
      1158        110          0          0          0      11240   stm32f4xx_tim.o
       706         42          0          0          0       6784   stm32f4xx_usart.o
        88         10          0          0          0     260523   super_cap.o
       392         32          0         20          0     325685   system_stm32f4xx.o
      3866        474          0         60        740      29274   tasks.o
       340         14          0          0          0       1572   timer.o
      1138        116          0         20         40      17483   timers.o
       828         78          0          8        200       9308   usart.o
       392          8          0          0          0       4967   user_lib.o
       280         46          0          4         12       6600   user_task.o

    ----------------------------------------------------------------------
     39056       3206       1412       1656     135256    1295069   Object Totals
         0          0         32          0          0          0   (incl. Generated)
        72          0          1         11          6          0   (incl. Padding)

    ----------------------------------------------------------------------

      Code (inc. data)   RO Data    RW Data    ZI Data      Debug   Library Member Name

      2718         84         12         16          0       9922   ahrs.o
         0          0       2052          0          0       4636   arm_common_tables.o
       120         12          0          0          0      16970   arm_cos_f32.o
       116         12          0          0          0        658   arm_sin_f32.o
       300         42          0          0          0        176   asinf.o
       684         90          0          0          0        208   atan2f.o
        20          0          0          0          0        124   fabs.o
        38          0          0          0          0        116   fpclassifyf.o
        44         12          0          0          0        464   funder.o
        62          0          0          0          0        136   sqrtf_full.o
        86          0          0          0          0          0   __dczerorl2.o
         0          0          0          0          0          0   entry.o
         0          0          0          0          0          0   entry10a.o
         0          0          0          0          0          0   entry11a.o
         4          0          0          0          0          0   entry12b.o
         8          4          0          0          0          0   entry2.o
         4          0          0          0          0          0   entry5.o
         0          0          0          0          0          0   entry7b.o
         0          0          0          0          0          0   entry8b.o
         8          4          0          0          0          0   entry9a.o
        12          6          0          4          0         68   errno.o
        30          0          0          0          0          0   handlers.o
        36          8          0          0          0         68   init.o
         0          0          0          0          0          0   iusefp.o
        30          0          0          0          0         68   llshl.o
        36          0          0          0          0         68   llsshr.o
        32          0          0          0          0         68   llushr.o
        36          0          0          0          0         68   memcpya.o
        36          0          0          0          0        108   memseta.o
      2218         90          0          0          0        464   printfa.o
         0          0          0          4          0          0   stdout.o
        14          0          0          0          0         68   strlen.o
        44          0          0          0          0         80   uidiv.o
        98          0          0          0          0         92   uldiv.o
        48          0          0          0          0         68   cdcmple.o
        48          0          0          0          0         68   cdrcmple.o
        56          0          0          0          0         88   d2f.o
       334          0          0          0          0        148   dadd.o
       222          0          0          0          0        100   ddiv.o
       186          0          0          0          0        176   depilogue.o
        48          0          0          0          0         68   dfixul.o
       228          0          0          0          0         96   dmul.o
        38          0          0          0          0         68   f2d.o
       110          0          0          0          0        168   fepilogue.o

    ----------------------------------------------------------------------
      8164        364       2064         24          0      35678   Library Totals
        12          0          0          0          0          0   (incl. Padding)

    ----------------------------------------------------------------------

      Code (inc. data)   RO Data    RW Data    ZI Data      Debug   Library Name

      2718         84         12         16          0       9922   AHRS.lib
       236         24       2052          0          0      22264   arm_cortexM4lf_math.lib
      1148        144          0          0          0       1224   m_wm.l
      2732        112          0          8          0       1220   mc_w.l
      1318          0          0          0          0       1048   mf_w.l

    ----------------------------------------------------------------------
      8164        364       2064         24          0      35678   Library Totals

    ----------------------------------------------------------------------

==============================================================================


      Code (inc. data)   RO Data    RW Data    ZI Data      Debug   

     47220       3570       3476       1680     135256    1293287   Grand Totals
     47220       3570       3476        180     135256    1293287   ELF Image Totals (compressed)
     47220       3570       3476        180          0          0   ROM Totals

==============================================================================

    Total RO  Size (Code + RO Data)                50696 (  49.51kB)
    Total RW  Size (RW Data + ZI Data)            136936 ( 133.73kB)
    Total ROM Size (Code + RO Data + RW Data)      50876 (  49.68kB)

==============================================================================

