Component: ARM Compiler 5.06 update 7 (build 960) Tool: armlink [4d3601]

==============================================================================

Section Cross References

    startup_stm32f427xx.o(RESET) refers to startup_stm32f427xx.o(STACK) for __initial_sp
    startup_stm32f427xx.o(RESET) refers to startup_stm32f427xx.o(.text) for Reset_Handler
    startup_stm32f427xx.o(RESET) refers to stm32f4xx_it.o(i.NMI_Handler) for NMI_Handler
    startup_stm32f427xx.o(RESET) refers to stm32f4xx_it.o(i.HardFault_Handler) for HardFault_Handler
    startup_stm32f427xx.o(RESET) refers to stm32f4xx_it.o(i.MemManage_Handler) for MemManage_Handler
    startup_stm32f427xx.o(RESET) refers to stm32f4xx_it.o(i.BusFault_Handler) for BusFault_Handler
    startup_stm32f427xx.o(RESET) refers to stm32f4xx_it.o(i.UsageFault_Handler) for UsageFault_Handler
    startup_stm32f427xx.o(RESET) refers to port.o(.emb_text) for SVC_Handler
    startup_stm32f427xx.o(RESET) refers to stm32f4xx_it.o(i.DebugMon_Handler) for DebugMon_Handler
    startup_stm32f427xx.o(RESET) refers to freertos_middleware.o(i.SysTick_Handler) for SysTick_Handler
    startup_stm32f427xx.o(RESET) refers to can_receive.o(i.CAN1_RX0_IRQHandler) for CAN1_RX0_IRQHandler
    startup_stm32f427xx.o(RESET) refers to ins_task.o(i.EXTI9_5_IRQHandler) for EXTI9_5_IRQHandler
    startup_stm32f427xx.o(RESET) refers to freertos_middleware.o(i.TIM3_IRQHandler) for TIM3_IRQHandler
    startup_stm32f427xx.o(RESET) refers to rc_dt7.o(i.USART1_IRQHandler) for USART1_IRQHandler
    startup_stm32f427xx.o(RESET) refers to can_receive.o(i.TIM6_DAC_IRQHandler) for TIM6_DAC_IRQHandler
    startup_stm32f427xx.o(RESET) refers to can_receive.o(i.CAN2_RX0_IRQHandler) for CAN2_RX0_IRQHandler
    startup_stm32f427xx.o(RESET) refers to ins_task.o(i.DMA2_Stream5_IRQHandler) for DMA2_Stream5_IRQHandler
    startup_stm32f427xx.o(RESET) refers to usart.o(i.USART6_IRQHandler) for USART6_IRQHandler
    startup_stm32f427xx.o(RESET) refers to usart.o(i.UART7_IRQHandler) for UART7_IRQHandler
    startup_stm32f427xx.o(RESET) refers to usart.o(i.UART8_IRQHandler) for UART8_IRQHandler
    startup_stm32f427xx.o(.text) refers to system_stm32f4xx.o(i.SystemInit) for SystemInit
    startup_stm32f427xx.o(.text) refers to entry.o(.ARM.Collect$$$$00000000) for __main
    system_stm32f4xx.o(i.SystemCoreClockUpdate) refers to system_stm32f4xx.o(.data) for SystemCoreClock
    system_stm32f4xx.o(i.SystemInit) refers to system_stm32f4xx.o(i.SetSysClock) for SetSysClock
    stm32f4xx_adc.o(i.ADC_DeInit) refers to stm32f4xx_rcc.o(i.RCC_APB2PeriphResetCmd) for RCC_APB2PeriphResetCmd
    stm32f4xx_can.o(i.CAN_DeInit) refers to stm32f4xx_rcc.o(i.RCC_APB1PeriphResetCmd) for RCC_APB1PeriphResetCmd
    stm32f4xx_can.o(i.CAN_GetITStatus) refers to stm32f4xx_can.o(i.CheckITStatus) for CheckITStatus
    stm32f4xx_cryp.o(i.CRYP_DeInit) refers to stm32f4xx_rcc.o(i.RCC_AHB2PeriphResetCmd) for RCC_AHB2PeriphResetCmd
    stm32f4xx_cryp_aes.o(i.CRYP_AES_CBC) refers to stm32f4xx_cryp.o(i.CRYP_KeyStructInit) for CRYP_KeyStructInit
    stm32f4xx_cryp_aes.o(i.CRYP_AES_CBC) refers to stm32f4xx_cryp.o(i.CRYP_FIFOFlush) for CRYP_FIFOFlush
    stm32f4xx_cryp_aes.o(i.CRYP_AES_CBC) refers to stm32f4xx_cryp.o(i.CRYP_Init) for CRYP_Init
    stm32f4xx_cryp_aes.o(i.CRYP_AES_CBC) refers to stm32f4xx_cryp.o(i.CRYP_KeyInit) for CRYP_KeyInit
    stm32f4xx_cryp_aes.o(i.CRYP_AES_CBC) refers to stm32f4xx_cryp.o(i.CRYP_Cmd) for CRYP_Cmd
    stm32f4xx_cryp_aes.o(i.CRYP_AES_CBC) refers to stm32f4xx_cryp.o(i.CRYP_GetFlagStatus) for CRYP_GetFlagStatus
    stm32f4xx_cryp_aes.o(i.CRYP_AES_CBC) refers to stm32f4xx_cryp.o(i.CRYP_IVInit) for CRYP_IVInit
    stm32f4xx_cryp_aes.o(i.CRYP_AES_CBC) refers to stm32f4xx_cryp.o(i.CRYP_GetCmdStatus) for CRYP_GetCmdStatus
    stm32f4xx_cryp_aes.o(i.CRYP_AES_CBC) refers to stm32f4xx_cryp.o(i.CRYP_DataIn) for CRYP_DataIn
    stm32f4xx_cryp_aes.o(i.CRYP_AES_CBC) refers to stm32f4xx_cryp.o(i.CRYP_DataOut) for CRYP_DataOut
    stm32f4xx_cryp_aes.o(i.CRYP_AES_CCM) refers to stm32f4xx_cryp.o(i.CRYP_KeyStructInit) for CRYP_KeyStructInit
    stm32f4xx_cryp_aes.o(i.CRYP_AES_CCM) refers to stm32f4xx_cryp.o(i.CRYP_FIFOFlush) for CRYP_FIFOFlush
    stm32f4xx_cryp_aes.o(i.CRYP_AES_CCM) refers to stm32f4xx_cryp.o(i.CRYP_KeyInit) for CRYP_KeyInit
    stm32f4xx_cryp_aes.o(i.CRYP_AES_CCM) refers to stm32f4xx_cryp.o(i.CRYP_IVInit) for CRYP_IVInit
    stm32f4xx_cryp_aes.o(i.CRYP_AES_CCM) refers to stm32f4xx_cryp.o(i.CRYP_Init) for CRYP_Init
    stm32f4xx_cryp_aes.o(i.CRYP_AES_CCM) refers to stm32f4xx_cryp.o(i.CRYP_PhaseConfig) for CRYP_PhaseConfig
    stm32f4xx_cryp_aes.o(i.CRYP_AES_CCM) refers to stm32f4xx_cryp.o(i.CRYP_DataIn) for CRYP_DataIn
    stm32f4xx_cryp_aes.o(i.CRYP_AES_CCM) refers to stm32f4xx_cryp.o(i.CRYP_Cmd) for CRYP_Cmd
    stm32f4xx_cryp_aes.o(i.CRYP_AES_CCM) refers to stm32f4xx_cryp.o(i.CRYP_GetCmdStatus) for CRYP_GetCmdStatus
[...]
    __aeabi_memclr                           0x080003cf   Thumb Code     4  memseta.o(.text)
    __aeabi_memclr4                          0x080003cf   Thumb Code     0  memseta.o(.text)
    __aeabi_memclr8                          0x080003cf   Thumb Code     0  memseta.o(.text)
    _memset$wrapper                          0x080003d3   Thumb Code    18  memseta.o(.text)
    strlen                                   0x080003e5   Thumb Code    14  strlen.o(.text)
    __aeabi_f2d                              0x080003f3   Thumb Code    38  f2d.o(.text)
    __aeabi_d2f                              0x08000419   Thumb Code    56  d2f.o(.text)
    __I$use$fp                               0x08000451   Thumb Code     0  iusefp.o(.text)
    _float_round                             0x08000451   Thumb Code    18  fepilogue.o(.text)
    _float_epilogue                          0x08000463   Thumb Code    92  fepilogue.o(.text)
    __scatterload                            0x080004c1   Thumb Code    28  init.o(.text)
    __scatterload_rt2                        0x080004c1   Thumb Code     0  init.o(.text)
    __decompress                             0x080004e5   Thumb Code     0  __dczerorl2.o(.text)
    __decompress1                            0x080004e5   Thumb Code    86  __dczerorl2.o(.text)
    ADC_ClearFlag                            0x0800053b   Thumb Code     6  stm32f4xx_adc.o(i.ADC_ClearFlag)
    ADC_Cmd                                  0x08000541   Thumb Code    22  stm32f4xx_adc.o(i.ADC_Cmd)
    ADC_CommonInit                           0x08000559   Thumb Code    34  stm32f4xx_adc.o(i.ADC_CommonInit)
    ADC_GetConversionValue                   0x08000589   Thumb Code     8  stm32f4xx_adc.o(i.ADC_GetConversionValue)
    ADC_GetFlagStatus                        0x08000591   Thumb Code    18  stm32f4xx_adc.o(i.ADC_GetFlagStatus)
    ADC_Init                                 0x080005a5   Thumb Code    74  stm32f4xx_adc.o(i.ADC_Init)
    ADC_RegularChannelConfig                 0x080005f9   Thumb Code   184  stm32f4xx_adc.o(i.ADC_RegularChannelConfig)
    ADC_SoftwareStartConv                    0x080006b1   Thumb Code    10  stm32f4xx_adc.o(i.ADC_SoftwareStartConv)
    ADC_TempSensorVrefintCmd                 0x080006bd   Thumb Code    34  stm32f4xx_adc.o(i.ADC_TempSensorVrefintCmd)
    AHRS_asinf                               0x080006e9   Thumb Code    24  ahrs_middleware.o(i.AHRS_asinf)
    AHRS_atan2f                              0x08000701   Thumb Code    32  ahrs_middleware.o(i.AHRS_atan2f)
    AHRS_cosf                                0x08000721   Thumb Code    24  ahrs_middleware.o(i.AHRS_cosf)
    AHRS_get_height                          0x08000755   Thumb Code    12  ahrs_middleware.o(i.AHRS_get_height)
    AHRS_get_latitude                        0x08000765   Thumb Code    12  ahrs_middleware.o(i.AHRS_get_latitude)
    AHRS_init                                0x08000775   Thumb Code   626  ahrs.o(i.AHRS_init)
    AHRS_invSqrt                             0x08000a11   Thumb Code    56  ahrs_middleware.o(i.AHRS_invSqrt)
    AHRS_sinf                                0x08000a4d   Thumb Code    24  ahrs_middleware.o(i.AHRS_sinf)
    AHRS_update                              0x08000a65   Thumb Code   314  ahrs.o(i.AHRS_update)
    Append_CRC16_Check_Sum                   0x08000ba1   Thumb Code    44  crc.o(i.Append_CRC16_Check_Sum)
    Append_CRC8_Check_Sum                    0x08000bd1   Thumb Code    38  crc.o(i.Append_CRC8_Check_Sum)
    BSP_init                                 0x08000bf7   Thumb Code   142  main.o(i.BSP_init)
    BusFault_Handler                         0x08000c85   Thumb Code     4  stm32f4xx_it.o(i.BusFault_Handler)
    CAN1_RX0_IRQHandler                      0x08000c89   Thumb Code    38  can_receive.o(i.CAN1_RX0_IRQHandler)
    CAN1_mode_init                           0x08000cb9   Thumb Code   264  can.o(i.CAN1_mode_init)
    CAN2_RX0_IRQHandler                      0x08000dc9   Thumb Code    38  can_receive.o(i.CAN2_RX0_IRQHandler)
    CAN2_mode_init                           0x08000df9   Thumb Code   268  can.o(i.CAN2_mode_init)
    CAN_CMD_CHASSIS                          0x08000f0d   Thumb Code    94  can_receive.o(i.CAN_CMD_CHASSIS)
    CAN_CMD_GIMBAL                           0x08000f71   Thumb Code    68  can_receive.o(i.CAN_CMD_GIMBAL)
    CAN_ClearITPendingBit                    0x08000fbd   Thumb Code   162  stm32f4xx_can.o(i.CAN_ClearITPendingBit)
    CAN_FilterInit                           0x08001065   Thumb Code   258  stm32f4xx_can.o(i.CAN_FilterInit)
    CAN_GetITStatus                          0x0800116d   Thumb Code   284  stm32f4xx_can.o(i.CAN_GetITStatus)
    CAN_ITConfig                             0x0800128d   Thumb Code    18  stm32f4xx_can.o(i.CAN_ITConfig)
    CAN_Init                                 0x0800129f   Thumb Code   276  stm32f4xx_can.o(i.CAN_Init)
    CAN_Receive                              0x080013b3   Thumb Code   240  stm32f4xx_can.o(i.CAN_Receive)
    CAN_Transmit                             0x080014a3   Thumb Code   294  stm32f4xx_can.o(i.CAN_Transmit)
    DMA2_Stream5_IRQHandler                  0x08002025   Thumb Code    66  ins_task.o(i.DMA2_Stream5_IRQHandler)
    DMA_ClearFlag                            0x0800207d   Thumb Code    38  stm32f4xx_dma.o(i.DMA_ClearFlag)
    DMA_Cmd                                  0x080020b1   Thumb Code    22  stm32f4xx_dma.o(i.DMA_Cmd)
    DMA_DeInit                               0x080020c9   Thumb Code   324  stm32f4xx_dma.o(i.DMA_DeInit)
    DMA_DoubleBufferModeCmd                  0x08002221   Thumb Code    22  stm32f4xx_dma.o(i.DMA_DoubleBufferModeCmd)
    DMA_DoubleBufferModeConfig               0x08002237   Thumb Code    24  stm32f4xx_dma.o(i.DMA_DoubleBufferModeConfig)
    DMA_GetCmdStatus                         0x0800224f   Thumb Code    20  stm32f4xx_dma.o(i.DMA_GetCmdStatus)
    DMA_GetCurrDataCounter                   0x08002263   Thumb Code     8  stm32f4xx_dma.o(i.DMA_GetCurrDataCounter)
    DMA_GetCurrentMemoryTarget               0x0800226b   Thumb Code    20  stm32f4xx_dma.o(i.DMA_GetCurrentMemoryTarget)
    DMA_GetFlagStatus                        0x08002281   Thumb Code    54  stm32f4xx_dma.o(i.DMA_GetFlagStatus)
    DMA_ITConfig                             0x080022c5   Thumb Code    58  stm32f4xx_dma.o(i.DMA_ITConfig)
    DMA_Init                                 0x08002301   Thumb Code    82  stm32f4xx_dma.o(i.DMA_Init)
    DMA_SetCurrDataCounter                   0x08002359   Thumb Code     4  stm32f4xx_dma.o(i.DMA_SetCurrDataCounter)
    Data_Send_to_Vision                      0x0800235d   Thumb Code    50  minipc.o(i.Data_Send_to_Vision)
    DebugMon_Handler                         0x08002395   Thumb Code     2  stm32f4xx_it.o(i.DebugMon_Handler)
    DebugUsart_SendData                      0x08002397   Thumb Code    28  usart.o(i.DebugUsart_SendData)
    Debug_Usart_Init                         0x080023b5   Thumb Code   172  usart.o(i.Debug_Usart_Init)
    DetectHook                               0x08002469   Thumb Code   288  detect_task.o(i.DetectHook)
    EXTI9_5_IRQHandler                       0x0800258d   Thumb Code    32  ins_task.o(i.EXTI9_5_IRQHandler)
    EXTI_ClearITPendingBit                   0x080025ad   Thumb Code     6  stm32f4xx_exti.o(i.EXTI_ClearITPendingBit)
    EXTI_GetITStatus                         0x080025b9   Thumb Code    20  stm32f4xx_exti.o(i.EXTI_GetITStatus)
    EXTI_Init                                0x080025d1   Thumb Code   142  stm32f4xx_exti.o(i.EXTI_Init)
    GIMBAL_task                              0x08002665   Thumb Code    88  gimbal_task.o(i.GIMBAL_task)
    GPIOB_Exti8_GPIO_Init                    0x080026c1   Thumb Code   130  exit_init.o(i.GPIOB_Exti8_GPIO_Init)
    GPIO_Init                                0x08002749   Thumb Code   144  stm32f4xx_gpio.o(i.GPIO_Init)
    GPIO_PinAFConfig                         0x080027d9   Thumb Code    70  stm32f4xx_gpio.o(i.GPIO_PinAFConfig)
    GPIO_ResetBits                           0x0800281f   Thumb Code     4  stm32f4xx_gpio.o(i.GPIO_ResetBits)
    GPIO_SetBits                             0x08002823   Thumb Code     4  stm32f4xx_gpio.o(i.GPIO_SetBits)
    Get_CRC16_Check_Sum                      0x08002829   Thumb Code    46  crc.o(i.Get_CRC16_Check_Sum)
    Get_CRC8_Check_Sum                       0x0800285d   Thumb Code    32  crc.o(i.Get_CRC8_Check_Sum)
    HardFault_Handler                        0x0800373d   Thumb Code     4  stm32f4xx_it.o(i.HardFault_Handler)
    INSTask                                  0x0800392d   Thumb Code   700  ins_task.o(i.INSTask)
    INS_cali_gyro                            0x08003cd1   Thumb Code    96  ins_task.o(i.INS_cali_gyro)
    INS_set_cali_gyro                        0x08003d45   Thumb Code    28  ins_task.o(i.INS_set_cali_gyro)
    Judge_Read_Data                          0x08003d65   Thumb Code   420  judge_system.o(i.Judge_Read_Data)
    Judge_Usart_DMA_Init                     0x08003f59   Thumb Code   106  usart.o(i.Judge_Usart_DMA_Init)
    Judge_Usart_Init                         0x08003fd1   Thumb Code   192  usart.o(i.Judge_Usart_Init)
    MemManage_Handler                        0x08004099   Thumb Code     4  stm32f4xx_it.o(i.MemManage_Handler)
    NMI_Handler                              0x0800409d   Thumb Code     2  stm32f4xx_it.o(i.NMI_Handler)
    NVIC_Init                                0x080040a1   Thumb Code   106  misc.o(i.NVIC_Init)
    NVIC_PriorityGroupConfig                 0x08004119   Thumb Code    10  misc.o(i.NVIC_PriorityGroupConfig)
    OLED_init                                0x0800412d   Thumb Code    60  led.o(i.OLED_init)
    PID_Calc                                 0x08004171   Thumb Code   492  pid.o(i.PID_Calc)
    PID_Init                                 0x08004361   Thumb Code    92  pid.o(i.PID_Init)
    PackData                                 0x080043c1   Thumb Code    74  minipc.o(i.PackData)
    RCC_AHB1PeriphClockCmd                   0x0800440d   Thumb Code    26  stm32f4xx_rcc.o(i.RCC_AHB1PeriphClockCmd)
    RCC_APB1PeriphClockCmd                   0x0800442d   Thumb Code    26  stm32f4xx_rcc.o(i.RCC_APB1PeriphClockCmd)
    RCC_APB1PeriphResetCmd                   0x0800444d   Thumb Code    26  stm32f4xx_rcc.o(i.RCC_APB1PeriphResetCmd)
    RCC_APB2PeriphClockCmd                   0x0800446d   Thumb Code    26  stm32f4xx_rcc.o(i.RCC_APB2PeriphClockCmd)
    RCC_APB2PeriphResetCmd                   0x0800448d   Thumb Code    26  stm32f4xx_rcc.o(i.RCC_APB2PeriphResetCmd)
    RCC_GetClocksFreq                        0x080044ad   Thumb Code   214  stm32f4xx_rcc.o(i.RCC_GetClocksFreq)
    RC_Init                                  0x08004595   Thumb Code   312  rc.o(i.RC_Init)
    RC_unable                                0x080046e1   Thumb Code    12  rc.o(i.RC_unable)
    SPI5Init                                 0x0800483d   Thumb Code   182  spi.o(i.SPI5Init)
    SPI5SetSpeedAndDataSize                  0x080048fd   Thumb Code    42  spi.o(i.SPI5SetSpeedAndDataSize)
    SPI5_DMA_Enable                          0x0800492d   Thumb Code   104  spi.o(i.SPI5_DMA_Enable)
    SPI5_DMA_Init                            0x080049a1   Thumb Code   240  spi.o(i.SPI5_DMA_Init)
    SPI_Cmd                                  0x08004a99   Thumb Code    24  stm32f4xx_spi.o(i.SPI_Cmd)
    SPI_I2S_DMACmd                           0x08004ab1   Thumb Code    18  stm32f4xx_spi.o(i.SPI_I2S_DMACmd)
    SPI_I2S_GetFlagStatus                    0x08004ac3   Thumb Code    18  stm32f4xx_spi.o(i.SPI_I2S_GetFlagStatus)
    SPI_I2S_ReceiveData                      0x08004ad5   Thumb Code     6  stm32f4xx_spi.o(i.SPI_I2S_ReceiveData)
    SPI_I2S_SendData                         0x08004adb   Thumb Code     4  stm32f4xx_spi.o(i.SPI_I2S_SendData)
    SPI_Init                                 0x08004adf   Thumb Code    60  stm32f4xx_spi.o(i.SPI_Init)
    SYSCFG_EXTILineConfig                    0x08004b1d   Thumb Code    60  stm32f4xx_syscfg.o(i.SYSCFG_EXTILineConfig)
    SysTick_CLKSourceConfig                  0x08004c7d   Thumb Code    40  misc.o(i.SysTick_CLKSourceConfig)
    SysTick_Handler                          0x08004ca5   Thumb Code    16  freertos_middleware.o(i.SysTick_Handler)
    SystemInit                               0x08004cb5   Thumb Code    88  system_stm32f4xx.o(i.SystemInit)
    TIM3_IRQHandler                          0x08004d1d   Thumb Code    40  freertos_middleware.o(i.TIM3_IRQHandler)
    TIM3_Init                                0x08004d4d   Thumb Code   210  timer.o(i.TIM3_Init)
    TIM6_DAC_IRQHandler                      0x08004e29   Thumb Code    30  can_receive.o(i.TIM6_DAC_IRQHandler)
    TIM6_Init                                0x08004e4d   Thumb Code   116  timer.o(i.TIM6_Init)
    TIM_ARRPreloadConfig                     0x08004ec5   Thumb Code    24  stm32f4xx_tim.o(i.TIM_ARRPreloadConfig)
    TIM_ClearFlag                            0x08004edd   Thumb Code     6  stm32f4xx_tim.o(i.TIM_ClearFlag)
    TIM_Cmd                                  0x08004ee3   Thumb Code    24  stm32f4xx_tim.o(i.TIM_Cmd)
    TIM_CtrlPWMOutputs                       0x08004efb   Thumb Code    30  stm32f4xx_tim.o(i.TIM_CtrlPWMOutputs)
    TIM_DeInit                               0x08004f19   Thumb Code   346  stm32f4xx_tim.o(i.TIM_DeInit)
    TIM_GetITStatus                          0x080050a9   Thumb Code    34  stm32f4xx_tim.o(i.TIM_GetITStatus)
    TIM_ITConfig                             0x080050cb   Thumb Code    18  stm32f4xx_tim.o(i.TIM_ITConfig)
    TIM_OC1Init                              0x080050dd   Thumb Code   114  stm32f4xx_tim.o(i.TIM_OC1Init)
    TIM_OC1PreloadConfig                     0x08005159   Thumb Code    18  stm32f4xx_tim.o(i.TIM_OC1PreloadConfig)
    TIM_OC2Init                              0x0800516d   Thumb Code   154  stm32f4xx_tim.o(i.TIM_OC2Init)
    TIM_OC2PreloadConfig                     0x08005211   Thumb Code    26  stm32f4xx_tim.o(i.TIM_OC2PreloadConfig)
    TIM_OC4Init                              0x0800522d   Thumb Code   112  stm32f4xx_tim.o(i.TIM_OC4Init)
    TIM_OC4PreloadConfig                     0x080052a5   Thumb Code    26  stm32f4xx_tim.o(i.TIM_OC4PreloadConfig)
    TIM_SetCompare1                          0x080052bf   Thumb Code     4  stm32f4xx_tim.o(i.TIM_SetCompare1)
    TIM_SetCompare2                          0x080052c3   Thumb Code     4  stm32f4xx_tim.o(i.TIM_SetCompare2)
    TIM_SetCompare4                          0x080052c7   Thumb Code     4  stm32f4xx_tim.o(i.TIM_SetCompare4)
    TIM_TimeBaseInit                         0x080052cd   Thumb Code   104  stm32f4xx_tim.o(i.TIM_TimeBaseInit)
    UART7_IRQHandler                         0x08005351   Thumb Code    76  usart.o(i.UART7_IRQHandler)
    UART7_SendChar                           0x080053ad   Thumb Code    28  usart.o(i.UART7_SendChar)
    UART8_IRQHandler                         0x080053cd   Thumb Code    76  usart.o(i.UART8_IRQHandler)
    USART1_IRQHandler                        0x08005429   Thumb Code   216  rc_dt7.o(i.USART1_IRQHandler)
    USART6_IRQHandler                        0x08005519   Thumb Code     2  usart.o(i.USART6_IRQHandler)
    USART6_SendChar                          0x0800551d   Thumb Code    28  usart.o(i.USART6_SendChar)
    USART_ClearFlag                          0x0800553d   Thumb Code    18  stm32f4xx_usart.o(i.USART_ClearFlag)
    USART_Cmd                                0x0800554f   Thumb Code    24  stm32f4xx_usart.o(i.USART_Cmd)
    USART_DMACmd                             0x08005567   Thumb Code    18  stm32f4xx_usart.o(i.USART_DMACmd)
    USART_DeInit                             0x08005579   Thumb Code   206  stm32f4xx_usart.o(i.USART_DeInit)
    USART_GetFlagStatus                      0x08005669   Thumb Code    26  stm32f4xx_usart.o(i.USART_GetFlagStatus)
    USART_GetITStatus                        0x08005683   Thumb Code    84  stm32f4xx_usart.o(i.USART_GetITStatus)
    USART_ITConfig                           0x080056d7   Thumb Code    74  stm32f4xx_usart.o(i.USART_ITConfig)
    USART_Init                               0x08005721   Thumb Code   204  stm32f4xx_usart.o(i.USART_Init)
    USART_ReceiveData                        0x080057f5   Thumb Code    10  stm32f4xx_usart.o(i.USART_ReceiveData)
    USART_SendData                           0x080057ff   Thumb Code     8  stm32f4xx_usart.o(i.USART_SendData)
    Update_Data                              0x08005809   Thumb Code    98  minipc.o(i.Update_Data)
    UsageFault_Handler                       0x08005875   Thumb Code     4  stm32f4xx_it.o(i.UsageFault_Handler)
    Verify_CRC16_Check_Sum                   0x08005879   Thumb Code    60  crc.o(i.Verify_CRC16_Check_Sum)
    Verify_CRC8_Check_Sum                    0x080058b9   Thumb Code    48  crc.o(i.Verify_CRC8_Check_Sum)
    VisionUart_SendData                      0x080058e9   Thumb Code    28  usart.o(i.VisionUart_SendData)
    Vision_Init                              0x08005905   Thumb Code    12  minipc.o(i.Vision_Init)
    Vision_Read_Data                         0x08005915   Thumb Code   112  minipc.o(i.Vision_Read_Data)
    Vision_Usart_DMA_Init                    0x0800598d   Thumb Code   106  usart.o(i.Vision_Usart_DMA_Init)
    Vision_Usart_Init                        0x08005a05   Thumb Code   194  usart.o(i.Vision_Usart_Init)
    Vision_clean_flag                        0x08005ad1   Thumb Code     8  minipc.o(i.Vision_clean_flag)
    Vision_update_flag                       0x08005add   Thumb Code     6  minipc.o(i.Vision_update_flag)
    __ARM_fpclassifyf                        0x08005ae9   Thumb Code    38  fpclassifyf.o(i.__ARM_fpclassifyf)
    __hardfp_asinf                           0x08005b11   Thumb Code   258  asinf.o(i.__hardfp_asinf)
    __hardfp_atan2f                          0x08005c3d   Thumb Code   594  atan2f.o(i.__hardfp_atan2f)
    __hardfp_fabs                            0x08005ee9   Thumb Code    20  fabs.o(i.__hardfp_fabs)
    __mathlib_flt_infnan                     0x08005efd   Thumb Code     6  funder.o(i.__mathlib_flt_infnan)
    __mathlib_flt_infnan2                    0x08005f03   Thumb Code     6  funder.o(i.__mathlib_flt_infnan2)
    __mathlib_flt_invalid                    0x08005f09   Thumb Code    10  funder.o(i.__mathlib_flt_invalid)
    __mathlib_flt_underflow                  0x08005f19   Thumb Code    10  funder.o(i.__mathlib_flt_underflow)
    __scatterload_copy                       0x08005f29   Thumb Code    14  handlers.o(i.__scatterload_copy)
    __scatterload_null                       0x08005f37   Thumb Code     2  handlers.o(i.__scatterload_null)
    __scatterload_zeroinit                   0x08005f39   Thumb Code    14  handlers.o(i.__scatterload_zeroinit)
    __set_errno                              0x08005f49   Thumb Code     6  errno.o(i.__set_errno)
    angle_table_init                         0x080062b1   Thumb Code    36  motor_control.o(i.angle_table_init)
    buzzer_init                              0x08006441   Thumb Code   174  buzzer.o(i.buzzer_init)
    buzzer_off                               0x080064f9   Thumb Code    12  buzzer.o(i.buzzer_off)
    buzzer_on                                0x08006509   Thumb Code    22  buzzer.o(i.buzzer_on)
    calc_turn_angle                          0x08006525   Thumb Code    98  motor_control.o(i.calc_turn_angle)
    cali_param_init                          0x0800674d   Thumb Code   168  calibrate_task.o(i.cali_param_init)
    chassis_task                             0x08006aed   Thumb Code    98  chassis_task.o(i.chassis_task)
    communication_Init                       0x08006b51   Thumb Code    40  communication_task.o(i.communication_Init)
    communication_task                       0x08006b85   Thumb Code    22  communication_task.o(i.communication_task)
    delay_init                               0x08006b9d   Thumb Code    90  delay.o(i.delay_init)
    delay_ms                                 0x08006c09   Thumb Code    76  delay.o(i.delay_ms)
    delay_us                                 0x08006c59   Thumb Code    76  delay.o(i.delay_us)
    ecd_angle_format                         0x08006ca9   Thumb Code   110  motor_control.o(i.ecd_angle_format)
    first_order_filter_cali                  0x08006d21   Thumb Code    84  user_lib.o(i.first_order_filter_cali)
    first_order_filter_init                  0x08006d75   Thumb Code    32  user_lib.o(i.first_order_filter_init)
    flash_read                               0x08006d99   Thumb Code    32  flash.o(i.flash_read)
    flow_led_off                             0x08006db9   Thumb Code    20  led.o(i.flow_led_off)
    fp32_constrain                           0x08006dd1   Thumb Code    42  user_lib.o(i.fp32_constrain)
    fric_PWM_configuration                   0x08006dfd   Thumb Code   306  fric.o(i.fric_PWM_configuration)
    fric_off                                 0x08006f41   Thumb Code    24  fric.o(i.fric_off)
    get_AUTO_control_point                   0x08006f95   Thumb Code     4  minipc.o(i.get_AUTO_control_point)
    get_Chassis_Motor_Measure_Point          0x08006f9d   Thumb Code    18  can_receive.o(i.get_Chassis_Motor_Measure_Point)
    get_INS_Data_point                       0x08006fb5   Thumb Code     4  ins_task.o(i.get_INS_Data_point)
    get_INS_angle_point                      0x08006fbd   Thumb Code     4  ins_task.o(i.get_INS_angle_point)
    get_MPU6500_Gyro_Data_Point              0x08006fc5   Thumb Code     4  ins_task.o(i.get_MPU6500_Gyro_Data_Point)
    get_Pitch_Gimbal_Motor_Measure_Point     0x08006fcd   Thumb Code     4  can_receive.o(i.get_Pitch_Gimbal_Motor_Measure_Point)
    get_Robot_Type_Judge                     0x08006fd5   Thumb Code    36  judge_system.o(i.get_Robot_Type_Judge)
    get_Yaw_Gimbal_Motor_Measure_Point       0x08007001   Thumb Code     4  can_receive.o(i.get_Yaw_Gimbal_Motor_Measure_Point)
    get_angle                                0x08007009   Thumb Code   232  ahrs.o(i.get_angle)
    get_bullet_speed                         0x080070f1   Thumb Code    12  judge_system.o(i.get_bullet_speed)
    get_control_temperate                    0x08007101   Thumb Code     8  calibrate_task.o(i.get_control_temperate)
    get_gimbal_pitch_motor_point             0x0800710d   Thumb Code     4  gimbal_task.o(i.get_gimbal_pitch_motor_point)
    get_gimbal_pitch_offset_angle            0x08007115   Thumb Code     8  gimbal_task.o(i.get_gimbal_pitch_offset_angle)
    get_gimbal_relative_angle                0x08007121   Thumb Code     8  gimbal_task.o(i.get_gimbal_relative_angle)
    get_gimbal_yaw_motor_point               0x0800712d   Thumb Code     4  gimbal_task.o(i.get_gimbal_yaw_motor_point)
    get_gimbal_yaw_offset_angle              0x08007135   Thumb Code     8  gimbal_task.o(i.get_gimbal_yaw_offset_angle)
    get_remote_control_point                 0x08007141   Thumb Code     4  rc_dt7.o(i.get_remote_control_point)
    get_temprate                             0x08007149   Thumb Code    80  adc.o(i.get_temprate)
    get_vision_mode                          0x080071a5   Thumb Code     6  gimbal_task.o(i.get_vision_mode)
    gyro_angle_format                        0x0800744d   Thumb Code   166  motor_control.o(i.gyro_angle_format)
    gyro_offset                              0x080074f9   Thumb Code    98  mpu6500driver.o(i.gyro_offset)
    ist8310_GPIO_init                        0x08007575   Thumb Code    84  ist8310driver_middleware.o(i.ist8310_GPIO_init)
    ist8310_IIC_read_single_reg              0x080075cd   Thumb Code    40  ist8310driver_middleware.o(i.ist8310_IIC_read_single_reg)
    ist8310_IIC_write_single_reg             0x080075f9   Thumb Code    32  ist8310driver_middleware.o(i.ist8310_IIC_write_single_reg)
    ist8310_RST_H                            0x0800761d   Thumb Code    12  ist8310driver_middleware.o(i.ist8310_RST_H)
    ist8310_RST_L                            0x0800762d   Thumb Code    12  ist8310driver_middleware.o(i.ist8310_RST_L)
    ist8310_auto_com_by_mpu6500              0x0800763d   Thumb Code    20  ist8310driver_middleware.o(i.ist8310_auto_com_by_mpu6500)
    ist8310_com_init                         0x08007655   Thumb Code     2  ist8310driver_middleware.o(i.ist8310_com_init)
    ist8310_delay_ms                         0x08007657   Thumb Code    12  ist8310driver_middleware.o(i.ist8310_delay_ms)
    ist8310_delay_us                         0x08007663   Thumb Code    12  ist8310driver_middleware.o(i.ist8310_delay_us)
    ist8310_init                             0x08007671   Thumb Code   140  ist8310driver.o(i.ist8310_init)
    ist8310_read_over                        0x08007701   Thumb Code   126  ist8310driver.o(i.ist8310_read_over)
    key_scan                                 0x080077b9   Thumb Code   178  rc_dt7.o(i.key_scan)
    laser_configuration                      0x0800786d   Thumb Code    54  laser.o(i.laser_configuration)
    laser_on                                 0x080078a9   Thumb Code    14  laser.o(i.laser_on)
    led_configuration                        0x080078bd   Thumb Code    98  led.o(i.led_configuration)
    led_green_off                            0x0800792d   Thumb Code    14  led.o(i.led_green_off)
    led_red_off                              0x08007941   Thumb Code    14  led.o(i.led_red_off)
    main                                     0x08007955   Thumb Code    30  main.o(i.main)
    mpu6500_GPIO_init                        0x08007975   Thumb Code    48  mpu6500driver_middleware.o(i.mpu6500_GPIO_init)
    mpu6500_SPI_NS_H                         0x080079a9   Thumb Code    12  mpu6500driver_middleware.o(i.mpu6500_SPI_NS_H)
    mpu6500_SPI_NS_L                         0x080079b9   Thumb Code    12  mpu6500driver_middleware.o(i.mpu6500_SPI_NS_L)
    mpu6500_com_init                         0x08007a1d   Thumb Code     8  mpu6500driver_middleware.o(i.mpu6500_com_init)
    mpu6500_init                             0x08007a25   Thumb Code   192  mpu6500driver.o(i.mpu6500_init)
    mpu6500_middleware_delay_ms              0x08007ae9   Thumb Code    12  mpu6500driver_middleware.o(i.mpu6500_middleware_delay_ms)
    mpu6500_middleware_delay_us              0x08007af5   Thumb Code    12  mpu6500driver_middleware.o(i.mpu6500_middleware_delay_us)
    mpu6500_read_over                        0x08007b01   Thumb Code   304  mpu6500driver.o(i.mpu6500_read_over)
    mpu6500_read_single_reg                  0x08007c41   Thumb Code    32  mpu6500driver_middleware.o(i.mpu6500_read_single_reg)
    mpu6500_write_muli_reg                   0x08007c61   Thumb Code    52  mpu6500driver_middleware.o(i.mpu6500_write_muli_reg)
    mpu6500_write_single_reg                 0x08007c95   Thumb Code    28  mpu6500driver_middleware.o(i.mpu6500_write_single_reg)
    pcTaskGetName                            0x08007cb1   Thumb Code    44  tasks.o(i.pcTaskGetName)
    power_ctrl_configuration                 0x08007ce1   Thumb Code    66  power_ctrl.o(i.power_ctrl_configuration)
    power_ctrl_off                           0x08007d29   Thumb Code    26  power_ctrl.o(i.power_ctrl_off)
    power_ctrl_on                            0x08007d49   Thumb Code    26  power_ctrl.o(i.power_ctrl_on)
    pvPortMalloc                             0x0800884d   Thumb Code   296  heap_4.o(i.pvPortMalloc)
    pvTaskIncrementMutexHeldCount            0x08008989   Thumb Code    26  tasks.o(i.pvTaskIncrementMutexHeldCount)
    pxPortInitialiseStack                    0x080089a9   Thumb Code    38  port.o(i.pxPortInitialiseStack)
    remote_control_init                      0x08008a59   Thumb Code    16  rc_dt7.o(i.remote_control_init)
    sqrtf                                    0x08008a6d   Thumb Code    62  sqrtf_full.o(i.sqrtf)
    startTast                                0x08008aad   Thumb Code    24  start_task.o(i.startTast)
    start_task                               0x08008ad9   Thumb Code   110  start_task.o(i.start_task)
    super_cap_configuration                  0x08008ba1   Thumb Code    54  super_cap.o(i.super_cap_configuration)
    super_cap_none                           0x08008bdd   Thumb Code    24  super_cap.o(i.super_cap_none)
    temperature_ADC_init                     0x08008c69   Thumb Code    80  adc.o(i.temperature_ADC_init)
    toe_is_error                             0x08008cbd   Thumb Code    20  detect_task.o(i.toe_is_error)
    ulTaskNotifyTake                         0x08008cd5   Thumb Code   108  tasks.o(i.ulTaskNotifyTake)
    uxListRemove                             0x08008dc3   Thumb Code    40  list.o(i.uxListRemove)
    uxTaskGetStackHighWaterMark              0x08008ded   Thumb Code    34  tasks.o(i.uxTaskGetStackHighWaterMark)
    vListInitialise                          0x08008e15   Thumb Code    26  list.o(i.vListInitialise)
    vListInitialiseItem                      0x08008e2f   Thumb Code     6  list.o(i.vListInitialiseItem)
    vListInsert                              0x08008e35   Thumb Code    52  list.o(i.vListInsert)
    vListInsertEnd                           0x08008e69   Thumb Code    24  list.o(i.vListInsertEnd)
    vPortEnterCritical                       0x08008e81   Thumb Code    76  port.o(i.vPortEnterCritical)
    vPortExitCritical                        0x08008ed5   Thumb Code    56  port.o(i.vPortExitCritical)
    vPortFree                                0x08008f11   Thumb Code   140  heap_4.o(i.vPortFree)
    vPortSetupTimerInterrupt                 0x08008fa5   Thumb Code     2  freertos_middleware.o(i.vPortSetupTimerInterrupt)
    vPortValidateInterruptPriority           0x08008fa9   Thumb Code   106  port.o(i.vPortValidateInterruptPriority)
    vQueueAddToRegistry                      0x08009021   Thumb Code    38  queue.o(i.vQueueAddToRegistry)
    vQueueWaitForMessageRestricted           0x0800904d   Thumb Code    74  queue.o(i.vQueueWaitForMessageRestricted)
    vTaskDelay                               0x08009099   Thumb Code    82  tasks.o(i.vTaskDelay)
    vTaskDelete                              0x080090f5   Thumb Code   202  tasks.o(i.vTaskDelete)
    vTaskMissedYield                         0x080091e9   Thumb Code     8  tasks.o(i.vTaskMissedYield)
    vTaskNotifyGiveFromISR                   0x080091f5   Thumb Code   216  tasks.o(i.vTaskNotifyGiveFromISR)
    vTaskPlaceOnEventList                    0x080092e5   Thumb Code    52  tasks.o(i.vTaskPlaceOnEventList)
    vTaskPlaceOnEventListRestricted          0x0800931d   Thumb Code    60  tasks.o(i.vTaskPlaceOnEventListRestricted)
    vTaskPriorityInherit                     0x0800935d   Thumb Code   164  tasks.o(i.vTaskPriorityInherit)
    vTaskSetTimeOutState                     0x0800940d   Thumb Code    38  tasks.o(i.vTaskSetTimeOutState)
    vTaskStartScheduler                      0x0800943d   Thumb Code   118  tasks.o(i.vTaskStartScheduler)
    vTaskSuspendAll                          0x080094d1   Thumb Code    12  tasks.o(i.vTaskSuspendAll)
    vTaskSwitchContext                       0x080094e1   Thumb Code   118  tasks.o(i.vTaskSwitchContext)
    xPortStartScheduler                      0x0800956d   Thumb Code   288  port.o(i.xPortStartScheduler)
    xPortSysTickHandler                      0x080096a9   Thumb Code    46  port.o(i.xPortSysTickHandler)
    xQueueGenericCreate                      0x080096dd   Thumb Code    88  queue.o(i.xQueueGenericCreate)
    xQueueGenericReceive                     0x08009735   Thumb Code   446  queue.o(i.xQueueGenericReceive)
    xQueueGenericReset                       0x080098f9   Thumb Code   146  queue.o(i.xQueueGenericReset)
    xQueueGenericSend                        0x08009991   Thumb Code   452  queue.o(i.xQueueGenericSend)
    xQueueGenericSendFromISR                 0x08009b59   Thumb Code   264  queue.o(i.xQueueGenericSendFromISR)
    xTaskCheckForTimeOut                     0x08009c61   Thumb Code   132  tasks.o(i.xTaskCheckForTimeOut)
    xTaskCreate                              0x08009ced   Thumb Code    96  tasks.o(i.xTaskCreate)
    xTaskGetHandle                           0x08009d4d   Thumb Code   142  tasks.o(i.xTaskGetHandle)
    xTaskGetSchedulerState                   0x08009df1   Thumb Code    24  tasks.o(i.xTaskGetSchedulerState)
    xTaskGetTickCount                        0x08009e11   Thumb Code     6  tasks.o(i.xTaskGetTickCount)
    xTaskIncrementTick                       0x08009e1d   Thumb Code   282  tasks.o(i.xTaskIncrementTick)
    xTaskPriorityDisinherit                  0x08009f65   Thumb Code   188  tasks.o(i.xTaskPriorityDisinherit)
    xTaskRemoveFromEventList                 0x0800a02d   Thumb Code   128  tasks.o(i.xTaskRemoveFromEventList)
    xTaskResumeAll                           0x0800a0c5   Thumb Code   224  tasks.o(i.xTaskResumeAll)
    xTimerCreateTimerTask                    0x0800a1c9   Thumb Code    64  timers.o(i.xTimerCreateTimerTask)
    xTimerGenericCommand                     0x0800a21d   Thumb Code   126  timers.o(i.xTimerGenericCommand)
    CRC8_INIT                                0x0800a2d6   Data           1  crc.o(.constdata)
    CRC8_TAB                                 0x0800a2d7   Data         256  crc.o(.constdata)
    wCRC_Table                               0x0800a3d8   Data         512  crc.o(.constdata)
    sinTable_f32                             0x0800a644   Data        2052  arm_common_tables.o(.constdata)
    Region$$Table$$Base                      0x0800ae48   Number         0  anon$$obj.o(Region$$Table)
    Region$$Table$$Limit                     0x0800ae68   Number         0  anon$$obj.o(Region$$Table)
    SystemCoreClock                          0x20000000   Data           4  system_stm32f4xx.o(.data)
    AHBPrescTable                            0x20000004   Data          16  system_stm32f4xx.o(.data)
    pxCurrentTCB                             0x20000024   Data           4  tasks.o(.data)
    CRC_INIT                                 0x200000ac   Data           2  crc.o(.data)
    calibrate_task_stack                     0x200000b0   Data           4  calibrate_task.o(.data)
    cali_hook_fun                            0x200000dc   Data          20  calibrate_task.o(.data)
    FreeRTOSRunTimeTicks                     0x20000120   Data           8  freertos_middleware.o(.data)
    gimbal_high_water                        0x20000128   Data           4  gimbal_task.o(.data)
    INSTaskStack                             0x2000088c   Data           4  ins_task.o(.data)
    GIMBALTask_Handler                       0x2000090c   Data           4  start_task.o(.data)
    ChassisTask_Handler                      0x20000910   Data           4  start_task.o(.data)
    Robot_is_hit                             0x20000958   Data           1  judge_system.o(.data)
    Robot_Type                               0x20000959   Data           1  judge_system.o(.data)
    USART2_RX_STA                            0x2000095c   Data           2  rc_dt7.o(.data)
    xQueueRegistry                           0x20000988   Data          64  queue.o(.bss)
    __initial_sp                             0x200219e8   Data           0  startup_stm32f427xx.o(STACK)



==============================================================================

Memory Map of the image

  Image Entry point : 0x080001ad

  Load Region LR_IROM1 (Base: 0x08000000, Size: 0x0000b7f0, Max: 0x00200000, ABSOLUTE, COMPRESSED[0x0000af48])

    Execution Region ER_IROM1 (Exec base: 0x08000000, Load base: 0x08000000, Size: 0x0000ae68, Max: 0x00200000, ABSOLUTE)

    Exec Addr    Load Addr    Size         Type   Attr      Idx    E Section Name        Object

    0x08000000   0x08000000   0x000001ac   Data   RO            3    RESET               startup_stm32f427xx.o
    0x080001ac   0x080001ac   0x00000000   Code   RO         9530  * .ARM.Collect$$$$00000000  mc_w.l(entry.o)
    0x080001ac   0x080001ac   0x00000004   Code   RO         9843    .ARM.Collect$$$$00000001  mc_w.l(entry2.o)
    0x080001b0   0x080001b0   0x00000004   Code   RO         9846    .ARM.Collect$$$$00000004  mc_w.l(entry5.o)
    0x080001b4   0x080001b4   0x00000000   Code   RO         9848    .ARM.Collect$$$$00000008  mc_w.l(entry7b.o)
    0x080001b4   0x080001b4   0x00000000   Code   RO         9850    .ARM.Collect$$$$0000000A  mc_w.l(entry8b.o)
    0x080001b4   0x080001b4   0x00000008   Code   RO         9851    .ARM.Collect$$$$0000000B  mc_w.l(entry9a.o)
    0x080001bc   0x080001bc   0x00000004   Code   RO         9858    .ARM.Collect$$$$0000000E  mc_w.l(entry12b.o)
    0x080001c0   0x080001c0   0x00000000   Code   RO         9853    .ARM.Collect$$$$0000000F  mc_w.l(entry10a.o)
    0x080001c0   0x080001c0   0x00000000   Code   RO         9855    .ARM.Collect$$$$00000011  mc_w.l(entry11a.o)
    0x080001c0   0x080001c0   0x00000004   Code   RO         9844    .ARM.Collect$$$$00002712  mc_w.l(entry2.o)
    0x080001c4   0x080001c4   0x000000b6   Code   RO         6328    .emb_text           port.o
    0x0800027a   0x0800027a   0x00000002   PAD
    0x0800027c   0x0800027c   0x00000034   Code   RO            4    .text               startup_stm32f427xx.o
    0x080002b0   0x080002b0   0x00000078   Code   RO         9320    .text               arm_cortexM4lf_math.lib(arm_cos_f32.o)
    0x08000328   0x08000328   0x00000074   Code   RO         9373    .text               arm_cortexM4lf_math.lib(arm_sin_f32.o)
    0x0800039c   0x0800039c   0x00000024   Code   RO         9533    .text               mc_w.l(memcpya.o)
    0x080003c0   0x080003c0   0x00000024   Code   RO         9535    .text               mc_w.l(memseta.o)
    0x080003e4   0x080003e4   0x0000000e   Code   RO         9537    .text               mc_w.l(strlen.o)
    0x080003f2   0x080003f2   0x00000026   Code   RO         9804    .text               mf_w.l(f2d.o)
    0x08000418   0x08000418   0x00000038   Code   RO         9810    .text               mf_w.l(d2f.o)
    0x08000450   0x08000450   0x00000000   Code   RO         9873    .text               mc_w.l(iusefp.o)
    0x08000450   0x08000450   0x0000006e   Code   RO         9874    .text               mf_w.l(fepilogue.o)
    0x080004be   0x080004be   0x00000002   PAD
    0x080004c0   0x080004c0   0x00000024   Code   RO         9884    .text               mc_w.l(init.o)
    0x080004e4   0x080004e4   0x00000056   Code   RO         9904    .text               mc_w.l(__dczerorl2.o)
    0x0800053a   0x0800053a   0x00000006   Code   RO          356    i.ADC_ClearFlag     stm32f4xx_adc.o
    0x08000540   0x08000540   0x00000016   Code   RO          358    i.ADC_Cmd           stm32f4xx_adc.o
    0x08000556   0x08000556   0x00000002   PAD
    0x08000558   0x08000558   0x00000030   Code   RO          359    i.ADC_CommonInit    stm32f4xx_adc.o
    0x08000588   0x08000588   0x00000008   Code   RO          370    i.ADC_GetConversionValue  stm32f4xx_adc.o
    0x08000590   0x08000590   0x00000012   Code   RO          371    i.ADC_GetFlagStatus  stm32f4xx_adc.o
    0x080005a2   0x080005a2   0x00000002   PAD
    0x080005a4   0x080005a4   0x00000054   Code   RO          378    i.ADC_Init          stm32f4xx_adc.o
    0x080005f8   0x080005f8   0x000000b8   Code   RO          383    i.ADC_RegularChannelConfig  stm32f4xx_adc.o
    0x080006b0   0x080006b0   0x0000000a   Code   RO          385    i.ADC_SoftwareStartConv  stm32f4xx_adc.o
    0x080006ba   0x080006ba   0x00000002   PAD
    0x080006bc   0x080006bc   0x0000002c   Code   RO          388    i.ADC_TempSensorVrefintCmd  stm32f4xx_adc.o
    0x080006e8   0x080006e8   0x00000018   Code   RO         6403    i.AHRS_asinf        ahrs_middleware.o
    0x08000700   0x08000700   0x00000020   Code   RO         6404    i.AHRS_atan2f       ahrs_middleware.o
    0x08000720   0x08000720   0x00000018   Code   RO         6405    i.AHRS_cosf         ahrs_middleware.o
    0x08000738   0x08000738   0x0000001a   Code   RO         9230    i.AHRS_fabs         AHRS.lib(ahrs.o)
    0x08000752   0x08000752   0x00000002   PAD
    0x08000754   0x08000754   0x00000010   Code   RO         6406    i.AHRS_get_height   ahrs_middleware.o
    0x08000764   0x08000764   0x00000010   Code   RO         6407    i.AHRS_get_latitude  ahrs_middleware.o
    0x08000774   0x08000774   0x0000029c   Code   RO         9231    i.AHRS_init         AHRS.lib(ahrs.o)
    0x08000a10   0x08000a10   0x0000003c   Code   RO         6408    i.AHRS_invSqrt      ahrs_middleware.o
    0x08000a4c   0x08000a4c   0x00000018   Code   RO         6409    i.AHRS_sinf         ahrs_middleware.o
    0x08000a64   0x08000a64   0x0000013a   Code   RO         9232    i.AHRS_update       AHRS.lib(ahrs.o)
    0x08000b9e   0x08000b9e   0x00000002   PAD
    0x08000ba0   0x08000ba0   0x00000030   Code   RO         8054    i.Append_CRC16_Check_Sum  crc.o
    0x08000bd0   0x08000bd0   0x00000026   Code   RO         8055    i.Append_CRC8_Check_Sum  crc.o
    0x08000bf6   0x08000bf6   0x0000008e   Code   RO         6879    i.BSP_init          main.o
    0x08000c84   0x08000c84   0x00000004   Code   RO           13    i.BusFault_Handler  stm32f4xx_it.o
    0x08000c88   0x08000c88   0x00000030   Code   RO         8216    i.CAN1_RX0_IRQHandler  can_receive.o
    0x08000cb8   0x08000cb8   0x00000110   Code   RO         7161    i.CAN1_mode_init    can.o
    0x08000dc8   0x08000dc8   0x00000030   Code   RO         8217    i.CAN2_RX0_IRQHandler  can_receive.o
    0x08000df8   0x08000df8   0x00000114   Code   RO         7162    i.CAN2_mode_init    can.o
    0x08000f0c   0x08000f0c   0x00000064   Code   RO         8218    i.CAN_CMD_CHASSIS   can_receive.o
    0x08000f70   0x08000f70   0x0000004c   Code   RO         8220    i.CAN_CMD_GIMBAL    can_receive.o
    0x08000fbc   0x08000fbc   0x000000a8   Code   RO          600    i.CAN_ClearITPendingBit  stm32f4xx_can.o
    0x08001064   0x08001064   0x00000108   Code   RO          604    i.CAN_FilterInit    stm32f4xx_can.o
    0x0800116c   0x0800116c   0x00000120   Code   RO          606    i.CAN_GetITStatus   stm32f4xx_can.o
    0x0800128c   0x0800128c   0x00000012   Code   RO          610    i.CAN_ITConfig      stm32f4xx_can.o
    0x0800129e   0x0800129e   0x00000114   Code   RO          611    i.CAN_Init          stm32f4xx_can.o
    0x080013b2   0x080013b2   0x000000f0   Code   RO          614    i.CAN_Receive       stm32f4xx_can.o
    0x080014a2   0x080014a2   0x00000126   Code   RO          619    i.CAN_Transmit      stm32f4xx_can.o
    0x080015c8   0x080015c8   0x00000184   Code   RO         8221    i.CAN_hook          can_receive.o
    0x0800174c   0x0800174c   0x000001ac   Code   RO         8311    i.Chassis_Calc_Current  chassis_task.o
    0x080018f8   0x080018f8   0x00000002   Code   RO         8312    i.Chassis_Cali_Mode  chassis_task.o
    0x080018fa   0x080018fa   0x00000002   PAD
    0x080018fc   0x080018fc   0x000000d4   Code   RO         8313    i.Chassis_Control   chassis_task.o
    0x080019d0   0x080019d0   0x0000006c   Code   RO         8314    i.Chassis_Follow_Gimbal_Mode  chassis_task.o
    0x08001a3c   0x08001a3c   0x000000a0   Code   RO         8315    i.Chassis_Gyro_Mode  chassis_task.o
    0x08001adc   0x08001adc   0x00000130   Code   RO         8316    i.Chassis_Init      chassis_task.o
    0x08001c0c   0x08001c0c   0x000000e0   Code   RO         8317    i.Chassis_Mode_Set  chassis_task.o
    0x08001cec   0x08001cec   0x00000068   Code   RO         8318    i.Chassis_Raw_Mode  chassis_task.o
    0x08001d54   0x08001d54   0x00000030   Code   RO         8319    i.Chassis_Relax_Mode  chassis_task.o
    0x08001d84   0x08001d84   0x0000005c   Code   RO         8320    i.Chassis_Send_Current  chassis_task.o
    0x08001de0   0x08001de0   0x00000024   Code   RO         8321    i.Chassis_Stop_Mode  chassis_task.o
    0x08001e04   0x08001e04   0x0000020c   Code   RO         8322    i.Chassis_Updata    chassis_task.o
    0x08002010   0x08002010   0x00000012   Code   RO          622    i.CheckITStatus     stm32f4xx_can.o
    0x08002022   0x08002022   0x00000002   PAD
    0x08002024   0x08002024   0x00000058   Code   RO         8715    i.DMA2_Stream5_IRQHandler  ins_task.o
    0x0800207c   0x0800207c   0x00000034   Code   RO         1377    i.DMA_ClearFlag     stm32f4xx_dma.o
    0x080020b0   0x080020b0   0x00000016   Code   RO         1379    i.DMA_Cmd           stm32f4xx_dma.o
    0x080020c6   0x080020c6   0x00000002   PAD
    0x080020c8   0x080020c8   0x00000158   Code   RO         1380    i.DMA_DeInit        stm32f4xx_dma.o
    0x08002220   0x08002220   0x00000016   Code   RO         1381    i.DMA_DoubleBufferModeCmd  stm32f4xx_dma.o
    0x08002236   0x08002236   0x00000018   Code   RO         1382    i.DMA_DoubleBufferModeConfig  stm32f4xx_dma.o
    0x0800224e   0x0800224e   0x00000014   Code   RO         1384    i.DMA_GetCmdStatus  stm32f4xx_dma.o
    0x08002262   0x08002262   0x00000008   Code   RO         1385    i.DMA_GetCurrDataCounter  stm32f4xx_dma.o
    0x0800226a   0x0800226a   0x00000014   Code   RO         1386    i.DMA_GetCurrentMemoryTarget  stm32f4xx_dma.o
    0x0800227e   0x0800227e   0x00000002   PAD
    0x08002280   0x08002280   0x00000044   Code   RO         1388    i.DMA_GetFlagStatus  stm32f4xx_dma.o
    0x080022c4   0x080022c4   0x0000003a   Code   RO         1390    i.DMA_ITConfig      stm32f4xx_dma.o
    0x080022fe   0x080022fe   0x00000002   PAD
    0x08002300   0x08002300   0x00000058   Code   RO         1391    i.DMA_Init          stm32f4xx_dma.o
    0x08002358   0x08002358   0x00000004   Code   RO         1394    i.DMA_SetCurrDataCounter  stm32f4xx_dma.o
    0x0800235c   0x0800235c   0x00000038   Code   RO         8975    i.Data_Send_to_Vision  minipc.o
    0x08002394   0x08002394   0x00000002   Code   RO           14    i.DebugMon_Handler  stm32f4xx_it.o
    0x08002396   0x08002396   0x0000001c   Code   RO         7937    i.DebugUsart_SendData  usart.o
    0x080023b2   0x080023b2   0x00000002   PAD
    0x080023b4   0x080023b4   0x000000b4   Code   RO         7939    i.Debug_Usart_Init  usart.o
    0x08002468   0x08002468   0x00000124   Code   RO         8453    i.DetectHook        detect_task.o
    0x0800258c   0x0800258c   0x00000020   Code   RO         8716    i.EXTI9_5_IRQHandler  ins_task.o
    0x080025ac   0x080025ac   0x0000000c   Code   RO         1663    i.EXTI_ClearITPendingBit  stm32f4xx_exti.o
    0x080025b8   0x080025b8   0x00000018   Code   RO         1667    i.EXTI_GetITStatus  stm32f4xx_exti.o
    0x080025d0   0x080025d0   0x00000094   Code   RO         1668    i.EXTI_Init         stm32f4xx_exti.o
    0x08002664   0x08002664   0x0000005c   Code   RO         8554    i.GIMBAL_task       gimbal_task.o
    0x080026c0   0x080026c0   0x00000088   Code   RO         7235    i.GPIOB_Exti8_GPIO_Init  exit_init.o
    0x08002748   0x08002748   0x00000090   Code   RO         2224    i.GPIO_Init         stm32f4xx_gpio.o
    0x080027d8   0x080027d8   0x00000046   Code   RO         2225    i.GPIO_PinAFConfig  stm32f4xx_gpio.o
    0x0800281e   0x0800281e   0x00000004   Code   RO         2231    i.GPIO_ResetBits    stm32f4xx_gpio.o
    0x08002822   0x08002822   0x00000004   Code   RO         2232    i.GPIO_SetBits      stm32f4xx_gpio.o
    0x08002826   0x08002826   0x00000002   PAD
    0x08002828   0x08002828   0x00000034   Code   RO         8056    i.Get_CRC16_Check_Sum  crc.o
    0x0800285c   0x0800285c   0x00000024   Code   RO         8057    i.Get_CRC8_Check_Sum  crc.o
    0x08002880   0x08002880   0x00000002   Code   RO         8555    i.Gimbal_Calibration_mode  gimbal_task.o
    0x08002882   0x08002882   0x00000002   PAD
    0x08002884   0x08002884   0x00000280   Code   RO         8556    i.Gimbal_Control    gimbal_task.o
    0x08002b04   0x08002b04   0x00000398   Code   RO         8557    i.Gimbal_Enconde_mode  gimbal_task.o
    0x08002e9c   0x08002e9c   0x000002fc   Code   RO         8558    i.Gimbal_Gyro_mode  gimbal_task.o
    0x08003198   0x08003198   0x00000134   Code   RO         8559    i.Gimbal_Init       gimbal_task.o
    0x080032cc   0x080032cc   0x00000084   Code   RO         8560    i.Gimbal_Relax_mode  gimbal_task.o
    0x08003350   0x08003350   0x0000006c   Code   RO         8561    i.Gimbal_Send_Voltage  gimbal_task.o
    0x080033bc   0x080033bc   0x00000254   Code   RO         8562    i.Gimbal_Updata     gimbal_task.o
    0x08003610   0x08003610   0x0000012c   Code   RO         8563    i.Gimbal_mode_set   gimbal_task.o
    0x0800373c   0x0800373c   0x00000004   Code   RO           15    i.HardFault_Handler  stm32f4xx_it.o
    0x08003740   0x08003740   0x0000012c   Code   RO         8717    i.IMU_Cali_Slove    ins_task.o
    0x0800386c   0x0800386c   0x000000c0   Code   RO         8718    i.IMU_temp_Control  ins_task.o
    0x0800392c   0x0800392c   0x00000324   Code   RO         8719    i.INSTask           ins_task.o
    0x08003c50   0x08003c50   0x00000080   Code   RO         8720    i.INS_Data_updata   ins_task.o
    0x08003cd0   0x08003cd0   0x00000074   Code   RO         8721    i.INS_cali_gyro     ins_task.o
    0x08003d44   0x08003d44   0x00000020   Code   RO         8722    i.INS_set_cali_gyro  ins_task.o
    0x08003d64   0x08003d64   0x000001f4   Code   RO         9041    i.Judge_Read_Data   judge_system.o
    0x08003f58   0x08003f58   0x00000078   Code   RO         7941    i.Judge_Usart_DMA_Init  usart.o
    0x08003fd0   0x08003fd0   0x000000c8   Code   RO         7942    i.Judge_Usart_Init  usart.o
    0x08004098   0x08004098   0x00000004   Code   RO           16    i.MemManage_Handler  stm32f4xx_it.o
    0x0800409c   0x0800409c   0x00000002   Code   RO           17    i.NMI_Handler       stm32f4xx_it.o
    0x0800409e   0x0800409e   0x00000002   PAD
    0x080040a0   0x080040a0   0x00000078   Code   RO          304    i.NVIC_Init         misc.o
    0x08004118   0x08004118   0x00000014   Code   RO          305    i.NVIC_PriorityGroupConfig  misc.o
    0x0800412c   0x0800412c   0x00000044   Code   RO         7415    i.OLED_init         led.o
    0x08004170   0x08004170   0x000001f0   Code   RO         8831    i.PID_Calc          pid.o
    0x08004360   0x08004360   0x00000060   Code   RO         8832    i.PID_Init          pid.o
    0x080043c0   0x080043c0   0x0000004a   Code   RO         8977    i.PackData          minipc.o
    0x0800440a   0x0800440a   0x00000002   PAD
    0x0800440c   0x0800440c   0x00000020   Code   RO         3162    i.RCC_AHB1PeriphClockCmd  stm32f4xx_rcc.o
    0x0800442c   0x0800442c   0x00000020   Code   RO         3171    i.RCC_APB1PeriphClockCmd  stm32f4xx_rcc.o
    0x0800444c   0x0800444c   0x00000020   Code   RO         3173    i.RCC_APB1PeriphResetCmd  stm32f4xx_rcc.o
    0x0800446c   0x0800446c   0x00000020   Code   RO         3174    i.RCC_APB2PeriphClockCmd  stm32f4xx_rcc.o
    0x0800448c   0x0800448c   0x00000020   Code   RO         3176    i.RCC_APB2PeriphResetCmd  stm32f4xx_rcc.o
    0x080044ac   0x080044ac   0x000000e8   Code   RO         3183    i.RCC_GetClocksFreq  stm32f4xx_rcc.o
    0x08004594   0x08004594   0x0000014c   Code   RO         7547    i.RC_Init           rc.o
    0x080046e0   0x080046e0   0x00000010   Code   RO         7549    i.RC_unable         rc.o
    0x080046f0   0x080046f0   0x0000014c   Code   RO         9115    i.SBUS_TO_RC        rc_dt7.o
    0x0800483c   0x0800483c   0x000000c0   Code   RO         7631    i.SPI5Init          spi.o
    0x080048fc   0x080048fc   0x00000030   Code   RO         7632    i.SPI5SetSpeedAndDataSize  spi.o
    0x0800492c   0x0800492c   0x00000074   Code   RO         7633    i.SPI5_DMA_Enable   spi.o
    0x080049a0   0x080049a0   0x000000f8   Code   RO         7634    i.SPI5_DMA_Init     spi.o
    0x08004a98   0x08004a98   0x00000018   Code   RO         4323    i.SPI_Cmd           stm32f4xx_spi.o
    0x08004ab0   0x08004ab0   0x00000012   Code   RO         4329    i.SPI_I2S_DMACmd    stm32f4xx_spi.o
    0x08004ac2   0x08004ac2   0x00000012   Code   RO         4331    i.SPI_I2S_GetFlagStatus  stm32f4xx_spi.o
    0x08004ad4   0x08004ad4   0x00000006   Code   RO         4334    i.SPI_I2S_ReceiveData  stm32f4xx_spi.o
    0x08004ada   0x08004ada   0x00000004   Code   RO         4335    i.SPI_I2S_SendData  stm32f4xx_spi.o
    0x08004ade   0x08004ade   0x0000003c   Code   RO         4336    i.SPI_Init          stm32f4xx_spi.o
    0x08004b1a   0x08004b1a   0x00000002   PAD
    0x08004b1c   0x08004b1c   0x00000040   Code   RO         4488    i.SYSCFG_EXTILineConfig  stm32f4xx_syscfg.o
    0x08004b5c   0x08004b5c   0x00000120   Code   RO          187    i.SetSysClock       system_stm32f4xx.o
    0x08004c7c   0x08004c7c   0x00000028   Code   RO          308    i.SysTick_CLKSourceConfig  misc.o
    0x08004ca4   0x08004ca4   0x00000010   Code   RO         8507    i.SysTick_Handler   freertos_middleware.o
    0x08004cb4   0x08004cb4   0x00000068   Code   RO          189    i.SystemInit        system_stm32f4xx.o
    0x08004d1c   0x08004d1c   0x00000030   Code   RO         8508    i.TIM3_IRQHandler   freertos_middleware.o
    0x08004d4c   0x08004d4c   0x000000dc   Code   RO         7691    i.TIM3_Init         timer.o
    0x08004e28   0x08004e28   0x00000024   Code   RO         8222    i.TIM6_DAC_IRQHandler  can_receive.o
    0x08004e4c   0x08004e4c   0x00000078   Code   RO         7692    i.TIM6_Init         timer.o
    0x08004ec4   0x08004ec4   0x00000018   Code   RO         4549    i.TIM_ARRPreloadConfig  stm32f4xx_tim.o
    0x08004edc   0x08004edc   0x00000006   Code   RO         4555    i.TIM_ClearFlag     stm32f4xx_tim.o
    0x08004ee2   0x08004ee2   0x00000018   Code   RO         4561    i.TIM_Cmd           stm32f4xx_tim.o
    0x08004efa   0x08004efa   0x0000001e   Code   RO         4563    i.TIM_CtrlPWMOutputs  stm32f4xx_tim.o
    0x08004f18   0x08004f18   0x00000190   Code   RO         4566    i.TIM_DeInit        stm32f4xx_tim.o
    0x080050a8   0x080050a8   0x00000022   Code   RO         4582    i.TIM_GetITStatus   stm32f4xx_tim.o
    0x080050ca   0x080050ca   0x00000012   Code   RO         4586    i.TIM_ITConfig      stm32f4xx_tim.o
    0x080050dc   0x080050dc   0x0000007c   Code   RO         4590    i.TIM_OC1Init       stm32f4xx_tim.o
    0x08005158   0x08005158   0x00000012   Code   RO         4593    i.TIM_OC1PreloadConfig  stm32f4xx_tim.o
    0x0800516a   0x0800516a   0x00000002   PAD
    0x0800516c   0x0800516c   0x000000a4   Code   RO         4595    i.TIM_OC2Init       stm32f4xx_tim.o
    0x08005210   0x08005210   0x0000001a   Code   RO         4598    i.TIM_OC2PreloadConfig  stm32f4xx_tim.o
    0x0800522a   0x0800522a   0x00000002   PAD
    0x0800522c   0x0800522c   0x00000078   Code   RO         4605    i.TIM_OC4Init       stm32f4xx_tim.o
    0x080052a4   0x080052a4   0x0000001a   Code   RO         4607    i.TIM_OC4PreloadConfig  stm32f4xx_tim.o
    0x080052be   0x080052be   0x00000004   Code   RO         4623    i.TIM_SetCompare1   stm32f4xx_tim.o
    0x080052c2   0x080052c2   0x00000004   Code   RO         4624    i.TIM_SetCompare2   stm32f4xx_tim.o
    0x080052c6   0x080052c6   0x00000004   Code   RO         4626    i.TIM_SetCompare4   stm32f4xx_tim.o
    0x080052ca   0x080052ca   0x00000002   PAD
    0x080052cc   0x080052cc   0x00000084   Code   RO         4633    i.TIM_TimeBaseInit  stm32f4xx_tim.o
    0x08005350   0x08005350   0x0000005c   Code   RO         7943    i.UART7_IRQHandler  usart.o
    0x080053ac   0x080053ac   0x00000020   Code   RO         7944    i.UART7_SendChar    usart.o
    0x080053cc   0x080053cc   0x0000005c   Code   RO         7945    i.UART8_IRQHandler  usart.o
    0x08005428   0x08005428   0x000000f0   Code   RO         9116    i.USART1_IRQHandler  rc_dt7.o
    0x08005518   0x08005518   0x00000002   Code   RO         7947    i.USART6_IRQHandler  usart.o
    0x0800551a   0x0800551a   0x00000002   PAD
    0x0800551c   0x0800551c   0x00000020   Code   RO         7948    i.USART6_SendChar   usart.o
    0x0800553c   0x0800553c   0x00000012   Code   RO         5111    i.USART_ClearFlag   stm32f4xx_usart.o
    0x0800554e   0x0800554e   0x00000018   Code   RO         5115    i.USART_Cmd         stm32f4xx_usart.o
    0x08005566   0x08005566   0x00000012   Code   RO         5116    i.USART_DMACmd      stm32f4xx_usart.o
    0x08005578   0x08005578   0x000000f0   Code   RO         5117    i.USART_DeInit      stm32f4xx_usart.o
    0x08005668   0x08005668   0x0000001a   Code   RO         5118    i.USART_GetFlagStatus  stm32f4xx_usart.o
    0x08005682   0x08005682   0x00000054   Code   RO         5119    i.USART_GetITStatus  stm32f4xx_usart.o
    0x080056d6   0x080056d6   0x0000004a   Code   RO         5121    i.USART_ITConfig    stm32f4xx_usart.o
    0x08005720   0x08005720   0x000000d4   Code   RO         5122    i.USART_Init        stm32f4xx_usart.o
    0x080057f4   0x080057f4   0x0000000a   Code   RO         5129    i.USART_ReceiveData  stm32f4xx_usart.o
    0x080057fe   0x080057fe   0x00000008   Code   RO         5132    i.USART_SendData    stm32f4xx_usart.o
    0x08005806   0x08005806   0x00000002   PAD
    0x08005808   0x08005808   0x0000006c   Code   RO         8978    i.Update_Data       minipc.o
    0x08005874   0x08005874   0x00000004   Code   RO           18    i.UsageFault_Handler  stm32f4xx_it.o
    0x08005878   0x08005878   0x00000040   Code   RO         8058    i.Verify_CRC16_Check_Sum  crc.o
    0x080058b8   0x080058b8   0x00000030   Code   RO         8059    i.Verify_CRC8_Check_Sum  crc.o
    0x080058e8   0x080058e8   0x0000001c   Code   RO         7949    i.VisionUart_SendData  usart.o
    0x08005904   0x08005904   0x00000010   Code   RO         8979    i.Vision_Init       minipc.o
    0x08005914   0x08005914   0x00000078   Code   RO         8980    i.Vision_Read_Data  minipc.o
    0x0800598c   0x0800598c   0x00000078   Code   RO         7950    i.Vision_Usart_DMA_Init  usart.o
    0x08005a04   0x08005a04   0x000000cc   Code   RO         7951    i.Vision_Usart_Init  usart.o
    0x08005ad0   0x08005ad0   0x0000000c   Code   RO         8981    i.Vision_clean_flag  minipc.o
    0x08005adc   0x08005adc   0x0000000c   Code   RO         8982    i.Vision_update_flag  minipc.o
    0x08005ae8   0x08005ae8   0x00000026   Code   RO         9812    i.__ARM_fpclassifyf  m_wm.l(fpclassifyf.o)
    0x08005b0e   0x08005b0e   0x00000002   PAD
    0x08005b10   0x08005b10   0x0000012c   Code   RO         9488    i.__hardfp_asinf    m_wm.l(asinf.o)
    0x08005c3c   0x08005c3c   0x000002ac   Code   RO         9500    i.__hardfp_atan2f   m_wm.l(atan2f.o)
    0x08005ee8   0x08005ee8   0x00000014   Code   RO         9512    i.__hardfp_fabs     m_wm.l(fabs.o)
    0x08005efc   0x08005efc   0x00000006   Code   RO         9815    i.__mathlib_flt_infnan  m_wm.l(funder.o)
    0x08005f02   0x08005f02   0x00000006   Code   RO         9816    i.__mathlib_flt_infnan2  m_wm.l(funder.o)
    0x08005f08   0x08005f08   0x00000010   Code   RO         9817    i.__mathlib_flt_invalid  m_wm.l(funder.o)
    0x08005f18   0x08005f18   0x00000010   Code   RO         9820    i.__mathlib_flt_underflow  m_wm.l(funder.o)
    0x08005f28   0x08005f28   0x0000000e   Code   RO         9898    i.__scatterload_copy  mc_w.l(handlers.o)
    0x08005f36   0x08005f36   0x00000002   Code   RO         9899    i.__scatterload_null  mc_w.l(handlers.o)
    0x08005f38   0x08005f38   0x0000000e   Code   RO         9900    i.__scatterload_zeroinit  mc_w.l(handlers.o)
    0x08005f46   0x08005f46   0x00000002   PAD
    0x08005f48   0x08005f48   0x0000000c   Code   RO         9868    i.__set_errno       mc_w.l(errno.o)
    0x08005f54   0x08005f54   0x000001d0   Code   RO         9233    i.accel_comple_filter  AHRS.lib(ahrs.o)
    0x08006124   0x08006124   0x0000018c   Code   RO         9234    i.accel_update_kp_ki  AHRS.lib(ahrs.o)
    0x080062b0   0x080062b0   0x00000024   Code   RO         9075    i.angle_table_init  motor_control.o
    0x080062d4   0x080062d4   0x0000016c   Code   RO         9235    i.angle_to_quat     AHRS.lib(ahrs.o)
    0x08006440   0x08006440   0x000000b8   Code   RO         7122    i.buzzer_init       buzzer.o
    0x080064f8   0x080064f8   0x00000010   Code   RO         7123    i.buzzer_off        buzzer.o
    0x08006508   0x08006508   0x0000001c   Code   RO         7124    i.buzzer_on         buzzer.o
    0x08006524   0x08006524   0x0000006c   Code   RO         9076    i.calc_turn_angle   motor_control.o
    0x08006590   0x08006590   0x000000ec   Code   RO         8101    i.cali_data_read    calibrate_task.o
    0x0800667c   0x0800667c   0x0000001e   Code   RO         8103    i.cali_gimbal_hook  calibrate_task.o
    0x0800669a   0x0800669a   0x00000002   PAD
    0x0800669c   0x0800669c   0x0000005c   Code   RO         8104    i.cali_gyro_hook    calibrate_task.o
    0x080066f8   0x080066f8   0x00000054   Code   RO         8105    i.cali_head_hook    calibrate_task.o
    0x0800674c   0x0800674c   0x000000b8   Code   RO         8106    i.cali_param_init   calibrate_task.o
    0x08006804   0x08006804   0x00000144   Code   RO         8323    i.chassis_key_process  chassis_task.o
    0x08006948   0x08006948   0x00000050   Code   RO         8324    i.chassis_mecanum_calc  chassis_task.o
    0x08006998   0x08006998   0x00000002   Code   RO         8325    i.chassis_mode_change_save  chassis_task.o
    0x0800699a   0x0800699a   0x00000002   PAD
    0x0800699c   0x0800699c   0x0000003c   Code   RO         8326    i.chassis_move_time_process  chassis_task.o
    0x080069d8   0x080069d8   0x00000114   Code   RO         8327    i.chassis_rc_process  chassis_task.o
    0x08006aec   0x08006aec   0x00000062   Code   RO         8328    i.chassis_task      chassis_task.o
    0x08006b4e   0x08006b4e   0x00000002   PAD
    0x08006b50   0x08006b50   0x00000034   Code   RO         9191    i.communication_Init  communication_task.o
    0x08006b84   0x08006b84   0x00000016   Code   RO         9192    i.communication_task  communication_task.o
    0x08006b9a   0x08006b9a   0x00000002   PAD
    0x08006b9c   0x08006b9c   0x0000006c   Code   RO         7194    i.delay_init        delay.o
    0x08006c08   0x08006c08   0x00000050   Code   RO         7195    i.delay_ms          delay.o
    0x08006c58   0x08006c58   0x00000050   Code   RO         7196    i.delay_us          delay.o
    0x08006ca8   0x08006ca8   0x00000078   Code   RO         9077    i.ecd_angle_format  motor_control.o
    0x08006d20   0x08006d20   0x00000054   Code   RO         6772    i.first_order_filter_cali  user_lib.o
    0x08006d74   0x08006d74   0x00000024   Code   RO         6774    i.first_order_filter_init  user_lib.o
    0x08006d98   0x08006d98   0x00000020   Code   RO         7265    i.flash_read        flash.o
    0x08006db8   0x08006db8   0x00000018   Code   RO         7416    i.flow_led_off      led.o
    0x08006dd0   0x08006dd0   0x0000002a   Code   RO         6775    i.fp32_constrain    user_lib.o
    0x08006dfa   0x08006dfa   0x00000002   PAD
    0x08006dfc   0x08006dfc   0x00000144   Code   RO         7333    i.fric_PWM_configuration  fric.o
    0x08006f40   0x08006f40   0x0000001c   Code   RO         7334    i.fric_off          fric.o
    0x08006f5c   0x08006f5c   0x00000038   Code   RO         7079    i.get_ADC           adc.o
    0x08006f94   0x08006f94   0x00000008   Code   RO         8983    i.get_AUTO_control_point  minipc.o
    0x08006f9c   0x08006f9c   0x00000018   Code   RO         8223    i.get_Chassis_Motor_Measure_Point  can_receive.o
    0x08006fb4   0x08006fb4   0x00000008   Code   RO         8723    i.get_INS_Data_point  ins_task.o
    0x08006fbc   0x08006fbc   0x00000008   Code   RO         8724    i.get_INS_angle_point  ins_task.o
    0x08006fc4   0x08006fc4   0x00000008   Code   RO         8726    i.get_MPU6500_Gyro_Data_Point  ins_task.o
    0x08006fcc   0x08006fcc   0x00000008   Code   RO         8224    i.get_Pitch_Gimbal_Motor_Measure_Point  can_receive.o
    0x08006fd4   0x08006fd4   0x0000002c   Code   RO         9042    i.get_Robot_Type_Judge  judge_system.o
    0x08007000   0x08007000   0x00000008   Code   RO         8226    i.get_Yaw_Gimbal_Motor_Measure_Point  can_receive.o
    0x08007008   0x08007008   0x000000e8   Code   RO         9236    i.get_angle         AHRS.lib(ahrs.o)
    0x080070f0   0x080070f0   0x00000010   Code   RO         9044    i.get_bullet_speed  judge_system.o
    0x08007100   0x08007100   0x0000000c   Code   RO         8109    i.get_control_temperate  calibrate_task.o
    0x0800710c   0x0800710c   0x00000008   Code   RO         8564    i.get_gimbal_pitch_motor_point  gimbal_task.o
    0x08007114   0x08007114   0x0000000c   Code   RO         8565    i.get_gimbal_pitch_offset_angle  gimbal_task.o
    0x08007120   0x08007120   0x0000000c   Code   RO         8566    i.get_gimbal_relative_angle  gimbal_task.o
    0x0800712c   0x0800712c   0x00000008   Code   RO         8567    i.get_gimbal_yaw_motor_point  gimbal_task.o
    0x08007134   0x08007134   0x0000000c   Code   RO         8568    i.get_gimbal_yaw_offset_angle  gimbal_task.o
    0x08007140   0x08007140   0x00000008   Code   RO         9117    i.get_remote_control_point  rc_dt7.o
    0x08007148   0x08007148   0x0000005c   Code   RO         7080    i.get_temprate      adc.o
    0x080071a4   0x080071a4   0x0000000c   Code   RO         8569    i.get_vision_mode   gimbal_task.o
    0x080071b0   0x080071b0   0x00000068   Code   RO         8570    i.gimbal_auto_process  gimbal_task.o
    0x08007218   0x08007218   0x00000064   Code   RO         8571    i.gimbal_buff_anti_process  gimbal_task.o
    0x0800727c   0x0800727c   0x0000004c   Code   RO         9193    i.gimbal_debug_send  communication_task.o
    0x080072c8   0x080072c8   0x0000003c   Code   RO         8572    i.gimbal_mode_change_save  gimbal_task.o
    0x08007304   0x08007304   0x00000064   Code   RO         8573    i.gimbal_mouse_process  gimbal_task.o
    0x08007368   0x08007368   0x000000e4   Code   RO         8575    i.gimbal_rc_process  gimbal_task.o
    0x0800744c   0x0800744c   0x000000ac   Code   RO         9078    i.gyro_angle_format  motor_control.o
    0x080074f8   0x080074f8   0x00000068   Code   RO         6631    i.gyro_offset       mpu6500driver.o
    0x08007560   0x08007560   0x00000014   Code   RO         9079    i.i_ecd_del         motor_control.o
    0x08007574   0x08007574   0x00000058   Code   RO         6534    i.ist8310_GPIO_init  ist8310driver_middleware.o
    0x080075cc   0x080075cc   0x0000002c   Code   RO         6536    i.ist8310_IIC_read_single_reg  ist8310driver_middleware.o
    0x080075f8   0x080075f8   0x00000024   Code   RO         6538    i.ist8310_IIC_write_single_reg  ist8310driver_middleware.o
    0x0800761c   0x0800761c   0x00000010   Code   RO         6539    i.ist8310_RST_H     ist8310driver_middleware.o
    0x0800762c   0x0800762c   0x00000010   Code   RO         6540    i.ist8310_RST_L     ist8310driver_middleware.o
    0x0800763c   0x0800763c   0x00000018   Code   RO         6541    i.ist8310_auto_com_by_mpu6500  ist8310driver_middleware.o
    0x08007654   0x08007654   0x00000002   Code   RO         6542    i.ist8310_com_init  ist8310driver_middleware.o
    0x08007656   0x08007656   0x0000000c   Code   RO         6543    i.ist8310_delay_ms  ist8310driver_middleware.o
    0x08007662   0x08007662   0x0000000c   Code   RO         6544    i.ist8310_delay_us  ist8310driver_middleware.o
    0x0800766e   0x0800766e   0x00000002   PAD
    0x08007670   0x08007670   0x00000090   Code   RO         6499    i.ist8310_init      ist8310driver.o
    0x08007700   0x08007700   0x00000084   Code   RO         6501    i.ist8310_read_over  ist8310driver.o
    0x08007784   0x08007784   0x00000034   Code   RO         9118    i.key_dealwith      rc_dt7.o
    0x080077b8   0x080077b8   0x000000b2   Code   RO         9119    i.key_scan          rc_dt7.o
    0x0800786a   0x0800786a   0x00000002   PAD
    0x0800786c   0x0800786c   0x0000003c   Code   RO         7376    i.laser_configuration  laser.o
    0x080078a8   0x080078a8   0x00000014   Code   RO         7378    i.laser_on          laser.o
    0x080078bc   0x080078bc   0x00000070   Code   RO         7419    i.led_configuration  led.o
    0x0800792c   0x0800792c   0x00000014   Code   RO         7420    i.led_green_off     led.o
    0x08007940   0x08007940   0x00000014   Code   RO         7423    i.led_red_off       led.o
    0x08007954   0x08007954   0x0000001e   Code   RO         6880    i.main              main.o
    0x08007972   0x08007972   0x00000002   PAD
    0x08007974   0x08007974   0x00000034   Code   RO         6685    i.mpu6500_GPIO_init  mpu6500driver_middleware.o
    0x080079a8   0x080079a8   0x00000010   Code   RO         6686    i.mpu6500_SPI_NS_H  mpu6500driver_middleware.o
    0x080079b8   0x080079b8   0x00000010   Code   RO         6687    i.mpu6500_SPI_NS_L  mpu6500driver_middleware.o
    0x080079c8   0x080079c8   0x00000054   Code   RO         6688    i.mpu6500_SPI_read_write_byte  mpu6500driver_middleware.o
    0x08007a1c   0x08007a1c   0x00000008   Code   RO         6689    i.mpu6500_com_init  mpu6500driver_middleware.o
    0x08007a24   0x08007a24   0x000000c4   Code   RO         6632    i.mpu6500_init      mpu6500driver.o
    0x08007ae8   0x08007ae8   0x0000000c   Code   RO         6690    i.mpu6500_middleware_delay_ms  mpu6500driver_middleware.o
    0x08007af4   0x08007af4   0x0000000c   Code   RO         6691    i.mpu6500_middleware_delay_us  mpu6500driver_middleware.o
    0x08007b00   0x08007b00   0x00000140   Code   RO         6635    i.mpu6500_read_over  mpu6500driver.o
    0x08007c40   0x08007c40   0x00000020   Code   RO         6693    i.mpu6500_read_single_reg  mpu6500driver_middleware.o
    0x08007c60   0x08007c60   0x00000034   Code   RO         6694    i.mpu6500_write_muli_reg  mpu6500driver_middleware.o
    0x08007c94   0x08007c94   0x0000001c   Code   RO         6695    i.mpu6500_write_single_reg  mpu6500driver_middleware.o
    0x08007cb0   0x08007cb0   0x00000030   Code   RO         5779    i.pcTaskGetName     tasks.o
    0x08007ce0   0x08007ce0   0x00000048   Code   RO         7502    i.power_ctrl_configuration  power_ctrl.o
    0x08007d28   0x08007d28   0x00000020   Code   RO         7503    i.power_ctrl_off    power_ctrl.o
    0x08007d48   0x08007d48   0x00000020   Code   RO         7504    i.power_ctrl_on     power_ctrl.o
    0x08007d68   0x08007d68   0x00000098   Code   RO         5780    i.prvAddCurrentTaskToDelayedList  tasks.o
    0x08007e00   0x08007e00   0x000000b8   Code   RO         5781    i.prvAddNewTaskToReadyList  tasks.o
    0x08007eb8   0x08007eb8   0x00000064   Code   RO         6149    i.prvCheckForValidListAndQueue  timers.o
    0x08007f1c   0x08007f1c   0x00000064   Code   RO         5782    i.prvCheckTasksWaitingTermination  tasks.o
    0x08007f80   0x08007f80   0x0000002a   Code   RO         5544    i.prvCopyDataFromQueue  queue.o
    0x08007faa   0x08007faa   0x0000007c   Code   RO         5545    i.prvCopyDataToQueue  queue.o
    0x08008026   0x08008026   0x00000012   Code   RO         5783    i.prvDeleteTCB      tasks.o
    0x08008038   0x08008038   0x00000028   Code   RO         6150    i.prvGetNextExpireTime  timers.o
    0x08008060   0x08008060   0x0000007c   Code   RO         6279    i.prvHeapInit       heap_4.o
    0x080080dc   0x080080dc   0x00000028   Code   RO         5784    i.prvIdleTask       tasks.o
    0x08008104   0x08008104   0x0000002e   Code   RO         5547    i.prvInitialiseNewQueue  queue.o
    0x08008132   0x08008132   0x000000b4   Code   RO         5785    i.prvInitialiseNewTask  tasks.o
    0x080081e6   0x080081e6   0x00000002   PAD
    0x080081e8   0x080081e8   0x00000068   Code   RO         5786    i.prvInitialiseTaskLists  tasks.o
    0x08008250   0x08008250   0x00000068   Code   RO         6280    i.prvInsertBlockIntoFreeList  heap_4.o
    0x080082b8   0x080082b8   0x00000058   Code   RO         6152    i.prvInsertTimerInActiveList  timers.o
    0x08008310   0x08008310   0x0000001a   Code   RO         5548    i.prvIsQueueEmpty   queue.o
    0x0800832a   0x0800832a   0x0000001e   Code   RO         5549    i.prvIsQueueFull    queue.o
    0x08008348   0x08008348   0x00000090   Code   RO         5550    i.prvNotifyQueueSetContainer  queue.o
    0x080083d8   0x080083d8   0x00000064   Code   RO         6153    i.prvProcessExpiredTimer  timers.o
    0x0800843c   0x0800843c   0x000000f8   Code   RO         6154    i.prvProcessReceivedCommands  timers.o
    0x08008534   0x08008534   0x00000074   Code   RO         6155    i.prvProcessTimerOrBlockTask  timers.o
    0x080085a8   0x080085a8   0x00000034   Code   RO         5788    i.prvResetNextTaskUnblockTime  tasks.o
    0x080085dc   0x080085dc   0x0000002c   Code   RO         6156    i.prvSampleTimeNow  timers.o
    0x08008608   0x08008608   0x0000009e   Code   RO         5789    i.prvSearchForNameWithinSingleList  tasks.o
    0x080086a6   0x080086a6   0x00000002   PAD
    0x080086a8   0x080086a8   0x000000a0   Code   RO         6157    i.prvSwitchTimerLists  timers.o
    0x08008748   0x08008748   0x00000016   Code   RO         5790    i.prvTaskCheckFreeStackSpace  tasks.o
    0x0800875e   0x0800875e   0x00000002   PAD
    0x08008760   0x08008760   0x00000040   Code   RO         6329    i.prvTaskExitError  port.o
    0x080087a0   0x080087a0   0x0000001a   Code   RO         6158    i.prvTimerTask      timers.o
    0x080087ba   0x080087ba   0x00000092   Code   RO         5551    i.prvUnlockQueue    queue.o
    0x0800884c   0x0800884c   0x0000013c   Code   RO         6281    i.pvPortMalloc      heap_4.o
    0x08008988   0x08008988   0x00000020   Code   RO         5793    i.pvTaskIncrementMutexHeldCount  tasks.o
    0x080089a8   0x080089a8   0x0000002c   Code   RO         6330    i.pxPortInitialiseStack  port.o
    0x080089d4   0x080089d4   0x00000084   Code   RO         9241    i.quat_normalization  AHRS.lib(ahrs.o)
    0x08008a58   0x08008a58   0x00000014   Code   RO         9120    i.remote_control_init  rc_dt7.o
    0x08008a6c   0x08008a6c   0x0000003e   Code   RO         9833    i.sqrtf             m_wm.l(sqrtf_full.o)
    0x08008aaa   0x08008aaa   0x00000002   PAD
    0x08008aac   0x08008aac   0x0000002c   Code   RO         8936    i.startTast         start_task.o
    0x08008ad8   0x08008ad8   0x000000c8   Code   RO         8937    i.start_task        start_task.o
    0x08008ba0   0x08008ba0   0x0000003c   Code   RO         7895    i.super_cap_configuration  super_cap.o
    0x08008bdc   0x08008bdc   0x0000001c   Code   RO         7896    i.super_cap_none    super_cap.o
    0x08008bf8   0x08008bf8   0x0000000e   Code   RO         8576    i.switch_is_down    gimbal_task.o
    0x08008c06   0x08008c06   0x0000000e   Code   RO         8330    i.switch_is_mid     chassis_task.o
    0x08008c14   0x08008c14   0x0000000e   Code   RO         8577    i.switch_is_mid     gimbal_task.o
    0x08008c22   0x08008c22   0x0000000c   Code   RO         8331    i.switch_is_up      chassis_task.o
    0x08008c2e   0x08008c2e   0x0000000c   Code   RO         8578    i.switch_is_up      gimbal_task.o
    0x08008c3a   0x08008c3a   0x00000002   PAD
    0x08008c3c   0x08008c3c   0x0000002c   Code   RO         7081    i.temperature_ADC_Reset  adc.o
    0x08008c68   0x08008c68   0x00000054   Code   RO         7082    i.temperature_ADC_init  adc.o
    0x08008cbc   0x08008cbc   0x00000018   Code   RO         8457    i.toe_is_error      detect_task.o
    0x08008cd4   0x08008cd4   0x00000074   Code   RO         5794    i.ulTaskNotifyTake  tasks.o
    0x08008d48   0x08008d48   0x0000007a   Code   RO         9242    i.update_w          AHRS.lib(ahrs.o)
    0x08008dc2   0x08008dc2   0x00000028   Code   RO         5507    i.uxListRemove      list.o
    0x08008dea   0x08008dea   0x00000002   PAD
    0x08008dec   0x08008dec   0x00000028   Code   RO         5796    i.uxTaskGetStackHighWaterMark  tasks.o
    0x08008e14   0x08008e14   0x0000001a   Code   RO         5508    i.vListInitialise   list.o
    0x08008e2e   0x08008e2e   0x00000006   Code   RO         5509    i.vListInitialiseItem  list.o
    0x08008e34   0x08008e34   0x00000034   Code   RO         5510    i.vListInsert       list.o
    0x08008e68   0x08008e68   0x00000018   Code   RO         5511    i.vListInsertEnd    list.o
    0x08008e80   0x08008e80   0x00000054   Code   RO         6332    i.vPortEnterCritical  port.o
    0x08008ed4   0x08008ed4   0x0000003c   Code   RO         6333    i.vPortExitCritical  port.o
    0x08008f10   0x08008f10   0x00000094   Code   RO         6282    i.vPortFree         heap_4.o
    0x08008fa4   0x08008fa4   0x00000002   Code   RO         8509    i.vPortSetupTimerInterrupt  freertos_middleware.o
    0x08008fa6   0x08008fa6   0x00000002   PAD
    0x08008fa8   0x08008fa8   0x00000078   Code   RO         6334    i.vPortValidateInterruptPriority  port.o
    0x08009020   0x08009020   0x0000002c   Code   RO         5557    i.vQueueAddToRegistry  queue.o
    0x0800904c   0x0800904c   0x0000004a   Code   RO         5561    i.vQueueWaitForMessageRestricted  queue.o
    0x08009096   0x08009096   0x00000002   PAD
    0x08009098   0x08009098   0x0000005c   Code   RO         5802    i.vTaskDelay        tasks.o
    0x080090f4   0x080090f4   0x000000f4   Code   RO         5804    i.vTaskDelete       tasks.o
    0x080091e8   0x080091e8   0x0000000c   Code   RO         5808    i.vTaskMissedYield  tasks.o
    0x080091f4   0x080091f4   0x000000f0   Code   RO         5809    i.vTaskNotifyGiveFromISR  tasks.o
    0x080092e4   0x080092e4   0x00000038   Code   RO         5810    i.vTaskPlaceOnEventList  tasks.o
    0x0800931c   0x0800931c   0x00000040   Code   RO         5811    i.vTaskPlaceOnEventListRestricted  tasks.o
    0x0800935c   0x0800935c   0x000000b0   Code   RO         5813    i.vTaskPriorityInherit  tasks.o
    0x0800940c   0x0800940c   0x00000030   Code   RO         5817    i.vTaskSetTimeOutState  tasks.o
    0x0800943c   0x0800943c   0x00000094   Code   RO         5818    i.vTaskStartScheduler  tasks.o
    0x080094d0   0x080094d0   0x00000010   Code   RO         5820    i.vTaskSuspendAll   tasks.o
    0x080094e0   0x080094e0   0x0000008c   Code   RO         5821    i.vTaskSwitchContext  tasks.o
    0x0800956c   0x0800956c   0x0000013c   Code   RO         6335    i.xPortStartScheduler  port.o
    0x080096a8   0x080096a8   0x00000034   Code   RO         6336    i.xPortSysTickHandler  port.o
    0x080096dc   0x080096dc   0x00000058   Code   RO         5566    i.xQueueGenericCreate  queue.o
    0x08009734   0x08009734   0x000001c4   Code   RO         5567    i.xQueueGenericReceive  queue.o
    0x080098f8   0x080098f8   0x00000098   Code   RO         5568    i.xQueueGenericReset  queue.o
    0x08009990   0x08009990   0x000001c8   Code   RO         5569    i.xQueueGenericSend  queue.o
    0x08009b58   0x08009b58   0x00000108   Code   RO         5570    i.xQueueGenericSendFromISR  queue.o
    0x08009c60   0x08009c60   0x0000008c   Code   RO         5822    i.xTaskCheckForTimeOut  tasks.o
    0x08009cec   0x08009cec   0x00000060   Code   RO         5823    i.xTaskCreate       tasks.o
    0x08009d4c   0x08009d4c   0x000000a4   Code   RO         5827    i.xTaskGetHandle    tasks.o
    0x08009df0   0x08009df0   0x00000020   Code   RO         5828    i.xTaskGetSchedulerState  tasks.o
    0x08009e10   0x08009e10   0x0000000c   Code   RO         5829    i.xTaskGetTickCount  tasks.o
    0x08009e1c   0x08009e1c   0x00000148   Code   RO         5831    i.xTaskIncrementTick  tasks.o
    0x08009f64   0x08009f64   0x000000c8   Code   RO         5834    i.xTaskPriorityDisinherit  tasks.o
    0x0800a02c   0x0800a02c   0x00000098   Code   RO         5835    i.xTaskRemoveFromEventList  tasks.o
    0x0800a0c4   0x0800a0c4   0x00000104   Code   RO         5837    i.xTaskResumeAll    tasks.o
    0x0800a1c8   0x0800a1c8   0x00000054   Code   RO         6162    i.xTimerCreateTimerTask  timers.o
    0x0800a21c   0x0800a21c   0x00000084   Code   RO         6163    i.xTimerGenericCommand  timers.o
    0x0800a2a0   0x0800a2a0   0x0000000c   Data   RO         6502    .constdata          ist8310driver.o
    0x0800a2ac   0x0800a2ac   0x0000002a   Data   RO         6637    .constdata          mpu6500driver.o
    0x0800a2d6   0x0800a2d6   0x00000302   Data   RO         8060    .constdata          crc.o
    0x0800a5d8   0x0800a5d8   0x00000028   Data   RO         8333    .constdata          chassis_task.o
    0x0800a600   0x0800a600   0x00000008   Data   RO         8580    .constdata          gimbal_task.o
    0x0800a608   0x0800a608   0x00000030   Data   RO         8728    .constdata          ins_task.o
    0x0800a638   0x0800a638   0x0000000c   Data   RO         9243    .constdata          AHRS.lib(ahrs.o)
    0x0800a644   0x0800a644   0x00000804   Data   RO         9453    .constdata          arm_cortexM4lf_math.lib(arm_common_tables.o)
    0x0800ae48   0x0800ae48   0x00000020   Data   RO         9896    Region$$Table       anon$$obj.o


    Execution Region RW_IRAM1 (Exec base: 0x20000000, Load base: 0x0800ae68, Size: 0x000219e8, Max: 0x00030000, ABSOLUTE, COMPRESSED[0x000000e0])

    Exec Addr    Load Addr    Size         Type   Attr      Idx    E Section Name        Object

    0x20000000   COMPRESSED   0x00000014   Data   RW          190    .data               system_stm32f4xx.o
    0x20000014   COMPRESSED   0x00000010   Data   RW         3215    .data               stm32f4xx_rcc.o
    0x20000024   COMPRESSED   0x0000003c   Data   RW         5840    .data               tasks.o
    0x20000060   COMPRESSED   0x00000014   Data   RW         6169    .data               timers.o
    0x20000074   COMPRESSED   0x00000018   Data   RW         6287    .data               heap_4.o
    0x2000008c   COMPRESSED   0x0000000c   Data   RW         6337    .data               port.o
    0x20000098   COMPRESSED   0x00000001   Data   RW         6638    .data               mpu6500driver.o
    0x20000099   COMPRESSED   0x00000003   PAD
    0x2000009c   COMPRESSED   0x00000008   Data   RW         7197    .data               delay.o
    0x200000a4   COMPRESSED   0x00000008   Data   RW         7953    .data               usart.o
    0x200000ac   COMPRESSED   0x00000002   Data   RW         8061    .data               crc.o
    0x200000ae   COMPRESSED   0x00000002   PAD
    0x200000b0   COMPRESSED   0x00000054   Data   RW         8113    .data               calibrate_task.o
    0x20000104   COMPRESSED   0x00000001   Data   RW         8228    .data               can_receive.o
    0x20000105   COMPRESSED   0x00000003   PAD
    0x20000108   COMPRESSED   0x00000018   Data   RW         8334    .data               chassis_task.o
    0x20000120   COMPRESSED   0x00000008   Data   RW         8510    .data               freertos_middleware.o
    0x20000128   COMPRESSED   0x0000075f   Data   RW         8581    .data               gimbal_task.o
    0x20000887   COMPRESSED   0x00000001   PAD
    0x20000888   COMPRESSED   0x00000080   Data   RW         8729    .data               ins_task.o
    0x20000908   COMPRESSED   0x0000001c   Data   RW         8938    .data               start_task.o
    0x20000924   COMPRESSED   0x00000005   Data   RW         8985    .data               minipc.o
    0x20000929   COMPRESSED   0x00000031   Data   RW         9046    .data               judge_system.o
    0x2000095a   COMPRESSED   0x00000002   PAD
    0x2000095c   COMPRESSED   0x0000000c   Data   RW         9124    .data               rc_dt7.o
    0x20000968   COMPRESSED   0x0000000c   Data   RW         9196    .data               communication_task.o
    0x20000974   COMPRESSED   0x00000010   Data   RW         9244    .data               AHRS.lib(ahrs.o)
    0x20000984   COMPRESSED   0x00000004   Data   RW         9869    .data               mc_w.l(errno.o)
    0x20000988        -       0x00000040   Zero   RW         5581    .bss                queue.o
    0x200009c8        -       0x000002e4   Zero   RW         5839    .bss                tasks.o
    0x20000cac        -       0x00000028   Zero   RW         6168    .bss                timers.o
    0x20000cd4        -       0x00020000   Zero   RW         6286    .bss                heap_4.o
    0x20020cd4        -       0x0000012c   Zero   RW         7952    .bss                usart.o
    0x20020e00        -       0x0000009d   Zero   RW         8111    .bss                calibrate_task.o
    0x20020e9d   COMPRESSED   0x00000003   PAD
    0x20020ea0        -       0x00000084   Zero   RW         8227    .bss                can_receive.o
    0x20020f24        -       0x00000234   Zero   RW         8332    .bss                chassis_task.o
    0x20021158        -       0x00000144   Zero   RW         8458    .bss                detect_task.o
    0x2002129c        -       0x000000c0   Zero   RW         8579    .bss                gimbal_task.o
    0x2002135c        -       0x00000148   Zero   RW         8727    .bss                ins_task.o
    0x200214a4        -       0x00000026   Zero   RW         8984    .bss                minipc.o
    0x200214ca        -       0x00000066   Zero   RW         9045    .bss                judge_system.o
    0x20021530        -       0x00000084   Zero   RW         9123    .bss                rc_dt7.o
    0x200215b4        -       0x00000034   Zero   RW         9194    .bss                communication_task.o
    0x200215e8        -       0x00000400   Zero   RW            1    STACK               startup_stm32f427xx.o


==============================================================================

Image component sizes


      Code (inc. data)   RO Data    RW Data    ZI Data      Debug   Object Name

       276         26          0          0          0       2270   adc.o
       196         12          0          0          0       5256   ahrs_middleware.o
       228         20          0          0          0       1887   buzzer.o
       638         42          0         84        157      17372   calibrate_task.o
       548         16          0          0          0       2094   can.o
       736         84          0          1        132       7799   can_receive.o
      3108        270         40         24        564      23707   chassis_task.o
       150         26          0         12         52       5745   communication_task.o
       286         18        770          2          0       4882   crc.o
         0          0          0          0          0       7200   croutine.o
       268         26          0          8          0       2159   delay.o
       316          8          0          0        324       4378   detect_task.o
         0          0          0          0          0      11824   event_groups.o
       136          6          0          0          0        712   exit_init.o
        32          0          0          0          0       1069   flash.o
        66          8          0          8          0       2382   freertos_middleware.o
       352         22          0          0          0       1292   fric.o
      4558        342          8       1887        192      21506   gimbal_task.o
       692         62          0         24     131072       4419   heap_4.o
      1716        230         48        128        328      12225   ins_task.o
       276         10         12          0          0       2531   ist8310driver.o
       250         24          0          0          0       5644   ist8310driver_middleware.o
       560         98          0         49        102       3226   judge_system.o
        80         12          0          0          0       1049   laser.o
       244         38          0          0          0       2629   led.o
       148          0          0          0          0       3230   list.o
       172          0          0          0          0       4006   main.o
       406         42          0          5         38       9854   minipc.o
       180         24          0          0          0       2033   misc.o
       456         26          0          0          0       4044   motor_control.o
       620         26         42          1          0       4257   mpu6500driver.o
       312         18          0          0          0       6479   mpu6500driver_middleware.o
       592          8          0          0          0       2366   pid.o
       922         86          0         12          0      11046   port.o
       136         18          0          0          0       1812   power_ctrl.o
      2088         22          0          0         64      17025   queue.o
       348         24          0          0          0       1770   rc.o
       830         42          0         12        132       4532   rc_dt7.o
       604         36          0          0          0       2675   spi.o
       244        110          0         28          0       2034   start_task.o
        52         14        428          0       1024        860   startup_stm32f427xx.o
       424         34          0          0          0       6553   stm32f4xx_adc.o
      1566         16          0          0          0       6326   stm32f4xx_can.o
       730         54          0          0          0       8586   stm32f4xx_dma.o
       184         16          0          0          0       2048   stm32f4xx_exti.o
       222          0          0          0          0       2823   stm32f4xx_gpio.o
        20          0          0          0          0     345525   stm32f4xx_it.o
       392         48          0         16          0       5765   stm32f4xx_rcc.o
       130          0          0          0          0       4031   stm32f4xx_spi.o
        64          4          0          0          0        644   stm32f4xx_syscfg.o
      1158        110          0          0          0      11056   stm32f4xx_tim.o
       714         42          0          0          0       7213   stm32f4xx_usart.o
        88         10          0          0          0       1107   super_cap.o
       392         32          0         20          0     325521   system_stm32f4xx.o
      3866        474          0         60        740      28866   tasks.o
       340         14          0          0          0       1552   timer.o
      1138        116          0         20         40      17303   timers.o
      1130         94          0          8        300      15386   usart.o
       162          4          0          0          0       2833   user_lib.o

    ----------------------------------------------------------------------
     36612       2964       1380       2420     135264    1026418   Object Totals
         0          0         32          0          0          0   (incl. Generated)
        70          0          0         11          3          0   (incl. Padding)

    ----------------------------------------------------------------------

      Code (inc. data)   RO Data    RW Data    ZI Data      Debug   Library Member Name

      2718         84         12         16          0       9922   ahrs.o
         0          0       2052          0          0       4636   arm_common_tables.o
       120         12          0          0          0      16970   arm_cos_f32.o
       116         12          0          0          0        658   arm_sin_f32.o
       300         42          0          0          0        176   asinf.o
       684         90          0          0          0        208   atan2f.o
        20          0          0          0          0        124   fabs.o
        38          0          0          0          0        116   fpclassifyf.o
        44         12          0          0          0        464   funder.o
        62          0          0          0          0        136   sqrtf_full.o
        86          0          0          0          0          0   __dczerorl2.o
         0          0          0          0          0          0   entry.o
         0          0          0          0          0          0   entry10a.o
         0          0          0          0          0          0   entry11a.o
         4          0          0          0          0          0   entry12b.o
         8          4          0          0          0          0   entry2.o
         4          0          0          0          0          0   entry5.o
         0          0          0          0          0          0   entry7b.o
         0          0          0          0          0          0   entry8b.o
         8          4          0          0          0          0   entry9a.o
        12          6          0          4          0         68   errno.o
        30          0          0          0          0          0   handlers.o
        36          8          0          0          0         68   init.o
         0          0          0          0          0          0   iusefp.o
        36          0          0          0          0         68   memcpya.o
        36          0          0          0          0        108   memseta.o
        14          0          0          0          0         68   strlen.o
        56          0          0          0          0         88   d2f.o
        38          0          0          0          0         68   f2d.o
       110          0          0          0          0        168   fepilogue.o

    ----------------------------------------------------------------------
      4592        274       2064         20          0      34114   Library Totals
        12          0          0          0          0          0   (incl. Padding)

    ----------------------------------------------------------------------

      Code (inc. data)   RO Data    RW Data    ZI Data      Debug   Library Name

      2718         84         12         16          0       9922   AHRS.lib
       236         24       2052          0          0      22264   arm_cortexM4lf_math.lib
      1148        144          0          0          0       1224   m_wm.l
       274         22          0          4          0        380   mc_w.l
       204          0          0          0          0        324   mf_w.l

    ----------------------------------------------------------------------
      4592        274       2064         20          0      34114   Library Totals

    ----------------------------------------------------------------------

==============================================================================


      Code (inc. data)   RO Data    RW Data    ZI Data      Debug   

     41204       3238       3444       2440     135264    1024208   Grand Totals
     41204       3238       3444        224     135264    1024208   ELF Image Totals (compressed)
     41204       3238       3444        224          0          0   ROM Totals

==============================================================================

    Total RO  Size (Code + RO Data)                44648 (  43.60kB)
    Total RW  Size (RW Data + ZI Data)            137704 ( 134.48kB)
    Total ROM Size (Code + RO Data + RW Data)      44872 (  43.82kB)

==============================================================================

