<html>
<body>
<pre>
<h1>µVision Build Log</h1>
<h2>Tool Versions:</h2>
IDE-Version: ¦ÌVision V5.33.0.0
Copyright (C) 2020 ARM Ltd and ARM Germany GmbH. All rights reserved.
License Information: S x, HP Inc., LIC=TIVDY-I0V3J-H8AFS-LNJUA-CFL8E-E8IHU
 
Tool Versions:
Toolchain:       MDK-ARM Plus  Version: 5.33.0.0
Toolchain Path:  D:\Keil v5\ARM\ARMCC\Bin
C Compiler:      Armcc.exe V5.06 update 7 (build 960)
Assembler:       Armasm.exe V5.06 update 7 (build 960)
Linker/Locator:  ArmLink.exe V5.06 update 7 (build 960)
Library Manager: ArmAr.exe V5.06 update 7 (build 960)
Hex Converter:   FromElf.exe V5.06 update 7 (build 960)
CPU DLL:         SARMCM3.DLL V5.33.0.0
Dialog DLL:      DARMSTM.DLL V1.68.0.0
Target DLL:      STLink\ST-LINKIII-KEIL_SWO.dll V3.0.8.0
Dialog DLL:      TCM.DLL V1.48.0.0
 
<h2>Project:</h2>
F:\ROBOMASTER\RM\²½±ø\standard004-1\Project\standard.uvprojx
Project File Date:  04/17/2022

<h2>Output:</h2>
*** Using Compiler 'V5.06 update 7 (build 960)', folder: 'D:\Keil v5\ARM\ARMCC\Bin'
Build target 'standard'
compiling gimbal_task.c...
..\user\APP\gimbal_task\gimbal_task.c(225): warning:  #188-D: enumerated type mixed with another type
  			gimbal_info.vision_mode = ~gimbal_info.vision_mode;
..\user\APP\gimbal_task\gimbal_task.c(34): warning:  #177-D: variable "yaw_ecd_speed_mouse_pid"  was declared but never referenced
  static PidTypeDef yaw_ecd_speed_mouse_pid = { PID_POSITION, YAW_ECD_SPEED_MOUSE_PID_Init };
..\user\APP\gimbal_task\gimbal_task.c(35): warning:  #177-D: variable "yaw_ecd_angle_mouse_pid"  was declared but never referenced
  static PidTypeDef yaw_ecd_angle_mouse_pid = { PID_POSITION, YAW_ECD_ANGLE_MOUSE_PID_Init };
..\user\APP\gimbal_task\gimbal_task.c(36): warning:  #177-D: variable "yaw_gyro_speed_mouse_pid"  was declared but never referenced
  static PidTypeDef yaw_gyro_speed_mouse_pid = { PID_POSITION, YAW_GYRO_SPEED_MOUSE_PID_Init };
..\user\APP\gimbal_task\gimbal_task.c(37): warning:  #177-D: variable "yaw_gyro_angle_mouse_pid"  was declared but never referenced
  static PidTypeDef yaw_gyro_angle_mouse_pid = { PID_POSITION, YAW_GYRO_ANGLE_MOUSE_PID_Init };
..\user\APP\gimbal_task\gimbal_task.c(39): warning:  #177-D: variable "pitch_ecd_speed_mouse_pid"  was declared but never referenced
  static PidTypeDef pitch_ecd_speed_mouse_pid = { PID_POSITION, PITCH_ECD_SPEED_MOUSE_PID_Init };
..\user\APP\gimbal_task\gimbal_task.c(40): warning:  #177-D: variable "pitch_ecd_angle_mouse_pid"  was declared but never referenced
  static PidTypeDef pitch_ecd_angle_mouse_pid = { PID_POSITION, PITCH_ECD_ANGLE_MOUSE_PID_Init };
..\user\APP\gimbal_task\gimbal_task.c(580): warning:  #177-D: function "gimbal_pitch_limit"  was declared but never referenced
  static void gimbal_pitch_limit(fp32 *pitch_angle)
..\user\APP\gimbal_task\gimbal_task.c: 8 warnings, 0 errors
linking...
Program Size: Code=40596 RO-data=3444 RW-data=2428 ZI-data=135116  
FromELF: creating hex file...
".\Objects\infantry.axf" - 0 Error(s), 8 Warning(s).

<h2>Software Packages used:</h2>

Package Vendor: Keil
                http://www.keil.com/pack/Keil.STM32F4xx_DFP.2.15.0.pack
                Keil.STM32F4xx_DFP.2.15.0
                STMicroelectronics STM32F4 Series Device Support, Drivers and Examples

<h2>Collection of Component include folders:</h2>
  D:\Keil v5\ARM\PACK\Keil\STM32F4xx_DFP\2.15.0\Drivers\CMSIS\Device\ST\STM32F4xx\Include

<h2>Collection of Component Files used:</h2>
Build Time Elapsed:  00:00:02
</pre>
</body>
</html>
