<html>
<body>
<pre>
<h1>µVision Build Log</h1>
<h2>Tool Versions:</h2>
IDE-Version: ¦ÌVision V5.33.0.0
Copyright (C) 2020 ARM Ltd and ARM Germany GmbH. All rights reserved.
License Information: S x, HP Inc., LIC=TIVDY-I0V3J-H8AFS-LNJUA-CFL8E-E8IHU
 
Tool Versions:
Toolchain:       MDK-ARM Plus  Version: 5.33.0.0
Toolchain Path:  D:\Keil v5\ARM\ARMCC\Bin
C Compiler:      Armcc.exe V5.06 update 7 (build 960)
Assembler:       Armasm.exe V5.06 update 7 (build 960)
Linker/Locator:  ArmLink.exe V5.06 update 7 (build 960)
Library Manager: ArmAr.exe V5.06 update 7 (build 960)
Hex Converter:   FromElf.exe V5.06 update 7 (build 960)
CPU DLL:         SARMCM3.DLL V5.33.0.0
Dialog DLL:      DCM.DLL V1.17.3.0
Target DLL:      STLink\ST-LINKIII-KEIL_SWO.dll V3.0.8.0
Dialog DLL:      TCM.DLL V1.48.0.0
 
<h2>Project:</h2>
F:\ROBOMASTER\RM\²½±ø\RM2022_notos_Infantry\Infantry_002\Project\notos_Infantry.uvprojx
Project File Date:  05/26/2022

<h2>Output:</h2>
*** Using Compiler 'V5.06 update 7 (build 960)', folder: 'D:\Keil v5\ARM\ARMCC\Bin'
Build target 'notos'
compiling communication_task.c...
..\User\TASK\communication_task\communication_task.c(13): warning:  #177-D: variable "send_buff"  was declared but never referenced
  static fp32 send_buff[COMMUNICATION_LENGTH];
..\User\TASK\communication_task\communication_task.c(17): warning:  #177-D: variable "chassis_control"  was declared but never referenced
  static const Chassis_Control_s *chassis_control;
..\User\TASK\communication_task\communication_task.c(47): warning:  #177-D: function "chassis_debug_send"  was declared but never referenced
  static void chassis_debug_send(void)
..\User\TASK\communication_task\communication_task.c(72): warning:  #177-D: function "buff_clean"  was declared but never referenced
  static void buff_clean(void)
..\User\TASK\communication_task\communication_task.c: 4 warnings, 0 errors
linking...
Program Size: Code=41212 RO-data=3444 RW-data=2444 ZI-data=135268  
FromELF: creating hex file...
".\Objects\ntos_sentry.axf" - 0 Error(s), 4 Warning(s).

<h2>Software Packages used:</h2>

Package Vendor: Keil
                http://www.keil.com/pack/Keil.STM32F4xx_DFP.2.15.0.pack
                Keil.STM32F4xx_DFP.2.15.0
                STMicroelectronics STM32F4 Series Device Support, Drivers and Examples

<h2>Collection of Component include folders:</h2>
  D:\Keil v5\ARM\PACK\Keil\STM32F4xx_DFP\2.15.0\Drivers\CMSIS\Device\ST\STM32F4xx\Include

<h2>Collection of Component Files used:</h2>
Build Time Elapsed:  00:00:09
</pre>
</body>
</html>
